{
    "product": {
        "childAgeBegin": "0",
        "childAgeEnd": "10",
        "childHasBed": 0,
        "childHasTraffic": 0,
        "childHeightBegin": "",
        "childHeightEnd": "",
        "childRule": "",
        "departureCityName": "上海",
        "departureCountryName": "中国",
        "departureProvinceNam": "",
        "dests": [
            {
                "countryName": "",
                "destCityName": "",
                "destProvinceName": ""
            }
        ],
        "insurance": [
            {
                "content": "",
                "name": "旅行社责任保险",
                "typeName": ""
            }
        ],
        "insuranceIncluded": 1,
        "markets": [
            {
                "name": "亲近自然"
            }
        ],
        "productSubtitle": "",
        "productTitle": "100% PURE”亲近自然 ——新西兰南北岛冰川观星 12 日参考行程 MU",
        "returnCityName": "上海",
        "tags": [
            {
                "name": "新西兰"
            }
        ],
        "themes": [
            {
                "name": "新西兰南北岛冰川观星 12 日"
            }
        ]
    },
    "line": {
        "backAirports": [
            {
                "airlineCode": "MU",
                "airlineName": "中国东方航空公司",
                "arriveAirportName": "PVG",
                "arriveTime": "05：30",
                "days": "+1",
                "flightNo": "MU780",
                "flightSort": "",
                "startAirportName": "AKL",
                "startTime": "21:00"
            }
        ],
        "backTransportName": "飞机",
        "goAirports": [
            {
                "airlineCode": "MU",
                "airlineName": "中国东方航空公司",
                "arriveAirportName": "AKL",
                "arriveTime": "15:45",
                "days": "0",
                "flightNo": "MU779",
                "flightSort": "",
                "startAirportName": "PVG",
                "startTime": "00:15"
            }
        ],
        "goTransportName": "飞机",
        "hotelStarName": "四星",
        "lineFeature": "",
        "lineSimpleTitle": "",
        "lineSortTitle": "",
        "lineTitle": "",
        "needVisa": 1,
        "passCities": [
            {
                "cityName": "",
                "countryName": "",
                "provinceName": ""
            }
        ],
        "tripDays": "12",
        "tripNight": "9",
        "visaBasic": {
            "postAddress": "",
            "postContact": "",
            "postPhone": "",
            "visas": [
                {
                    "content": "",
                    "country": "",
                    "district": "",
                    "freeVisa": "0",
                    "signPlace": ""
                }
            ]
        }
    },
    "cal": {
        "channelPut": [
            {
                "adultSalePrice": "",
                "childSalePrice": "",
                "sellRemark": ""
            }
        ],
        "departDate": [
            ""
        ]
    },
    "cost": {
        "bookRule": "",
        "costExclude": "1. 护照费用 2. 酒店房间内的迷你吧餐饮、电话、传真、洗衣、付费电视、行李搬运、等费用; 3. 个人消费及私人费用：如电话、饮料、烟酒等。 4. 服务项目未提及的一切费用：例如展会、缆车、自费、因违返当地法律法规涉及的罚款等。 5. 机场候机、转机的休息室或餐费等。 6. 签证相关的保险及公证、认证等相关费用。 7. 自身疾病或意外伤害引起的医疗救助、用车、住宿、陪同、翻译等费用及相关的人身及财产损失。请 您自行投保旅游人身意外伤害保险。 8. 旅游费用不包含旅游者因违约、自身过错、违反当地法律法规、自由活动期间内的行为引起的人身和 财产损失。 9. 因不可抗力产生的额外费用; 10. 行李超重费用 11. 单人房差",
        "costInclude": "1. 新西兰 ADS 团队另纸签证费 2. 机票：全国各地上海/新西兰国际往返机票及新西兰境内段机票，团体经济舱，含机场建设税； 3. 酒店：四星级酒店或公寓，（南岛小镇，展会或者大型活动期间酒店个别站酒店会有三星情况出现） 含西式早餐或早餐盒。 住宿说明： a) 四星级酒店或公寓（南岛小镇，展会或者大型活动期间酒店个别站酒店会有三星情况出现）。（酒 店星级以当地酒店评定为准）遇散客拼团，若团体出现单间我社有权调整夫妻及亲属住宿安排或 调整单人住三人间（三人间为三张单人床或加床为钢丝床）。全程入住指定的标准酒店双标房， 全程不提供自然单间，单房差需自理。（夫妻同行，原则上安排一间房，团队如出现单男单女， 导游有权拆夫妻，对团队房间安排进行调整，如果有单男单女情况出现（包括领队），则提供 3 人间或领队加床处理）。旺季酒店房间紧张，夫妻一间房会默认安排大床房。 b) 澳新酒店的床都比较短窄，建议您不要同孩子一起睡一张床，影响您或同屋客人的休息。根据酒 店的规定每个标间可接待两大人带一个 10 岁以下儿童（不占床），具体费用根据所报团队情况而定； 若一个大人带一个 10 岁以下儿童参团，建议住一标间，以免给其他游客休息造成不便； c) 澳大利亚和新西兰酒店的双人标准间一般为两张 80CM 的单人床，有些会设置为一张双人床+一 张沙发床或一张双人床+一张单人床形式；以方便有小孩的家庭入住，还有些酒店双标间只设置一张 大床，放置双份床上用品，有时是两张单人床拼在一起，用时可以拉开等情况。 d) 澳大利亚和新西兰酒店有时可能安排同等级的公寓住宿；一般为两室一厅的形式供 4 位客人入住， 早餐一般送餐到房间：中式或西式早餐，但根据地域不同，早餐的餐品或有差异。 4. 境外旅游巴士标准： 人数 车型 对应司导服务 6-10 人 12 座车 司机兼导游 11-15 人 18 座车 司机兼导游 16-19 人 21 座车 司机兼导游 20-22 人 25 座车 司机兼导游 23-28 人 30 座车 司机兼导游 29-31 人 33-35 座车 司机兼导游 32-38 人 40 座 司机兼导游 39 人以上 45 座 司机兼导游 5. 正餐为中式桌餐,午晚餐：八菜一汤。10-12 人一桌（自助餐及特色餐除外）用餐标准： a)行程所列餐食：午晚餐为中式桌餐（或同标准自助餐或特色餐）：午晚餐为八菜一汤，10-12 人 一桌（自助餐或特色餐除外）；用餐时间在飞机或船上以机船餐为准,不再另退餐费；澳大利亚和新 西兰境内的早餐均为酒店内早餐。如果不用餐，费用不退；如遇到早航班，一般安排早餐盒或快餐。 具体根据航班时间而定。 b)行程中未列餐食以飞机上用餐为准。飞机餐食标准以各个航空公司规定为准。 C) 退餐标准：午餐 15 纽币/人，晚餐 20 纽币/人. D) 行程所列餐食自理的，以行程所列为准，不在另行退费 6. 行程所列景点入园门票 行程说明： a) 本社有权调整行程中景点的先后顺序，但游览内容不会减少，标准不会降低。 b) 根据国际航班团队搭乘要求，团队通常须提前 3-3.5 小时到达机场办理登机手续，故国际段 航班在当地下午 15 点前（含 15 点），晚间 21 点前（含 21 点）起飞的，行程均不含午餐或晚 餐 景点标准： a) 行程中标明“入内参观”的景点时间请见行程中的描述，时间仅供参考，实际时间以具体行 程游览时间为准；“停留参观”的景点时间我社可根据具体行程安排做适当的调整；“外观”及 “远观”的景点均不入内，停留时间视具体游览时间情况而定。“途径”的景点均不下车；本社 有权根据具体团队情况调整行程中景点的先后游览顺序，但游览内容不减少。 b) 我社郑重承诺，行程中“入内”及“停留”的游览时间约为实际游览时间 7. 保险说明：我社根据旅游局的规定投保了“旅行社责任保险”，团费中不包含境外旅行意外伤害保险 等，考虑到出行风险，建议游客自行投保人身或财产保险。 8. 司导服务费",
        "lineReturns": [
            {
                "begin": "",
                "cost": "",
                "end": ""
            }
        ],
        "otherRule": "",
        "returnContent": "a) 如遇天气、战争、罢工、地震等人力不可抗力因素无法游览，我社将按照旅行社协议，退还未游览 景点门票费用，但赠送项目费用不退； b) 由于团队行程中所有住宿、用车、景点门票等均为旅行社打包整体销售，因此若旅游者因自身原 因未能游览参观的则视为自动放弃权利，旅行社将无法退还费用； c) 航空公司的三不准原则“不退、不签转、不改”。参团机票为团队折扣票，团队折扣票执行航空 公司三不准的规定。如因自身原因取消行程所产生的机票及其它损失须由旅游者自身承担，旅行 社不予退还； d) 澳大利亚内陆段机票选用 VA 或 JQ 或 QF 或 TT 等，澳大利亚飞往新西兰的跨海航班选用：CI 或 VA 或 AR 或 LA 或 QF 或 NZ 或 EK 或 JQ 等，一旦出票无法取消。因航空公司不可抗力因 素如天气原因，机械故障等取消或更改航班的行为，我社会尽力协调处理，但无法承担相关责任",
        "selfCostContent": "根据旅游法合同规定，自愿购物和参加另行付费旅游项目约定，经旅游者与旅行社协商自愿参加另行付费 项目的，以另行签订的补充协议为准。 另外，有在公园内、船上、岛上推荐的自费项目，此销售行为为该公司独立经济行为，与我公司/我公司 领队/导游和司机无任何关系。请您在消费之前务必慎重考虑，一旦确认参加请直接支付相应费用，不要 交给领队、导游或者司机。如有您与自费项目方面产生任何纠纷，我公司将在能力范围内从中协调，但不 能承担任何赔偿负责。",
        "selfCosts": [
            {
                "address": "",
                "fee": "午餐：NZ$175/成人 晚餐：NZ$189/成人",
                "name": "TSS 蒸汽船游瓦卡蒂普湖+ 瓦特农庄 BBQ 餐",
                "remark": "温馨提示：您还可以在船上购买自己喜欢的茶、咖啡、及 各种茶点。建议您穿上外套或风衣 备注：蒸汽船运行时间根据季节变化有所不同，具体根据 当地实际预定为准。 5-14 岁儿童 NZ$89/人 5-14 岁儿童 NZ$95/人",
                "stay": ""
            },
            {
                "address": "",
                "fee": "NZ$159.00/成人 5-15 岁儿童 NZ$89/ 人",
                "name": "SHOTOVER JET 喷射快 艇–皇后镇",
                "remark": "费用包含：往返交通、船票、救生衣。 温馨提示: 1、以下情况不适于参加此项活动：怀孕；有颈、背疾病 的客人；儿童及老人等特殊年龄人群；一切不适合参加此 项活动的人群。 2、建议携带太阳镜或眼镜、外套、帽子、手套。",
                "stay": ""
            },
            {
                "address": "",
                "fee": "NZ$149/人 每个项目",
                "name": "OXBOX 三部曲(不含接送",
                "remark": "1. Claybird Shooting 陶土飞靶射击 2. UItimate off Roader 全地形终极越野车 3. Four Seater Jet Sptint Boat 极速喷射窭艇（心跳 指数五颗星）",
                "stay": ""
            },
            {
                "address": "",
                "fee": "NZ$120/人",
                "name": "探秘魔戒-格林诺奇半日游",
                "remark": "《指环王》电影取景地 格林诺奇蔚为壮观的风景使这里成为了电影大片的拍摄 地，《指环王》三部曲及 《纳尼亚传奇》都在此大量取景。距格林诺奇二十公里， 随着充满田园气息的农 田渐渐被山毛榉森林所取代，我们来到了天堂镇。这个名 字的来源众说纷纭，一 些人认为它得名于这里的自然魅力，而另一些人则说它是 因为栖息于此的天堂鸭 而得名。没有人可以确定它名字的由来，但这里令人窒息 的自然之美就得到了大 家的一致认同。。“这就是我一直幻想的中土世界，”伊 恩•麦凯伦爵士（甘道 夫）如此评论天堂镇。",
                "stay": ""
            },
            {
                "address": "",
                "fee": "NZ$290/成人 5-14 岁儿童 NZ$190/ 人",
                "name": "米佛峡湾一日游 (皇后镇巴士往返)",
                "remark": "费用包含：往返大巴交通、游轮船票。 整个时长约:10 小时 乘车前往有“世界第八大奇迹之称”的米佛峡湾(约 3.5 小时车程).途中游览荷马隧道，克莱德山谷，后进入峡湾 国家公园。乘座大型双体帆船进入峡湾景区(约 75 分钟)， 在船上可远眺高耸入云、壮观的米特雷峰，欣赏瀑布倾泻 而下形成的水雾，幸运的话还能看到南方长毛海豹。中午 于船上享用午餐。坐车返回皇后镇。",
                "stay": ""
            },
            {
                "address": "",
                "fee": "NZ$688/成人 4-14 岁儿童 NZ$499/ 人",
                "name": "米佛峡湾一日游 (皇后镇巴士去飞机回)",
                "remark": "费用包含：往返大巴交通、游轮船票。 整个时长约:10 小时 乘车前往有“世界第八大奇迹之称”的米佛峡湾(约 3.5 小时车程).途中游览荷马隧道，克莱德山谷，后进入峡湾 国家公园。乘座大型双体帆船进入峡湾景区(约 75 分钟)， 在船上可远眺高耸入云、壮观的米特雷峰，欣赏瀑布倾泻 而下形成的水雾，幸运的话还能看到南方长毛海豹。中午 于船上享用午餐。坐飞机返回皇后镇",
                "stay": ""
            },
            {
                "address": "",
                "fee": "NZ$335-NZ$515",
                "name": "NZONE SKY DIVE 跳伞-皇 后镇",
                "remark": "不包含摄影和摄像，具体价格请根据前台报价为准。 NZ$335（9000 英尺） NZ$415（12000 英尺） NZ$515（15000 英尺）",
                "stay": ""
            },
            {
                "address": "",
                "fee": "NZ$329/人（25 分钟） NZ$599/人（45 分钟） NZ$699/人（55 分钟）",
                "name": "库克山国家公园塔斯曼冰川 飞机",
                "remark": "塔斯曼冰川直升飞机或固定翼飞机",
                "stay": ""
            },
            {
                "address": "",
                "fee": "NZ$120/人",
                "name": "黑沙滩（鸟岛）半日游",
                "remark": "【穆里怀塘鹅栖息地】曾被【国家地理杂志】评为世界 30 大美景之一，也是 一个塘鹅栖息地，鸟类数量之多让人叹为观止，奥克兰本 地人将其称为“鸟岛”。 穆里怀沙滩是奥克兰著名的黑沙滩，海滩上的沙子都是极 细的闪着金光的黑沙， 阳光下一闪一闪的， 像星空一般。",
                "stay": ""
            }
        ],
        "shopContent": "",
        "shops": [
            {
                "address": "",
                "remark": "",
                "shopName": "",
                "shopProduct": "",
                "stay": ""
            }
        ],
        "tipsContent": "1. 团体旅游费用基于参团人数超过 16 人以上，低于此人数，旅游费用则需重新计算。 2. 行程中所列航班号及时间仅供参考，将根据实际情况做出合理的调整。 3. 黄金海岸和布里斯班的酒店根据航班时间和实际酒店预定情况做出适当的调整。 4. 行程中所注明的国家及城市之间飞行和车程的距离，仅供参考，视当地天气及交通状况进行调整。 5. 根据澳大利亚及新西兰法律规定，导游和司机每天工作时间不得超过 10 小时（包括休息时间）。 6. 参考行程和旅游费用，我公司将根据参团人数、航班、签证及目的地国临时变化保留调整的权利。 7. 请您在境外期间遵守当地的法律法规，以及注意自己的人身及财产安全。 8. 依照旅游业现行作业规定，本公司有权依据最终出团人数情况，调整房间分房情况。 9. 在游览期间进行一些可能有危险性的活动时，如潜水，海底漫步，直升飞机，摩托车，四驱车等自费 项目时，请您根据个人身体情况酌情选择游玩项目，注意自己的人身安全，如发生意外客人自己负责！ 10. 澳大利亚和新西兰主要流通货币为澳币和纽币，建议您出国前兑换好所需当地货币。如果您携带信用 卡，请在国内确认好已经激活才可以在境外使用！ 11. 澳大利亚同北京时间的时差冬令时快 2 个小时，夏令时快 3 个小时。 12. 新西兰同北京时间的时差冬令时快 4 个小时，夏令时快 5 个小时。 13. 乘坐任何交通工具请系好安全带，过马路请走斑马线，遵守当地交通法规。部分国家、地区车辆实行 靠左行驶的规则，与国内不同，请游客在过马路时先看右再看左，注意交通安全。乘坐船、快艇等水 上交通工具时，要穿好救生衣或套好救生圈。特别是大巴、快艇等行驶中请不要站立。 14. 遇到台风、火灾、洪水等自然灾害或政治动乱、战乱、意外伤害或遭遇突发事件时，应沉着冷静，及 时采取必要的自救措施，并听从领队和导游的合理安排，保护个人生命财产安全，并尽快撤离危险地 区。在境外可向中国使（领）馆寻求咨询和协助。 15. 海边游玩，不熟悉水性者，切勿独自下水，请勿超越安全警戒线。温泉项目安全提示：温泉场所内请 注意防滑、避免摔跤。有些病例不建议参与温泉项目。 16. 注意饮食安全，不购买和食用无证小商贩或地摊提供的食品。切勿贪吃生食、生海鲜，切勿暴饮暴食。 团队出行，建议不要喝酒。 17. 做好预防措施，携带一些常用必备药品，患病后要及时到医院就诊。请在目的地国海关允许的范围内 选择携带药品的种类和数量，特殊药品应请医生开具出方，并备齐药品外文说明书。 18. 正确使用酒店设施，注意做好防滑措施。睡觉前请锁好门窗。退房时，切勿遗忘行李物品。 19. 游览观光时，听从领队和导游按照合同所进行的合理指挥和安排，不要独自行动，不得擅自离团。单 独离队，须征得领队和导游同意，并随身携带当地所住酒店地址、电话、导游领队电话等信息，以免 发生意外。 20. 加强安全意识，尽量避免涉足过于危险的区域，防止意外事件的发生。夜间自由活动结伴而行，不要 乘坐无标识的车辆，不要围观交通事故、街头纠纷，不要晚归。 21. 旅游者不得以旅游质量为由，拒绝登机、上车（船），以免扩大旅游损失，否则将承担赔偿责任。 22.在境外不要参与赌博或进入色情场所。坚决抵制“法轮功”分子的虚假言论，不接受“法轮功”的宣 传品。在境外旅游期间做一名爱国并维护国家尊严的守法公民！更不允许携带毒品或违禁物品出入境。"
    },
    "trips": [
        {
            "breakfast": 0,
            "content": "由各地自行乘机飞往上海（可配各地联运，如当天不能接驳当地航班，住宿自理）",
            "dinner": 0,
            "hotels": [
                {
                    "name": "",
                    "star": ""
                }
            ],
            "lunch": 0,
            "scenes": [
                {
                    "consumingTime": "",
                    "description": "",
                    "name": ""
                }
            ],
            "scheduleTraffics": [
                {
                    "arrivalTime": "",
                    "departure": "",
                    "departureTime": "",
                    "destination": "",
                    "trafficType": ""
                }
            ],
            "title": "各地-上海",
            "tripDay": 1
        },
        {
            "breakfast": 0,
            "content": "飞往新西兰著名城市：奥克兰。抵达后入住酒店休息",
            "dinner": 1,
            "hotels": [
                {
                    "name": "",
                    "star": ""
                }
            ],
            "lunch": 0,
            "scenes": [
                {
                    "consumingTime": "",
                    "description": "",
                    "name": ""
                }
            ],
            "scheduleTraffics": [
                {
                    "arrivalTime": "15:45",
                    "departure": "上海",
                    "departureTime": "00:15",
                    "destination": "奥克兰",
                    "trafficType": "飞机"
                }
            ],
            "title": "上海-奥克兰",
            "tripDay": 2
        },
        {
            "breakfast": 1,
            "content": "【提卡波湖】【好牧羊人教堂】（约 30 分钟）大名鼎鼎的好牧羊人教堂已被游客列入来 新西兰必到之处，如果是鲁冰花盛开的季节会更美丽，在此你可以看到南阿尔卑斯山最 壮观的景色。你还可以沿着提卡波湖漫步，沿岸平原绿野，提卡波湖是新西兰晴天率与 海拔最高的湖，不仅有蓝绿色的湖水和教堂，如果天气晴朗还可以看到超美的星空。",
            "dinner": 1,
            "hotels": [
                {
                    "name": "",
                    "star": ""
                }
            ],
            "lunch": 1,
            "scenes": [
                {
                    "consumingTime": "",
                    "description": "",
                    "name": ""
                }
            ],
            "scheduleTraffics": [
                {
                    "arrivalTime": "",
                    "departure": "",
                    "departureTime": "",
                    "destination": "",
                    "trafficType": ""
                }
            ],
            "title": "奥克兰/基督城-提卡波及周边小镇",
            "tripDay": 3
        },
        {
            "breakfast": 1,
            "content": "",
            "dinner": 1,
            "hotels": [
                {
                    "name": "",
                    "star": ""
                }
            ],
            "lunch": 1,
            "scenes": [
                {
                    "consumingTime": "",
                    "description": "库克山国家公园中三分之一的地方常年积雪或结冰，这里是摄 影爱好者的天堂，眺望远方的雪山，漫步在步道之上，或者自费参加雪上飞机观光，都 是不错的选择。库克山自由活动，将更多时间留给风景。",
                    "name": "库克山国家公园入内"
                },
                {
                    "name": "塔斯曼冰川直升飞机",
                    "description": "当飞机经过本.奥豪山 脉的时候，你会被眼前宏伟壮观的高山环境所震惊。飞机还将近距离飞近陡峭的山脊， 然后经验丰富的飞行员会来一个快速的向上爬升动作，这个既有趣又惊险的动作会让你 有心跳加速的感觉，当缓过神来往下望去，你会对眼前库克山及周围山峰的壮美赞叹不 已。之后我们会在高山降落，在这我们将让你走出直升机，并留时间给你在雪地里游玩、 拍照。（直升机无年龄限制，视天气情况而定）",
                    "consumingTime": "25 分钟"
                },
                {
                    "name": "瓦纳卡湖孤独的树",
                    "description": "位于群山环绕的瓦纳卡湖的南端，当世界各国观光客喜爱热闹、时 尚的皇后镇时，新西兰人选择有同样湖光山色美景的瓦纳卡度假，因为它多了几分闲适宁 静的氛围，有如远离尘嚣的世外桃源。近年来，由于充足的阳光、温暖的气候、优美的湖 光山色及闲适宁静的小镇氛围，成为白领阶级退休人士的最爱。(2012 年被 Lonely Planet 票选为全世界前 10 大旅游地点) Lake Wanaka 是全新西兰阳光充足的地区之一，造就 了一个最佳户外活动的乐园，休闲、度假、蜜月、放松及旅游的好地方！可自由在湖畔散 步享受美景，沿着湖边来趟浪漫体验！",
                    "consumingTime": ""
                },
                {
                    "name": "普卡基湖",
                    "description": "蓝色湖水中映入梦幻色彩，称为「土耳其蓝色湖」─冰河遗 留下的冰碛石堆积所形成的堰塞湖，水源来自塔斯曼等数条冰河融化后所形成的塔斯曼 河。冰河夹带的粉末杂质，将湖水调成有如加了浓浓牛奶的蓝绿梦幻色彩，终年积雪的 山脉环绕，营造出有如香格里拉般的仙境世界，成为魔戒电影中迷人的拍摄场景。",
                    "consumingTime": "约 30 分钟"
                },
                {
                    "name": "瓦卡蒂普湖",
                    "description": "瓦卡提普湖形状如闪电，湖泊位于由冰川而形成的沟渠内。 四周高山林立，构成壮观的风景线。您可在湖边悠闲的漫步，摄影等。皇后镇迷人的湖 光山色，令人美不胜收。",
                    "consumingTime": "约 30 分钟"
                }
            ],
            "scheduleTraffics": [
                {
                    "arrivalTime": "",
                    "departure": "",
                    "departureTime": "",
                    "destination": "",
                    "trafficType": ""
                }
            ],
            "title": "提卡波及周边-库克山国家公园入内-瓦纳卡湖孤独的树-皇后镇",
            "tripDay": 4
        },
        {
            "breakfast": 1,
            "content": "早餐后，全天自行安排。 自费项目 1: 米弗峡湾一日游 包含：往返大巴交通、游轮船票。 乘车前往有“世界第八大奇迹之称”的【米佛峡湾】(约 3.5 小时车程)。途中游览荷马隧道， 克莱德山谷，后进入峡湾国家公园。乘座大型双体帆船进入峡湾景区(约 75 分钟)，在船上可 远眺高耸入云、壮观的米特雷峰，欣赏瀑布倾泻而下形成的水雾，幸运的话还能看到南方长 毛海豹。中午于船上享用午餐。 自费项目 2：神奇峡湾一日游 包含：往返大巴交通、游轮船票。 乘车前往世界最大峡湾之一【神奇峡湾 Doutful Sound】，峡湾的长度是闻名的米佛峡湾的 三倍，而宽度是它的十倍。渡过马纳普里湖、穿越密集的雨林区后，您可观赏冰河时期奇妙 景观，赞叹冰河切割所形成的壮丽山川及美丽的雪山奇景，我们会带您搭乘最有实力，历史 最久的豪华游轮畅游神奇峡湾，一睹国家公园之景。当地政府限制神奇峡湾每天只能接待 450 名游客，想去的您一定要赶早哦！中午于船上享用午餐。 傍晚入住酒店休息，全天游览结束。",
            "dinner": 0,
            "hotels": [
                {
                    "name": "",
                    "star": ""
                }
            ],
            "lunch": 0,
            "scenes": [
                {
                    "consumingTime": "",
                    "description": "",
                    "name": ""
                }
            ],
            "scheduleTraffics": [
                {
                    "arrivalTime": "",
                    "departure": "",
                    "departureTime": "",
                    "destination": "",
                    "trafficType": ""
                }
            ],
            "title": "皇后镇",
            "tripDay": 5
        },
        {
            "breakfast": 1,
            "content": "",
            "dinner": 1,
            "hotels": [
                {
                    "name": "",
                    "star": ""
                }
            ],
            "lunch": 1,
            "scenes": [
                {
                    "consumingTime": "约 30 分钟",
                    "description": "箭镇是一个风景如画的古老小镇，1862 年在这里发现了金矿， 于是淘金的热潮滚滚而来，小城在一夜之间闻名四海。当年采矿工人居住的简陋小村庄 依旧在河边，至今仍留下许多采矿场的遗迹。白金汉街是这里的主要大街，它反映出了 当地人在保存当年繁荣景象方面所作的努力。",
                    "name": "箭镇"
                },
                {
                    "name": "克伦威尔小镇",
                    "description": "可以说是皇后镇的门户，也是知名的水果之乡。这个高山小镇上，有着各 种果园，百花齐放，果实飘香，美不胜收。",
                    "consumingTime": ""
                },
                {
                    "name": "但尼丁火车站",
                    "description": "启用于 1906 年，车站是一座庞大的古建筑，它宏伟壮观 而富丽堂皇的模样，广阔的马赛克镶嵌瓷砖地和娇艳的彩色玻璃窗，是无数游客必留倩影之 建筑物。",
                    "consumingTime": "约 20 分钟"
                },
                {
                    "name": "第一大教堂",
                    "description": "是新西兰第一座教堂，采用哥特式风格，从广场中心可以一 眼望到",
                    "consumingTime": "约 20 分钟"
                },
                {
                    "name": "鲍德温大街",
                    "description": "是世界上最陡峭的有人居住的街道，短而直，全长 350 米， 其坡道斜度为 19 度，也就是说平均每走 2.86 米，高度就提升 1 米，爬到街顶的感觉就 犹如登山",
                    "consumingTime": "约 20 分钟"
                },
                {
                    "name": "奥塔哥大学",
                    "description": "新西兰历史最悠久的大学，整个校 园主区在但尼丁市中心， 建筑有浓厚的苏格兰色彩，乌釉陶瓷砖镶嵌的建筑外墙充满了艺术和浪漫气息。",
                    "consumingTime": "约 20 分钟"
                },
                {
                    "name": "八角广场",
                    "description": "位于王子街及乔治街交接处，为但尼丁最为热闹的区域，自 1846 年起八角广场就是达尼丁市的市中心。 围绕着八角广场，有哥特式圣保罗教堂、市议会厅、 市政府、旅游服务中心、林荫绿地和几条通往各个方向的主要大街。",
                    "consumingTime": "约 30 分钟"
                }
            ],
            "scheduleTraffics": [
                {
                    "arrivalTime": "",
                    "departure": "",
                    "departureTime": "",
                    "destination": "",
                    "trafficType": ""
                }
            ],
            "title": "皇后镇-箭镇-克伦威尔-但尼丁",
            "tripDay": 6
        },
        {
            "breakfast": 0,
            "content": "",
            "dinner": 0,
            "hotels": [
                {
                    "name": "",
                    "star": ""
                }
            ],
            "lunch": 0,
            "scenes": [
                {
                    "consumingTime": "约 30 分钟",
                    "description": "游客俗称“恐龙蛋”，一个个圆形巨石散落在岸边，感受 大自然的鬼斧神工，沿途经过美丽的太平洋海岸 线，游客可前往途中欣赏美丽的沙滩和壮丽 的海洋风景。",
                    "name": "摩拉基大圆石"
                },
                {
                    "name": "白石小镇",
                    "description": "被誉为白石小镇的奥马鲁小镇是一个现代与历史并存的欧式精 美小镇。由于奥马鲁盛产白色的石灰石，早期繁荣时期的大部分建筑都是用本地的白石建造 的，所以又被称为白石小镇。这里不仅仅是了解奥马鲁历史人文的窗口，还是您在奥马鲁拍 照留念，记录下美好回忆的好场所。",
                    "consumingTime": "约 60 分钟"
                },
                {
                    "name": "蓝眼企鹅归巢",
                    "description": "在这里，您可以邂逅新西兰独有的蓝眼小企鹅，它是世界 是最小的蓝眼企鹅品种。每当傍晚十分，它们会成群结对地从海上归来，憨态可掬的样子十 分生动有趣",
                    "consumingTime": "约 60 分钟"
                }
            ],
            "scheduleTraffics": [
                {
                    "arrivalTime": "",
                    "departure": "",
                    "departureTime": "",
                    "destination": "",
                    "trafficType": ""
                }
            ],
            "title": "但尼丁-摩拉基大圆石-奥马鲁蓝眼企鹅",
            "tripDay": 7
        },
        {
            "breakfast": 1,
            "content": "",
            "dinner": 1,
            "hotels": [
                {
                    "name": "",
                    "star": ""
                }
            ],
            "lunch": 1,
            "scenes": [
                {
                    "consumingTime": "约 30 分钟",
                    "description": "位于雅芳河畔的基督城植物园占地三十公顷，种植了国 内外最好的植物品种。玫瑰园是植物园的中心，有 250 多种玫瑰。无论是新品种还是老 品种，都以最适切的环境展示在游客面前。",
                    "name": "基督城植物园"
                },
                {
                    "name": "基督城纸板教堂",
                    "description": "“硬纸板”教堂将临时替代在地震中倒塌的大教堂。这座纸 教堂由日本设计师设计而成，使用坚固的硬纸管做梁柱，也使用了一些传统的建筑材料， 包括混凝土、钢筋和彩色玻璃等。这座纸教堂被放入 20 英尺长的集装箱运往新西兰，其 内部体积可容纳 700 个人。这个新教堂具有防雨、防火等功能，使用期限为 10 年。",
                    "consumingTime": ""
                },
                {
                    "name": "蒙纳维尔庄园",
                    "description": "属典型的传统维多利亚式庄园，美丽的雅芳河（Avon river）纵贯其间，小溪、别墅、草坪、花园和树林，清雅秀丽，小桥流水，芳草如茵， 绿柳垂荫，宛若置身英国剑桥的浪漫气氛，俨然理想的童话世界。",
                    "consumingTime": "约 20 分钟"
                }
            ],
            "scheduleTraffics": [
                {
                    "arrivalTime": "",
                    "departure": "",
                    "departureTime": "",
                    "destination": "",
                    "trafficType": ""
                }
            ],
            "title": "奥马鲁-基督城",
            "tripDay": 8
        },
        {
            "breakfast": 1,
            "content": "",
            "dinner": 1,
            "hotels": [
                {
                    "name": "",
                    "star": ""
                }
            ],
            "lunch": 1,
            "scenes": [
                {
                    "consumingTime": "约 30 分钟",
                    "description": "这里是举行“美洲杯”帆船赛的地方，奥克兰是全球 个人拥有帆船最多的城市，海港里您随时都可以看到数以千计的造型美观奇特而又干净整洁 的各种帆船",
                    "name": "美国帆船杯比赛村"
                },
                {
                    "name": "海港大桥",
                    "description": "大桥连接奥克兰最繁忙的港口——怀提玛塔海港南北两岸，全长 1020 米。海港大桥与停泊在奥克兰艇俱乐部的万柱桅杆，组成了一幅壮观美丽的图画。",
                    "consumingTime": ""
                },
                {
                    "name": "伊甸山",
                    "description": "它位于奥克兰市中心以南约 5 公里处，是奥克兰陆地火山带中最 高的火山，高达 196 米。山顶设有瞭望台，视野开阔，是眺望市景的好地方。",
                    "consumingTime": "约 30 分钟"
                },
                {
                    "name": "工党纪念碑",
                    "description": "位于迈克尔·乔瑟夫公园，公园是为纪念新西兰第 23 任首 相，也是工党第一任领袖迈克尔·乔瑟夫·萨文奇而建的。",
                    "consumingTime": "约 20 分钟"
                }
            ],
            "scheduleTraffics": [
                {
                    "arrivalTime": "",
                    "departure": "",
                    "departureTime": "",
                    "destination": "",
                    "trafficType": ""
                }
            ],
            "title": "基督城/奥克兰",
            "tripDay": 9
        },
        {
            "breakfast": 1,
            "content": "",
            "dinner": 1,
            "hotels": [
                {
                    "name": "",
                    "star": ""
                }
            ],
            "lunch": 1,
            "scenes": [
                {
                    "consumingTime": "",
                    "description": "玛塔玛塔是新西兰北岛的一个盛产奶牛的著名小镇。也是《魔 戒》的取景地之一。",
                    "name": "玛塔玛塔小镇"
                },
                {
                    "name": "霍比特人村入内",
                    "description": "在影片中，霍比特人村被描绘成为几乎是与世隔绝的哈 比村。这里也是《霍比特人》的拍摄地，参观其 44 个独特的霍比特人小屋，包括袋底洞等 （Bag End，比尔博的房子）。旅途上，您将看到绿龙酒馆（Green Dragon Pub）、磨坊、 双拱桥和著名的宴会树（Party Tree），仿佛走入了童话般的世界。",
                    "consumingTime": "约 90 分钟"
                },
                {
                    "name": "怀多摩萤火虫洞",
                    "description": "蓝色星光布满苍穹的怀多摩萤火虫洞是新西兰必到的景 点，石灰岩构造和萤火虫令人叹为观止。 当地导游带你踏上发现之旅，再乘坐小船静静的滑 行驶入布满萤火虫的地下世界，享受数万萤火虫点缀的璀璨的星空。",
                    "consumingTime": "约 60 分钟"
                }
            ],
            "scheduleTraffics": [
                {
                    "arrivalTime": "",
                    "departure": "",
                    "departureTime": "",
                    "destination": "",
                    "trafficType": ""
                }
            ],
            "title": "奥克兰-玛塔玛塔-罗托鲁瓦",
            "tripDay": 10
        },
        {
            "breakfast": 0,
            "content": "",
            "dinner": 0,
            "hotels": [
                {
                    "name": "",
                    "star": ""
                }
            ],
            "lunch": 0,
            "scenes": [
                {
                    "consumingTime": "约 30 分钟",
                    "description": "这是一大片人工栽种的红树林，因林中生长着高耸的美国加利 福尼亚海岸的红木树而得其名。整个红木林就是一个巨大的天然氧吧，这里有着最清新，最 纯洁的空气，这里是吐故纳新，呼吸天地精华的最佳场所。",
                    "name": "红树森林"
                },
                {
                    "name": "爱歌顿农场",
                    "description": "在当地著名的爱歌顿农场，乘坐农场专用车，由专业的中文 导游讲解，为您开启一场有趣的农场旅行。沿途可以参观奇异果园, 品尝特色饮品。还可喂食 牛羊和鹿, 与有着软黄金之称的高山驼羊来个零距离接触,随后带您来到农场旗下的羊毛工 厂, 来看看当地人把这些可爱动物的毛做成了什么",
                    "consumingTime": "约 60 分钟"
                },
                {
                    "name": "市政府花园",
                    "description": "这是当年毛利人的议会大楼，花园里绿草如茵，绿树成荫 一些颇有特点的小建筑物散布在广场的绿地和树丛中别有韵味。",
                    "consumingTime": "约 20 分钟"
                },
                {
                    "name": "罗托鲁瓦湖",
                    "description": "湖水清澈湛蓝，湖畔有成群海鸥、野鸭、黑天鹅在水中游戏。",
                    "consumingTime": "约 15 分钟"
                }
            ],
            "scheduleTraffics": [
                {
                    "arrivalTime": "",
                    "departure": "",
                    "departureTime": "",
                    "destination": "",
                    "trafficType": ""
                }
            ],
            "title": "罗托鲁瓦-奥克兰/上海",
            "tripDay": 11
        },
        {
            "breakfast": 0,
            "content": "抵达后，自行乘机返回联运城市，结束愉快行程！ （可配各地联运，如当天不能接驳当地航班，住宿自理）",
            "dinner": 0,
            "hotels": [
                {
                    "name": "",
                    "star": ""
                }
            ],
            "lunch": 0,
            "scenes": [
                {
                    "consumingTime": "",
                    "description": "",
                    "name": ""
                }
            ],
            "scheduleTraffics": [
                {
                    "arrivalTime": "",
                    "departure": "",
                    "departureTime": "",
                    "destination": "",
                    "trafficType": ""
                }
            ],
            "title": "上海-各地",
            "tripDay": 12
        }
    ]
}