{
    "product": {
        "childAgeBegin": "0",
        "childAgeEnd": "0",
        "childHasBed": 0,
        "childHasTraffic": 0,
        "childHeightBegin": "",
        "childHeightEnd": "",
        "childRule": "  1.2 米以下不占床的儿童游客团费， 只含机票、当地旅游车费、导服费和半价正餐费， 若产生其他费用需游 客当地现付。小孩请携带户口本本人页原件。儿童可同成人标准操作，门票根据景区实际政策优惠现退。",
        "departureCityName": "北京",
        "departureCountryName": "中国",
        "departureProvinceNam": "北京",
        "dests": [
            {
                "countryName": "中国",
                "destCityName": "",
                "destProvinceName": "新疆"
            }
        ],
        "insurance": [
            {
                "content": "",
                "name": "旅行社责任险",
                "typeName": ""
            }
        ],
        "insuranceIncluded": 1,
        "markets": [
            {
                "name": "人文与自然风光相互交融 ，推荐精华景点 ，最合理的线路安排 ，最深度的旅行体验 ，带给您难忘的新疆之旅。"
            },
            {
                "name": "量身打造在有限时间内放飞自己心情，精致小团随心玩，时间灵活边走边拍，适合精致的你"
            },
            {
                "name": "对于爱自由的人来说，新疆就是一个绕不过去的坎儿，这个中国最西北角的边缘值得你pick！ 她的美，无论用怎样的语言去称赞都不过分~ 看过山川湖海，也想要不留遗憾的有趣人生"
            },
            {
                "name": "你只需要决定出发 剩下的，放心的交给我们就好"
            }
        ],
        "productSubtitle": "",
        "productTitle": "2024众信新疆【天山至尊PLUS】双飞12天",
        "returnCityName": "北京",
        "tags": [
            {
                "name": ""
            }
        ],
        "themes": [
            {
                "name": "2024众信新疆【天山至尊PLUS】双飞12天"
            }
        ]
    },
    "line": {
        "backAirports": [
            {
                "airlineCode": "",
                "airlineName": "",
                "arriveAirportName": "",
                "arriveTime": "",
                "days": "0",
                "flightNo": "",
                "flightSort": "",
                "startAirportName": "",
                "startTime": ""
            }
        ],
        "backTransportName": "飞机",
        "goAirports": [
            {
                "airlineCode": "",
                "airlineName": "",
                "arriveAirportName": "",
                "arriveTime": "",
                "days": "0",
                "flightNo": "",
                "flightSort": "",
                "startAirportName": "",
                "startTime": ""
            }
        ],
        "goTransportName": "飞机",
        "hotelStarName": "四星",
        "lineFeature": "量身打造在有限时间内放飞自己心情，精致小团随心玩，时间灵活边走边拍，适合精致的你",
        "lineSimpleTitle": " 可可托海+喀纳斯+禾木+五彩滩+魔鬼城+伊犁+赛里木湖  薰衣草庄园 +那拉提+巴音布鲁克+独库公路北段+天山天池+吐鲁番",
        "lineSortTitle": "Day01：北京＞乌鲁木齐 Day02：乌鲁木齐＞天山天池＞ 富蕴 Day03：富蕴＞可可托海＞布尔津 Day04：布尔津＞ 喀纳斯＞禾木 Day05：禾木＞五彩滩＞布尔津 Day06：布尔津＞乌尔魔鬼城＞奎屯 Day07：奎屯＞赛里木湖＞薰衣草庄园＞伊宁 Day08：伊宁＞那拉提草原＞那拉提 Day09：那拉提＞巴音布鲁克草原＞那拉提 Day10：那拉提＞独库公路 ＞乌鲁木齐 Day11：乌鲁木齐＞吐鲁番＞国际大巴扎＞乌鲁木齐 Day12：乌鲁木齐＞北京",
        "lineTitle": "",
        "needVisa": 0,
        "passCities": [
            {
                "cityName": "",
                "countryName": "",
                "provinceName": ""
            }
        ],
        "tripDays": "12",
        "tripNight": "",
        "visaBasic": {
            "postAddress": "",
            "postContact": "",
            "postPhone": "",
            "visas": [
                {
                    "content": "",
                    "country": "",
                    "district": "",
                    "freeVisa": "0",
                    "signPlace": ""
                }
            ]
        }
    },
    "cal": {
        "channelPut": [
            {
                "adultSalePrice": "",
                "childSalePrice": "",
                "sellRemark": ""
            }
        ],
        "departDate": [
            ""
        ]
    },
    "cost": {
        "bookRule": "",
        "costExclude": "1、单房差或加床。 2、 门票： 小交通、行程中注明需要另行支付的自费景点。 3、 因交通延阻、罢工、天气、飞机机器故障、航班取消或更改时间等不可抗力原因所引致的额外费用。 4、酒店押金、酒店内洗衣、理发、 电话、传真、收费电视、饮品、烟酒等个人消费。 5、当地参加的自费以及以上“费用包含”中不包含的其它项目。 6、航空险、旅游人身意外保险， 请自行购买。 7、地面服务费 (如出发机场接送服务、行李物品保管费、托运行李超重费等) 。 8、 自由活动期间的餐食费和交通费。 1 、新疆所有地区必须使用公民二代身份证件原件， 其他证件无效。 2、本产品不接受外宾及台湾同胞、澳门同胞， 请谅解。 3、建意携带物品： 太阳镜、太阳帽、防晒霜和润唇膏是必备之物， 夏季出行也应备好长袖衣裤、羊绒衫和外套等保暖衣物， 不要穿超短裙等过度暴露的服装。 【温馨提示】 9、 因旅游者违约、 自身过错、 自身疾病导致的人身财产损失而额外支付的费用。 10、 因景区价格调整产生的门票差价。",
        "costInclude": "★ 往返交通 ★     北京—乌鲁木齐往返飞机经济舱机票，具体航班以实际出票为准。 机票为航司申请机位，不能退票、更改、签转。航班抵达时间如过零点按当日计算。根据《航班正常管理规定》由于天气、突发事 件、空中交通管制、安检以及旅客等非承运人原因，造成航班在始发地出港延误或者取消，承运人应当协助旅客安排餐食和住 宿，费用由旅客自理。若因实名制因素无法退票，产生损失由客人自行承担。 ★ 旅游用车 ★     4 人安排9 改 7 座商务车、5~8 人安排14 改 9座商务车、9 人起安排19 座 2+1 大巴。 备注：因新疆特殊气候条件，高原长时间行车，途中车辆负荷较大，可能会遇到汽车抛锚并影响行程的情况，旅行社对此会迅 速做出补救措施，请游客做好心理准备。    若客人自行放弃行程，车费不予退还，请谅解。 ★ 酒店住宿 ★    臻选10晚网评4钻酒店+1晚禾木住宿，全程不提供自然单间， 酒店不提供三人间或加床 (成人不允许不占床) 所有罗列酒店均为参考酒店， 具体已实际所定酒店为准（部分酒店条件有限住宿为无星标间）。 备注：如遇政府接待或其它特殊原因， 不能安排备选酒店时， 我社有权安排同级别、同标准的其他酒店。提倡环保， 请自备洗 漱用品。 【费用不含】 参考酒店如下：（部分酒店条件有限住宿为无星标间） 乌鲁木齐：凯瑞、美居酒店、美嘉柏悦酒店、九源酒店、度尔酒店、哈密大厦、百世昌奥龙店或同级 禾木：蕊蕊山庄，澜多庄园，御园山庄禾木：小斌之家，雍和雅苑，禾木禾盛山庄，禾木三峰山庄或同级 富蕴：维也纳国际、汉旗乐府、金鸿国际、富蕴水色·陌上国学文化酒店 或同级 布尔津：岚枫假日酒店 、湘疆大酒店、七月海假日酒店 、友谊峰大酒店 、上士国际酒店 、澜庭假日酒店 、神湖大酒店或同级 奎屯：奎屯凯翔、亚朵酒店、星程酒店、奎屯独库公路云居酒店 、维也纳国际酒店、奎屯丽呈酒店、、奎屯自在酒店 、奎屯凯祥大 酒店 、新疆润锦国际酒店、奎屯豪丰国际大酒店 、奎屯锦汇国际大酒店、奎屯天北新区云居酒店或同级 伊宁：亚朵酒店 、维仁酒店、伊宁隆鑫国际酒店(B座) 、新疆港湾酒店 、丽呈酒店 、伊宁海旭酒店 、好维佳国际酒店 、伊宁丽呈 睿轩酒店 、伊宁云端酒店、伊宁突玛丽斯大饭店或同级 那拉提：新疆文旅空中草原度假酒店 、那拉提澜海·御庭酒店 、那拉提万森度假酒店 、那拉提又见青山酒店 、花海那拉提民宿  、深山里·月亮河VILLA野奢度假酒店或同级 ★  景点门票 ★     巴音布鲁克、那拉提草原、赛里木湖、薰衣草庄园、魔鬼城、五彩滩、  喀纳斯、禾木、天山天池景点首 道大门 票及赠送项目  (赠送项目仅限成人 ，儿童不赠送)  行程中景点根据实际情况前后调整 ，不减少景点。 ★ 旅游用餐 ★     全程含 11早 10正， 早餐： 酒店含早， 正餐餐标 50元/人/餐， 十人一桌八菜一汤， 如人数不足十人， 菜量酌 情减少， 自愿放弃费用不退)  ★ 导游服务 ★      4-12人团  4人起发，8 人上导游、无全陪、 8 人以下司机兼向导陪同进景区。   （司机兼向导以开车为主只有基础讲解及服务、不是专业导游） ★ 旅游保险 ★     旅行社责任险，建议客人单独购买旅游人身意外险。 ★ 退团说明 ★     报名后， 如我社已经出票 (出票会有凭证) ， 客人单方退团， 损失费为相应实际地接损失和违约金。 ★ 儿童价格 ★     1.2 米以下不占床的儿童游客团费， 只含机票、当地旅游车费、导服费和半价正餐费， 若产生其他费用需游 客当地现付。小孩请携带户口本本人页原件。儿童可同成人标准操作，门票根据景区实际政策优惠现退。 ★ 优惠退费 ★     行程内已含景点均为旅行社折扣后价格， 行程所列景点第一大门票及赠送项目， 景点门票报价已为旅行社 团队折扣价， 故行程景点门票对所有证件 (如导游证、学生证、教师证、军官证、老年证等一切证件) 均不再享受任何优惠政 策， 其优惠价格不予退还。赠送项目若因客观原因无法参观或客人放弃游览的费用不退不免！ ★ 购物自费 ★     0购物(不含景区内及公路服务区内自设商店) 。（大巴扎内的售卖店铺与行程安排无关，如需购买，请慎重） ★ 特别备注 ★     赠送景点、特色餐 不去不退！  儿童价格不享受赠送项目，如产生费用当地现付。",
        "lineReturns": [
            {
                "begin": "",
                "cost": "",
                "end": ""
            }
        ],
        "otherRule": "",
        "returnContent": "报名后， 如我社已经出票 (出票会有凭证) ， 客人单方退团， 损失费为相应实际地接损失和违约金。行程内已含景点均为旅行社折扣后价格， 行程所列景点第一大门票及赠送项目， 景点门票报价已为旅行社 团队折扣价， 故行程景点门票对所有证件 (如导游证、学生证、教师证、军官证、老年证等一切证件) 均不再享受任何优惠政 策， 其优惠价格不予退还。赠送项目若因客观原因无法参观或客人放弃游览的费用不退不免！",
        "selfCostContent": "",
        "selfCosts": [
            {
                "address": "",
                "fee": "",
                "name": "",
                "remark": "",
                "stay": ""
            }
        ],
        "shopContent": "",
        "shops": [
            {
                "address": "",
                "remark": "",
                "shopName": "",
                "shopProduct": "",
                "stay": ""
            }
        ],
        "tipsContent": "1 、新疆所有地区必须使用公民二代身份证件原件， 其他证件无效。 2、本产品不接受外宾及台湾同胞、澳门同胞， 请谅解。 3、建意携带物品： 太阳镜、太阳帽、防晒霜和润唇膏是必备之物， 夏季出行也应备好长袖衣裤、羊绒衫和外套等保暖衣物， 不要穿超短裙等过度暴露的服装。5、当地居住着大量少数民族同胞， 他们有自已的特殊的饮食习惯、宗教禁忌、请团友尊重当地风俗， 未经过对方允许， 请勿动 其物品及拍照， 特别注意！ 6、应携带有关药物及一些常备治病药物， 如创可贴、感冒药、肠胃药、 阿斯匹林、安定等药物。高原海拔高日照强烈、紫外线高 对眼睛有一定的伤害， 请准备有效隔绝紫外线的太阳镜， 更应准备充足有效的抗水性防晒用品 (阴天也要涂抹) 、润唇膏， 同 时配备清热、解渴、滋润的药物或冲剂， 如夏桑菊冲剂、板兰根等， 以免一时难以承受过于干燥低温气候因新疆特殊条件所 致， 绝大部分的酒店与内地同级酒店相比， 在硬件和软件方面都要与内地有差距； 7、新疆是水果之乡， 到新疆吃水果是一大乐事， 但千万不要在吃完水果后再喝热茶水， 以免引起腹泻。 8、新疆大部分地区购买称重商品时的报价为公斤报价 (南疆和田除外) ， 购买商品时请注意。在巴扎 (集市) 买旅游纪念品时，  请在确定购买后再进行讨价还价。如果交易不成， 也请注意文明礼貌。最好在购买前先请导游推荐一些购买场所， 玉石等贵 重物品最好在指定商场购买。"
    },
    "trips": [
        {
            "breakfast": 0,
            "content": "根据航班时间乘坐飞机，抵达举世闻名的歌舞之乡、瓜果之乡、黄金玉石之邦的新疆维吾尔自治区首 府—【乌鲁木齐】，踏上举世闻名的“丝绸之路”西域站。按照抵达时间，我社安排专职接机人员迎接远道 而来的朋友，乘车赴乌鲁木齐酒店入住休息，准备迎接明天充满惊喜的新疆之旅！",
            "dinner": 0,
            "hotels": [
                {
                    "name": "",
                    "star": "四星"
                }
            ],
            "lunch": 0,
            "scenes": [
                {
                    "consumingTime": "",
                    "description": "",
                    "name": ""
                }
            ],
            "scheduleTraffics": [
                {
                    "arrivalTime": "",
                    "departure": "北京",
                    "departureTime": "",
                    "destination": "乌鲁木齐",
                    "trafficType": "飞机"
                }
            ],
            "title": "北京                   乌鲁木齐",
            "tripDay": 1
        },
        {
            "breakfast": 1,
            "content": "早餐后8:00乘车前往“人间瑶池”【天山天池】    (门票+区间车已含 ，游览时间约 2 小时)  天池是中国新 疆维吾尔自治区著名高山湖泊。游览石门一线、西小天池、大天池、定海神针、东小天池、南山望雪、西山 观 松。观赏雪峰倒映 ，湖水清绿的世外美境 ，有种回归山川森林的感觉，后我们沿着 216 国道前往富 蕴，沿途经过中国第二大沙漠-古尔班通古特沙漠，火烧山、卡拉麦里有蹄类动物保护区，总面积  14856.48 平方公里 ， 象征着死亡的荒漠， 外表看来一片沉寂， 如果不走进它， 就不会发现， 这里是野 生动物的天堂。沿途车观火烧山，这里沉积着很厚的煤层，历经风蚀雨剥，煤层表面的沙石被冲蚀殆尽，  加之各地质时期矿物质含量不同， 这一带连绵的山丘便呈现赭红为主的色彩， 放眼环顾， 几乎见不到 其它色彩。每逢晨昏，在朝阳或晚霞映照下，仿佛仍在熊熊燃烧， 壮丽罕见，因而得名。晚在富蕴入住。",
            "dinner": 0,
            "hotels": [
                {
                    "name": "",
                    "star": "四星"
                }
            ],
            "lunch": 1,
            "scenes": [
                {
                    "consumingTime": "",
                    "description": "",
                    "name": ""
                }
            ],
            "scheduleTraffics": [
                {
                    "arrivalTime": "",
                    "departure": "乌鲁木齐",
                    "departureTime": "",
                    "destination": "天山天池",
                    "trafficType": "汽车"
                },
                {
                    "departure": "天山天池",
                    "departureTime": "",
                    "destination": "富蕴",
                    "arrivalTime": "",
                    "trafficType": "汽车"
                }
            ],
            "title": "乌鲁木齐      天山天池       富蕴  ",
            "tripDay": 2
        },
        {
            "breakfast": 1,
            "content": "早餐后8:00乘车前往【可可托海】 (游览时间约 2 小时) 哈萨克语的意思为\"绿色的丛林\"。蒙古语 意为 T27  \"蓝色的河湾\"。这里是全国第二冷极， 2018 年入围“神奇西北 100 景”榜单， 景区里有幽深的峡谷、清 澈透明的河流、陡峭秀丽的山峰， 环境非常优美。在峡谷之间还有大面积的桦树、杨树和松树林，而森 林背后的山顶此时也开始积雪好像漂亮的雪山，山林河水相映。晚在布尔津入住。",
            "dinner": 0,
            "hotels": [
                {
                    "name": "",
                    "star": "四星"
                }
            ],
            "lunch": 1,
            "scenes": [
                {
                    "consumingTime": "",
                    "description": "",
                    "name": ""
                }
            ],
            "scheduleTraffics": [
                {
                    "arrivalTime": "",
                    "departure": "富蕴",
                    "departureTime": "",
                    "destination": "可可托海",
                    "trafficType": "汽车"
                },
                {
                    "departure": "可可托海",
                    "departureTime": "",
                    "destination": "布尔津",
                    "arrivalTime": "",
                    "trafficType": "汽车"
                }
            ],
            "title": "富蕴     可可托海       布尔津 ",
            "tripDay": 3
        },
        {
            "breakfast": 1,
            "content": "早餐后8:00乘车前往人类的最后一块净土13:30--14:30【喀纳斯景区】 (游览时间约 2 小时， 赠送区间 车) ， 喀纳斯喀纳斯位于新疆北部的阿勒泰地区， 是集冰川、湖泊、森林、草原、牧场、河流、 民族风情、 珍稀动植物于一体的综合景区， 被誉为“东方瑞士、摄影师的天堂“喀纳斯”是蒙古语， 意思为“美丽富 饶、神秘莫测”， 在这里壮观的冰川映衬着宁静的湖水， 茫茫的草原包容着幽深的原始森林。神秘的湖 怪、古朴的图瓦人、变幻的湖水、眩人的风景都让人痴迷。到达喀纳斯景区后换乘景区区间车经卧龙湾、 月亮湾、神仙湾到达喀纳斯湖。晚在禾木入住。",
            "dinner": 0,
            "hotels": [
                {
                    "name": "",
                    "star": ""
                }
            ],
            "lunch": 1,
            "scenes": [
                {
                    "consumingTime": "",
                    "description": "",
                    "name": ""
                }
            ],
            "scheduleTraffics": [
                {
                    "arrivalTime": "",
                    "departure": "布尔津",
                    "departureTime": "",
                    "destination": "喀纳斯",
                    "trafficType": "汽车"
                },
                {
                    "departure": "喀纳斯",
                    "departureTime": "",
                    "destination": "禾木",
                    "arrivalTime": "",
                    "trafficType": "汽车"
                }
            ],
            "title": "布尔津      喀纳斯      禾木",
            "tripDay": 4
        },
        {
            "breakfast": 1,
            "content": "早餐后8:00乘车前往中国最美村寨禾木村， 新一期中国最美小镇第一名， 被誉为神的后花园中的自留 地。禾木是一个有几百户人家的小村落，以游牧为生，摄影的天堂，禾木的小河、木房、炊烟、桦林及桥上 放牧的人们 汇集成一幅幅优美的风景画。禾木村最惹人注目的就是那一栋栋的小木屋和成群结队的 牧群与雪峰、森林、草地、蓝天白云构成了独特的自然与文化景观。【禾木景区】 (含门票+区间车， 游览 时间约 2 小时) 可以沿着碧蓝的禾木河， 漫步在白桦林， 偶尔路遇牧民赶着羊群路过， 感觉像童话里的 T27     诗。也可选择在禾木村中漫步， 感受图瓦人的风土人情， 禾木村周边的景色也相当美， 阴坡绿草满坡，  繁花似锦， 芳香四溢， 蜜蜂在采花酿蜜， 牛羊满山遍野觅食撒欢，一派迷人的广袤草原景色， 使人流连 忘返。五彩滩是一个神奇地方， 它的特别之处在于一条河流的两边竟然完全不同， 一边是郁郁葱葱的 小树林，一边是色彩斑斓的岩石， 太神奇了！  18:00左右出发【五彩滩】与额尔齐斯河的遥相辉映， 可谓是“一河隔两岸， 自有两重天”。 由于河岸岩 层间抗风化能力的强弱程度不一而形成了参差不齐的轮廓， 这里的岩石颜色多变， 且在落日时分的阳 光照射下， 岩石的色彩以红色为主， 间以绿、紫、黄、白、黑及过渡色彩， 色彩斑斓， 2018 年入围“神奇 西北 100景。晚在布尔津入住。",
            "dinner": 0,
            "hotels": [
                {
                    "name": "",
                    "star": "四星"
                }
            ],
            "lunch": 1,
            "scenes": [
                {
                    "consumingTime": "",
                    "description": "",
                    "name": ""
                }
            ],
            "scheduleTraffics": [
                {
                    "arrivalTime": "",
                    "departure": "禾木",
                    "departureTime": "",
                    "destination": "五彩滩",
                    "trafficType": "汽车"
                },
                {
                    "departure": "五彩滩",
                    "departureTime": "",
                    "destination": "布尔津",
                    "arrivalTime": "",
                    "trafficType": "汽车"
                }
            ],
            "title": "禾木      五彩滩      布尔津",
            "tripDay": 5
        },
        {
            "breakfast": 1,
            "content": "早餐后8:00乘车前往魔鬼城，环顾四周， 除了头顶的天空， 满眼都浑黄， 脚下是细腻、干燥的黄土面 儿， 远处高高低低的、建筑废墟般的土丘土堡。跑上一个高高的土坡， 它后面仍然是无尽的黄色， 一阵 风吹过， 卷起几米高的尘土， 让人以为有妖精出来抓唐僧了。这就是新疆乌尔禾的魔鬼城， 苍凉、雄浑 的感觉，很符合想象中“西部”的样子，怪不得《七剑》、《天地英雄》等电影都来这里拍外景。  13:30--14:30【乌尔禾魔鬼城】 (含门票+区间车， 游览时间约 1 小时) 这里是世界最典型的雅丹地貌景 区之一， 千万年来， 强劲的风刀斧般剥蚀着岩石， 雕刻出千奇百怪的形状。雅丹地貌并不稀奇， 但世界 魔鬼城却独一无二。 它的奇， 奇在风蚀岩群的形状， 或如殿、台、 阁、堡， 像梦幻的迷宫世界， 或如人、 禽、兽、畜， 像蔚然壮观的大千世界 � �大自然的奇思妙想、神秘莫测， 造就了世界一大奇观。乌尔禾 魔鬼城也是中国雅丹地貌的典型代表， 排在第一位。现在正在打造成世界的魔鬼城， 让全世界的人来 体验这大自然的鬼斧神工的杰作。晚在奎屯入住。",
            "dinner": 0,
            "hotels": [
                {
                    "name": "",
                    "star": "四星"
                }
            ],
            "lunch": 1,
            "scenes": [
                {
                    "consumingTime": "",
                    "description": "",
                    "name": ""
                }
            ],
            "scheduleTraffics": [
                {
                    "arrivalTime": "",
                    "departure": "布尔津",
                    "departureTime": "",
                    "destination": "乌尔禾魔鬼城",
                    "trafficType": "汽车"
                },
                {
                    "departure": "乌尔禾魔鬼城",
                    "departureTime": "",
                    "destination": "奎屯  ",
                    "arrivalTime": "",
                    "trafficType": "汽车"
                }
            ],
            "title": "布尔津       乌尔禾魔鬼城       奎屯",
            "tripDay": 6
        },
        {
            "breakfast": 1,
            "content": "早餐后8:00出发，12：00吃中餐。如果万物皆有灵性， 魅蓝、清邃应是赛里木湖灵魂的本色。拥有天堂般 的高贵气息，充满神性色彩的净蓝、空灵。解锁大西洋暖湿气流最后到达的地方-赛里木湖。   12:00--13:00【赛里木湖】 (含门票+区间车， 游览时间约 1 小时) (赠送赛里木湖游船体验， 赠送项目不 退不换)是新疆海拔最高、面积最大、风光秀丽的高山湖泊， 又是大西洋暖湿气流最后眷顾的地方， 因 此有\"大西洋最后一滴眼泪\"的说法。您也可沿湖漫步，从西海草原，到天鹅沼泽栖息地，脚下是大片的 花海， 黄的，紫的， 牛羊马群旁若无人的从身边踱过， 天鹅从水面掠过， 一切宁静怡然。18:00左右【薰 衣草庄园】 (浏览时间约 40 分钟) ， 薰衣草的花语是“等待爱情”。 中国 97%的薰衣草都产自新疆伊犁 河谷的霍城， 这里薰衣草的产量仅次于法国普罗旺斯， 庄园内有薰衣草相关商品展示， 可自愿选购， 沿途路过果子沟大桥，桥梁全长 700 米，桥面距谷底净高达 200 米，大桥主桥全部采用钢桁梁结构, 使 用国内特殊专用桥梁钢 17000 吨,并采用高强螺栓连接， 大桥是自治区公路第一座斜拉桥， 也是国内 第一座公路双塔双索面钢桁梁斜拉桥。晚在伊宁入住。",
            "dinner": 0,
            "hotels": [
                {
                    "name": "",
                    "star": "四星"
                }
            ],
            "lunch": 1,
            "scenes": [
                {
                    "consumingTime": "",
                    "description": "",
                    "name": ""
                }
            ],
            "scheduleTraffics": [
                {
                    "arrivalTime": "",
                    "departure": "",
                    "departureTime": "",
                    "destination": "",
                    "trafficType": ""
                }
            ],
            "title": "",
            "tripDay": 7
        },
        {
            "breakfast": 1,
            "content": "早餐后8:00乘车前往走进那拉提大草原。那映入眼帘的是， 蓝蓝的天， 白白的云， 白云下面草儿青， 草 色让白云更迷人那拉提草原， 绿了， 到处都是绿色的。天是绿的， 地是绿的， 就连它的呼吸也是绿的。 沃野千里， 群山泛绿，在茫茫草原上， 我听到大风中马的啼音， 响彻天边的嘶鸣， 写满草原的长句， 一 气呵成轻快的诗篇。 12:00--13:30前往世界四大高山河谷草原【 5A 级风景区那拉提】(含门票+河谷区 间车)， 乘坐景区河谷草原区间车进入景区游览观光 (游览约 2 小时， 含区间车进出景区时间) ， 可自行 选择合适的自费项目自由活动。那拉提草原是世界四大草原之一的亚高山草甸植物区， 自古以来就是 著名的牧场。河谷、 山峰、深峡、森林在这里交相辉映。晚在那拉提入住。",
            "dinner": 0,
            "hotels": [
                {
                    "name": "",
                    "star": "四星"
                }
            ],
            "lunch": 1,
            "scenes": [
                {
                    "consumingTime": "",
                    "description": "",
                    "name": ""
                }
            ],
            "scheduleTraffics": [
                {
                    "arrivalTime": "",
                    "departure": "伊宁",
                    "departureTime": "",
                    "destination": "那拉提草原",
                    "trafficType": "汽车"
                },
                {
                    "departure": "那拉提草原",
                    "departureTime": "",
                    "destination": "那拉提",
                    "arrivalTime": "",
                    "trafficType": "汽车"
                }
            ],
            "title": "伊宁     那拉提草原     那拉提",
            "tripDay": 8
        },
        {
            "breakfast": 1,
            "content": "早餐后8:00乘车前往出发今天从那拉提到巴音布鲁克，我喜欢低声吟唱电视剧《东归英雄传》里的插曲 《鸿雁》  ，是因为那沉稳 委婉略带伤感的旋律 ，是因为诗一般思念家乡、渴望回归的歌词 ，更因为歌声 中蕴含的一个悲壮动人的 历史故事。  、它还有一个凄美的爱情故事 ，传说 ，这里有一片会流泪的草场。 如果找到它 ，对着它大呼 爱人的名字 ，祈祷三天三夜 ，将来死后葬在那里 ，就会变成永不超生的精 灵 ，永远陪伴在爱人身边。9:30--12:30【巴音布鲁克大草原】    (门票+区间车费用已含 ，浏览时间约 2  小时)  ，这里水草丰茂 ，遍布着河流和 湖泊 ，草原周围由山峦环抱 ，连绵的丘陵和辽阔的草甸相间 ，景 色十分优美。有著名的天鹅湖、九曲十八弯等 ，是摄影家们钟爱的摄影胜地。晚在那拉提入住。",
            "dinner": 0,
            "hotels": [
                {
                    "name": "",
                    "star": "四星"
                }
            ],
            "lunch": 1,
            "scenes": [
                {
                    "consumingTime": "",
                    "description": "",
                    "name": ""
                }
            ],
            "scheduleTraffics": [
                {
                    "arrivalTime": "",
                    "departure": "",
                    "departureTime": "",
                    "destination": "",
                    "trafficType": ""
                }
            ],
            "title": "",
            "tripDay": 9
        },
        {
            "breakfast": 1,
            "content": "早餐后8:00乘车前往【独库公路北段】纵贯天山，体验这条公路风景线的魅力，堪称中国公路史上的一 座丰碑， 被成为“英雄之路”；沿途有风光旖旎的茫茫草原 ，有参天蔽日的云山雪岭 ，有百米防雪长廊 ， 沿途看 不尽的美景 ，拍不够的美照；  12:30中午时分抵达乔尔玛服务区用午餐中午时分抵达乔尔玛服 务区用午餐 ，这里的烈士陵园安放着为修建独库公 路而牺牲的 168 位战士的英灵 ，也流传着“感动中 国人物”陈俊贵为战友守墓三十多年的故事 ，可以随 自己的感触选择瞻仰；之后继续沿山高谷深的公 路前行 ，驶出山路后经过独山子市区。晚在乌市入住。",
            "dinner": 0,
            "hotels": [
                {
                    "name": "",
                    "star": "四星"
                }
            ],
            "lunch": 1,
            "scenes": [
                {
                    "consumingTime": "",
                    "description": "",
                    "name": ""
                }
            ],
            "scheduleTraffics": [
                {
                    "arrivalTime": "",
                    "departure": " 那拉提",
                    "departureTime": "",
                    "destination": "独库公路 ",
                    "trafficType": "汽车"
                },
                {
                    "departure": "独库公路 ",
                    "departureTime": "",
                    "destination": "乌鲁木齐 ",
                    "arrivalTime": "",
                    "trafficType": "汽车"
                }
            ],
            "title": "那拉提      独库公路      乌鲁木齐     ",
            "tripDay": 10
        },
        {
            "breakfast": 1,
            "content": "早餐后8:00乘车前往：吐鲁番，途经风力发电站、欣赏沿途的盐湖风景。乘车游览极度干旱地区的生命 血脉--【坎儿井】（游览时间不少于30分钟），坎儿井是荒漠地区一特殊灌溉系统，普遍于中国新疆吐鲁 番地区。坎儿井与万里长城、京杭大运河并称为中国古代三大工程。游览【火焰山】（游览时间不少于30 分钟），83版><西游记>拍摄地，高耸的火焰山上众多突兀的岩石在沙漠化严重的山体上显得格外突出 ，抵达乌市后前往【国际大巴扎】（此景点为赠送景点，不去不退，最终游览以当地实际安排为准，有可能 会调整游览顺序）（根据实际情况酌情调整国际大巴扎游览的时间顺序），是世界规模最大的大巴扎（维 吾尔语，意为集市、农贸市场），集民族特色文化、建筑、民族商贸、娱乐、餐饮于一体，是新疆旅游业产品 的汇集地和展示中心，是“新疆之窗”“中亚之窗”和“世界之窗”。晚在乌市入住。",
            "dinner": 0,
            "hotels": [
                {
                    "name": "",
                    "star": "四星"
                }
            ],
            "lunch": 1,
            "scenes": [
                {
                    "consumingTime": "",
                    "description": "",
                    "name": ""
                }
            ],
            "scheduleTraffics": [
                {
                    "arrivalTime": "",
                    "departure": "乌鲁木齐",
                    "departureTime": "",
                    "destination": " 吐鲁番",
                    "trafficType": "汽车"
                },
                {
                    "departure": " 吐鲁番",
                    "departureTime": "",
                    "destination": "国际大巴扎",
                    "arrivalTime": "",
                    "trafficType": "汽车"
                },
                {
                    "departure": "国际大巴扎",
                    "departureTime": "",
                    "destination": "乌鲁木齐",
                    "arrivalTime": "",
                    "trafficType": "汽车"
                }
            ],
            "title": " 乌鲁木齐      吐鲁番      国际大巴扎      乌鲁木齐",
            "tripDay": 11
        },
        {
            "breakfast": 1,
            "content": "早餐后， 根据返程航班前往乌鲁木齐机场送机， 返回温馨的家。",
            "dinner": 0,
            "hotels": [
                {
                    "name": "",
                    "star": ""
                }
            ],
            "lunch": 0,
            "scenes": [
                {
                    "consumingTime": "",
                    "description": "",
                    "name": ""
                }
            ],
            "scheduleTraffics": [
                {
                    "arrivalTime": "",
                    "departure": "乌鲁木齐",
                    "departureTime": "",
                    "destination": "北京",
                    "trafficType": "飞机"
                }
            ],
            "title": "乌鲁木齐                 北京",
            "tripDay": 12
        }
    ]
}