{
    "product": {
        "childAgeBegin": "0",
        "childAgeEnd": "0",
        "childHasBed": 0,
        "childHasTraffic": 0,
        "childHeightBegin": "",
        "childHeightEnd": "",
        "childRule": "",
        "departureCityName": "",
        "departureCountryName": "中国",
        "departureProvinceNam": "",
        "dests": [
            {
                "countryName": "新加坡",
                "destCityName": "",
                "destProvinceName": ""
            }
        ],
        "insurance": [
            {
                "content": "最高保额为80万元的金额",
                "name": "责任险",
                "typeName": ""
            }
        ],
        "insuranceIncluded": 1,
        "markets": [
            {
                "name": "游学目的"
            },
            {
                "name": "国际学府"
            },
            {
                "name": "教师团队"
            },
            {
                "name": "寓教于乐"
            },
            {
                "name": "多元化知识领域探索"
            },
            {
                "name": "生态课堂"
            },
            {
                "name": "专业领队管家全程贴心服务"
            }
        ],
        "productSubtitle": "亲子游 新加坡冬令营",
        "productTitle": "南洋理工小小留学生冬令营-研学 亲子版5晚7日CA",
        "returnCityName": "",
        "tags": [
            {
                "name": ""
            }
        ],
        "themes": [
            {
                "name": "南洋理工小小留学生冬令营-研学 亲子版5晚7日CA"
            }
        ]
    },
    "line": {
        "backAirports": [
            {
                "airlineCode": "CA",
                "airlineName": "",
                "arriveAirportName": "",
                "arriveTime": " 06：00+1",
                "days": "0",
                "flightNo": "CA970",
                "flightSort": "",
                "startAirportName": "",
                "startTime": " 23：25"
            }
        ],
        "backTransportName": "飞机",
        "goAirports": [
            {
                "airlineCode": "CA",
                "airlineName": "",
                "arriveAirportName": "",
                "arriveTime": "21：55",
                "days": "0",
                "flightNo": "CA969",
                "flightSort": "",
                "startAirportName": "",
                "startTime": " 15：35"
            }
        ],
        "goTransportName": "飞机",
        "hotelStarName": "",
        "lineFeature": "游学目的：为了孩子们获得高质量的游学经历是我们存在的重要理由，孩子们对高质量游学的需求是我们发展的原动力。  国际学府：南洋理工大学名校STEM课程体验，领略顶尖学府科学技术带来的无限乐趣  教师团队：由新加坡教育局注册认可的讲师组成，真正让孩子在双语环境里，动手动脑，开阔视野，培养 兴趣。真正做到游有所学  寓教于乐：新加坡环球影城乐翻天 日间动物园 疯狂动物城 有学有玩   多元化知识领域探索：新加坡科技馆 国家博物馆 国家图书馆   生态课堂：新加坡植物园  新加坡新生水教育-滨海堤坝永续馆   专业领队管家全程贴心服务  搭乘中国国际航空往返直达 确保安全 一天自由活动 给足亲子空间 ",
        "lineSimpleTitle": "",
        "lineSortTitle": "",
        "lineTitle": "",
        "needVisa": 0,
        "passCities": [
            {
                "cityName": "",
                "countryName": "",
                "provinceName": ""
            }
        ],
        "tripDays": "7",
        "tripNight": "5",
        "visaBasic": {
            "postAddress": "",
            "postContact": "",
            "postPhone": "",
            "visas": [
                {
                    "content": "",
                    "country": "",
                    "district": "",
                    "freeVisa": "0",
                    "signPlace": ""
                }
            ]
        }
    },
    "cal": {
        "channelPut": [
            {
                "adultSalePrice": "",
                "childSalePrice": "",
                "sellRemark": ""
            }
        ],
        "departDate": [
            ""
        ]
    },
    "cost": {
        "bookRule": "",
        "costExclude": "1、旅游意外伤害保险及航空意外险（建议自行购买）  2、单房差或加床（默认2人间）  3、中国境内机场（车站）接送  4、行李物品托管或超重费；  5、个人费用、包括：酒店内电话、传真、洗熨、收费电视、饮料等费用、洗衣，理发，电话，饮料，烟酒，付费电视，行李 搬运等私人费用；签证相关的例如未成年人公证，认证等相关费用     6、根据实际情况列明是否有当地政府收取的税金或调节基金  7、自由活动期间的餐食费和交通费  8、因交通延误、取消等意外事件或战争、罢工、自然灾害等不可抗拒力导致的额外费用  9、因旅游者违约、自身过错、自身疾病导致的人身财产损失而额外支付的费用  10、护照费用；签证相关的例如未成年人公证，认证等相关费用  11、“旅游费用包含”内容以外的所有费用 ",
        "costInclude": "1、【交通】北京-新加坡，新加坡-北京往返国际机票，团队经济舱，含机场建设税  2、【用车】行程内豪华巴士用车  3、【导服】专业领队服务，资深中文导游陪同，全程小费  4、【餐饮】行程所列餐食  5、【住宿】5晚新加坡乐怡城东度假村2人1房。  单房差2500元 儿童不占床-2500元（儿童不占床无早餐 早餐100元/天/人）       6、【景点】科学馆（含巨幕影院）+环球影城门票+日间动物园+南洋理工大学机器人课程1次( 课程不足20人会安排拼课 家 长不可以入内上课  以学校安排为准）  7、【责任险】最高保额为80万元的金额；  8、【水】每日矿水/支/人 ",
        "lineReturns": [
            {
                "begin": "",
                "cost": "",
                "end": ""
            }
        ],
        "otherRule": "",
        "returnContent": "",
        "selfCostContent": "",
        "selfCosts": [
            {
                "address": "",
                "fee": "",
                "name": "",
                "remark": "",
                "stay": ""
            }
        ],
        "shopContent": "",
        "shops": [
            {
                "address": "",
                "remark": "",
                "shopName": "",
                "shopProduct": "",
                "stay": ""
            }
        ],
        "tipsContent": "以上参考行程以当地旅行社接待安排为准，有可能会前后调整顺序，但不会减少旅游景点；  东南亚酒店酒店多数不提供洗漱用品和拖鞋，请客人自备；  团体客人安排同性二人一间房，夫妻可以在不影响总房数的前提下尽量安排同住，若出现单男单女，导游有权调配，  若客人坚持占单间需支付所增费用   现东南亚各国均可使用银联卡及信用卡，如果您携带信用卡，请在国内确认好已经激活可以在境外使用；  因东南亚及其海岛所处的自然环境所限，在我社行程所列的客人入住之酒店、餐厅、交通工具、旅游地点等场所出现的各类昆虫及动物， 均属无法控制的自然现象；此类情况不能作为与我方合作的旅行社及客人向我方投诉和索赔的理由，我社亦不承担赔偿责任，敬请谅解；  出行前应详细了解前往目的地国家和地区海关及出入境等相关规定，不得携带违禁品、限制进出境物品及不符合携带进出前往国及地区 标准的物品等进出目的地国家和地区，由此产生的后果由游客承担。进入新加坡不允许携带香烟，口香糖；  遵守团队纪律，团进团出，不得擅自分团、脱团；  航空公司规定此客票出票后不可退票，恕不退款。  13. 过移民局（边防）、海关时，要听从并配合  14. 由于不可抗拒的原因，如政变、罢工、水灾地震、交通意外等所引起的旅游天数和费用的增加，本公 司将按实际情况向旅客予以收费。  参加旅游的旅客，所持护照均为自备因私护照，出入境如遇到因护照引起的问题而影响行程，由此引 起的一切损失（包括团费），均由 客人自负。  9.  如旅游者属港澳台人士或持外国护照，请于出发前确认是否有符合出入中国海关的有证件；（境内游客请带好相关证件）；  10. 出团通知将在出发前2天发布，如因航班运力、天气等原因造成延误，我社会尽力协调，必要时将对行程做出调整，  届时请配合并谅解。  11. 请您务必按出团通知上的集合时间、地点准时到达机场，并主动跟送团人或领队联系。"
    },
    "trips": [
        {
            "breakfast": 0,
            "content": "从中国飞往魅力新加坡，安全抵达新加坡樟宜机场，专车直接送至度假村酒店休息。",
            "dinner": 0,
            "hotels": [
                {
                    "name": "新加坡城东乐怡 度假村或同级",
                    "star": ""
                }
            ],
            "lunch": 0,
            "scenes": [],
            "scheduleTraffics": [
                {
                    "arrivalTime": "21：55",
                    "departure": "北京",
                    "departureTime": "15：35",
                    "destination": "",
                    "trafficType": "飞机"
                }
            ],
            "title": "北京新加坡（参考航班： CA969  1535/2155） ",
            "tripDay": 1
        },
        {
            "breakfast": 0,
            "content": "",
            "dinner": 0,
            "hotels": [
                {
                    "name": "新加坡城东乐怡 度假村或同级",
                    "star": ""
                }
            ],
            "lunch": 1,
            "scenes": [
                {
                    "consumingTime": "",
                    "description": "国会大厦、高等法院、市政厅、莱佛士铜像、莱佛士登岸遗址、总理 公署、维多利亚剧院、百年吊桥、莱佛士酒店、圣安得列教堂；",
                    "name": "英国殖民地风情游"
                },
                {
                    "name": "鱼尾狮公园",
                    "description": "让您与鱼尾狮留下狮城经典合影。让大家充分了解“花园城市”新加坡概貌。",
                    "consumingTime": ""
                },
                {
                    "name": "牛车水",
                    "description": "是新加坡华人聚集最多的地方，也是游客来到新加坡必看的文化景点之一。从移 第二天  民安置地到生机勃勃的传统文化区域，有著名华人建筑，寺庙等，历史痕迹随处可见。现代化景观紧紧相 随，各种购物中心、美食摊、各色商品小贩和百年老店毗邻而居，吃喝玩乐一应俱全。",
                    "consumingTime": "约30分钟"
                },
                {
                    "name": "甘榜格南",
                    "description": "新加坡甘榜格南是以生长在沼泽地周围的树木“gelam”树为名的，是新加坡 穆斯林的聚居区。它在过去曾是马来族皇室的活动中心。今天，昔日苏丹的宫殿已被改造成一个文化遗产 博物馆，展示新加坡马来族群的丰富历史。整个甘榜格南是新加坡历史和文化的精华所在。在这个美妙的 地方，可以体验马来人的热情好客，学习回教徒的习俗，绝对是体验民族风情不容错过的地方。",
                    "consumingTime": "约30分钟"
                },
                {
                    "name": "哈芝巷",
                    "description": "曾经一条空荡荡的街道，现在绘满了夸张而鲜艳的图画。更是购物狂向往的胜地， 种类繁多的多品牌店、奇特的精品店、时尚酒吧和咖啡厅沿街一字排开。或是到阿拉伯街 (Arab Street) 和 巴梭拉街 (Bussorah Street) 选购波斯地毯和卡巴雅 (kebaya) 连衣裙（传统娘惹服装）等传统商品，以 及手工调配的香水。 ",
                    "consumingTime": "约30分钟"
                },
                {
                    "name": "小印度",
                    "description": "当地泰米尔人的族裔社区，在许多方面类似于印度，犹如印度的缩影。在印度的 几大重要节庆期间，小印度更是被装点成金碧辉煌的神话世界。这一带有数座印度教寺庙和清真寺，如维 拉马卡里拉曼庙、安古利亚回教堂、维达帕提雅卡雅曼兴都庙、Jalan回教堂等。一进入小印度，一股浓 烈的辣椒和香料气味就会扑面而来。道路两旁的商店里陈列着金银首饰、铜器、具有民族特色的珠宝、茉 莉花环和丝制莎丽等。走时别忘了带一包印度咖哩，品尝一杯香浓的拉茶。 ",
                    "consumingTime": "约30分钟"
                },
                {
                    "name": "滨海湾花园擎天大树",
                    "description": "擎天大树位于滨海南花园内，设计灵感是来源于热带雨林中的优 势 树种，结合了成年树的外形和功能，不仅可支持植物的生长，还能通过环境可持续性的特征，模拟树木 的 生态功能。这些擎天大树就好像是垂直的花园，它垂直展示了热带攀缘植物、附生植物和蕨类植物，制 造 出令人惊叹的元素。擎天大树的树冠白天可以为游人遮荫，晚上可以为游人照明。树冠上安装了光伏电 池， 白天时吸收太阳能，到晚上就可以供电照明了。夜幕降临之后，五彩的灯光和投射多媒体，将这座垂 直花 园打扮得妖娆多姿。 ",
                    "consumingTime": "约 30 分钟"
                }
            ],
            "scheduleTraffics": [],
            "title": "新加坡：殖民地风情游-鱼尾狮公园-牛车水-甘榜格南-哈芝巷-小印度-滨海湾花园 初识狮城的一天",
            "tripDay": 2
        },
        {
            "breakfast": 1,
            "content": "",
            "dinner": 1,
            "hotels": [
                {
                    "name": "新加坡城东乐怡 度假村或同级",
                    "star": ""
                }
            ],
            "lunch": 0,
            "scenes": [
                {
                    "consumingTime": "",
                    "description": " Singapore Zoo被誉为全球最具特色 第三天  的动物园之一，园内有超过3,600种鸟兽。园林设计十分精致，身处其间，仿佛是在画中游。大多数动物 是分别圈在各自的小岛上，岛周围都有足够宽的水沟，使动物无法逃逸，这种巧妙的设计大大缩短了动物 新加坡城东乐怡 度假村或同级  与人的距离。园内自由活动，寻找更多的乐趣：我们不再居高临下地观看身陷大坑中的狮子、老虎、黑熊…… 而是和这些凶猛动物面对面，从几米远的距离外跟它们打招呼。那些对游人不具威胁的动物更加自由，大 水鸟悠闲地走到小路上，经常有红毛猩猩慵懒吊在你头顶上的树梢上，那种新奇的感受的确不是其他动物 园所能给予的。还能看到许多精彩的动物表演，包括许多不同动物参与的雨林大反击、海洋动物表演、亚 洲大象表演。值得一提的是，在此动物园中还设立了一座【雨林儿童乐园】让孩子们尽情嬉戏。孩子们还 可在乐园内免费戏水，所以别忘了带上泳衣和替换的衣服哟！ ",
                    "name": "新加坡日间动物园"
                },
                {
                    "name": "新生水环保教育-滨海堤坝永续馆",
                    "description": "作为全世界首个使用“新生水”的国家，新加坡国内和海外都对 这一举措一片哗然。参加游览，了解更多这个新加坡创举背后的成功故事。 将在导游的带领下，通过展览 中心的多感官的视听感受和一个虚拟指导下踏上“新生水”的发现之旅。游客将了解到公众如何影响了高 级膜技术的开发从而研发出新生水。展览中心里还设置了一个新生水工厂让游客亲眼目睹并亲手操作新生 水的生产。此外，展览中心还以播放多媒体录像和互动游戏方式让游客更深的了解新生水的所有知识。",
                    "consumingTime": ""
                }
            ],
            "scheduleTraffics": [],
            "title": "新加坡（日间动物园+新生水环保教育讲座-研学之旅）生态环保研学的一天",
            "tripDay": 3
        },
        {
            "breakfast": 1,
            "content": "",
            "dinner": 1,
            "hotels": [
                {
                    "name": "新加坡城东乐怡 度假村或同级",
                    "star": ""
                }
            ],
            "lunch": 1,
            "scenes": [
                {
                    "consumingTime": "",
                    "description": " 来到拥有世界百位名校排名的南洋理工大学。学习机器人编程课程。   课程由中英文双语教学，让学生们切身感受国际课堂的魅力。   课程以机器人为切入点，带领学生重温机器人的发展历程   课程包括机器人理论与应用、机器人搭建与编程，让学生们与世界最新科技接轨，增强动手操作与逻 辑思维能力。   课程开展以小组为单位，突出交流合作能力。   南大在读博士和硕士生和新加坡教育局注册的讲师，授课方式灵活开放，突出合作和交流，调动学生 积极性   课程结束后安排师生合影，颁发课程证书，带着一份美好的回忆，结束国际小小留学体验 ",
                    "name": "新加坡南洋理工大学"
                },
                {
                    "name": "新加坡国立大学",
                    "description": "深入全球百名排行内的南大校园参观。作为新加坡首屈一指的世界级顶尖大学，立足 亚洲、放眼世界，是新加坡历史悠久、规模最大的国际一流大学，在亚洲大学排名中均位列前茅。徜徉在 大学静谧氛围内，了解现代化的教学环境，体验高等学府的学习氛围及专业设施，了解新加坡最顶尖教育 的历史发展，开拓视野，为以后的求学多一份选择。",
                    "consumingTime": ""
                },
                {
                    "name": "新加坡科学馆",
                    "description": "下午我们将来到世界顶尖的新加坡科学馆呈现超过850个互动展览，描绘了科学的奇迹 和奥妙，同时激发您的想象力，让您的思考永无止境。将科学与艺术融汇在一起的动力园是亚洲第一个户 外科学互动园！清凉舒适的花园内有各种水景，如瀑布、池塘和喷泉等，外加 35 处互动雕像、展品和显 示仪器，",
                    "consumingTime": ""
                },
                {
                    "name": "科学馆体验小课堂",
                    "description": "由场馆 内的工作人员带领大家在科技角给小朋友们讲解一个科学原理，动手制作一个小小的科学手工，让您的宝 贝和新加坡的孩子一起在游戏中增长知识，收获更多（课程时间及内容视当日馆内安排为准）",
                    "consumingTime": ""
                },
                {
                    "name": "IMAX巨幕戏院",
                    "description": "也是新加坡科学馆的另一处引人入 胜的地方。高五层楼，直径 23 米的圆形巨型屏幕，配上先进的音响系统，绝对能给观众带来惊心动魄的 影院感受，从光影世界里学到更多生动的知识与科学。这是本地新加坡小朋友周末最受欢迎场所之一",
                    "consumingTime": ""
                },
                {
                    "name": "镜子迷宫",
                    "description": "一个充满无限映像和无尽长廊，由万镜打造的真人尺寸迷宫，小心可别在回来的路上撞见另一个 自己哦。",
                    "consumingTime": ""
                },
                {
                    "name": "火龙卷风表演",
                    "description": "火龙卷是自然界中最壮观又可怕的现象之一",
                    "consumingTime": ""
                },
                {
                    "name": "E3-沉浸式科技厅",
                    "description": "最新的可视化技术，以虚拟现实和3D 360度环境为特色的沉浸式展览区。 ",
                    "consumingTime": ""
                }
            ],
            "scheduleTraffics": [],
            "title": "新加坡：南洋理工大学课程 颁发证书-新加坡国立大学参观-新加坡科学馆  满满科技感的一天",
            "tripDay": 4
        },
        {
            "breakfast": 1,
            "content": "",
            "dinner": 0,
            "hotels": [
                {
                    "name": "新加坡城东乐怡 度假村或同级",
                    "star": ""
                }
            ],
            "lunch": 0,
            "scenes": [
                {
                    "consumingTime": "",
                    "description": "新加坡环球影城是圣淘沙名胜世界的最重要景点。到访新加坡环球影 城，身历其境，体验电影！ 新加坡环球影城拥有多项顶尖独特的游乐设施与景点，融汇电影主题的崭新项 目及表演，其中包括：变形金刚3D对决之终极战斗、史瑞克4-D影院、马达加斯加：木箱漂流记、侏罗 纪河流探险等！沉浸在七个主题区域之中，进入电影的梦幻世界，感受在过山车上飞跃的刺激及电影主题 游乐设施带来的快感， 让您置身于梦幻的电影世界里，身历其境，体验电影！现实化的银幕为您带来绚丽 多彩，赏心悦目的世界，以及无与伦比的娱乐体验。除了可以体验惊心动魄的主题公园娱乐设施外，这里 更是汇集了众多与众不同的礼品店和餐厅，是适合全家老少一起游玩的地方。此外，在这里，你还可以参 与好莱坞梦幻花车巡游，在园区内将会出现各种电影角色，包括功夫熊猫阿宝、科学怪人、玛丽莲·梦露、 查理·卓别林等，你可以和每个人合影留念",
                    "name": "新加坡环球影城"
                },
                {
                    "name": "圣淘沙三大海滩，漫步沙滩",
                    "description": "高耸的椰树，随风婆娑；稀稀落落的茅亭，更增添沙滩的南洋风 情。海滩清澈明亮的海水与细 腻柔滑的沙滩吸引了许多热爱沙滩与水上运动的人们。",
                    "consumingTime": ""
                },
                {
                    "name": "西乐索海滩",
                    "description": "是众 多沙滩排球迷的聚集地也是新加坡海滩排球盛行的发原地，除了有咖啡座、沙滩酒吧与精品商店，还有许 多户外活动设施如独木舟、滑水板、骑车与滑轮等，吃喝玩乐，样样俱全。",
                    "consumingTime": ""
                },
                {
                    "name": "巴拉湾海滩",
                    "description": "设有多个小吃店、精品商店与具备无线网络的沙滩酒吧。巴拉湾海滩最引人入胜的景点是横跨 巴拉湾海面连接一方小岛的吊桥。吊桥的另一端是亚洲大陆的最南端，亦是亚洲最接近赤道的地方。踏过 吊桥到亚洲大陆极南点可以眺望美丽的南中国海。",
                    "consumingTime": ""
                },
                {
                    "name": "丹戎海滩",
                    "description": "喜欢在沙滩上度过宁静午后的人，【丹戎海滩】是最适合 不过的。",
                    "consumingTime": ""
                },
                {
                    "name": "圣淘沙心之音",
                    "description": "作为圣淘沙-布拉尼总体规划完成的首要里程碑,将连接了北部的圣淘沙名胜世界与南部 的圣淘沙海滩,为游客带来全新的体验心之音位于圣淘沙中心,  占地3万平方米,在此漫步的人都能乐在其 中,为岛上原生态的美景所深深折服。这个令人着迷的打卡地拥有一系列感官庭院,其中包括一条长达 350 米的自然景观通道。这些庭院融合了自然、建筑和科技元素,激发并唤醒了游客的想象力等六种感官。作为 一条供休憩和探秘的通道,心之音还蕴含了几座感官庭院:观径、触阁、馨境、韵源、津庭和光苑。心之音突 破了传统公园设计的界限,将令人称奇的建筑与自然  美景融为一体。这个独特的空间不仅让游客沉浸在迷 人的数字灯光艺术中,还能体验增强现实带来的迷人昼夜之旅。",
                    "consumingTime": ""
                },
                {
                    "name": "马来美食街",
                    "description": "让您一站到底，在新加坡也能体验到纯正马来美食的魅力！ ",
                    "consumingTime": ""
                }
            ],
            "scheduleTraffics": [],
            "title": "新加坡（圣淘沙乐翻天 包含环球影城门票）嗨翻狮城的一天",
            "tripDay": 5
        },
        {
            "breakfast": 1,
            "content": "全天自由活动  无车 无导游 无餐",
            "dinner": 0,
            "hotels": [
                {
                    "name": "飞机上",
                    "star": ""
                }
            ],
            "lunch": 0,
            "scenes": [
                {
                    "consumingTime": "",
                    "description": "之后各位贵宾可自行前往体验最新网红星耀樟宜汇聚独一无二的游乐胜地、购物休闲、住宿 餐饮、花园景观和航空设施；内有天空之网长达50米的步行网道悬挂在25米的高空中，感受跃然空中的 体验，在高空欣赏森林谷美不胜收的景色；还有高达 40 米的雨漩涡将会是世界最高的室内瀑布，无疑是 “星耀樟宜”的一大亮点。在白天，雨漩涡使人们沉浸在日光下的水雾中；当夜幕降临，瀑布中一层一层 的水幕将会成为屏幕，之后结束愉快的旅程，返回中国。",
                    "name": "星耀樟宜"
                }
            ],
            "scheduleTraffics": [
                {
                    "arrivalTime": "06：00+1",
                    "departure": "新加坡",
                    "departureTime": "23：25  ",
                    "destination": "北京",
                    "trafficType": "飞机"
                }
            ],
            "title": "新加坡 北京",
            "tripDay": 6
        },
        {
            "breakfast": 0,
            "content": "",
            "dinner": 0,
            "hotels": [],
            "lunch": 0,
            "scenes": [],
            "scheduleTraffics": [],
            "title": "抵达北京首都国际机场 ",
            "tripDay": 7
        }
    ]
}