{
    "product": {
        "childAgeBegin": "0",
        "childAgeEnd": "0",
        "childHasBed": 0,
        "childHasTraffic": 0,
        "childHeightBegin": "",
        "childHeightEnd": "",
        "childRule": "",
        "departureCityName": "北京",
        "departureCountryName": "中国",
        "departureProvinceNam": "",
        "dests": [
            {
                "countryName": "",
                "destCityName": "",
                "destProvinceName": ""
            }
        ],
        "insurance": [
            {
                "content": "",
                "name": "",
                "typeName": ""
            }
        ],
        "insuranceIncluded": 0,
        "markets": [
            {
                "name": "悦享"
            }
        ],
        "productSubtitle": "",
        "productTitle": "悦享贝加尔湖+奥利洪岛蓝冰九日",
        "returnCityName": "北京",
        "tags": [
            {
                "name": "悦享"
            }
        ],
        "themes": [
            {
                "name": "奥利洪岛蓝冰7晚9日"
            }
        ]
    },
    "line": {
        "backAirports": [
            {
                "airlineCode": "HU",
                "airlineName": "海南航空",
                "arriveAirportName": "",
                "arriveTime": "02:05",
                "days": "0",
                "flightNo": "HU7968",
                "flightSort": "",
                "startAirportName": "",
                "startTime": "23:05"
            }
        ],
        "backTransportName": "飞机",
        "goAirports": [
            {
                "airlineCode": "HU",
                "airlineName": "海南航空公司",
                "arriveAirportName": "",
                "arriveTime": "21：05",
                "days": "0",
                "flightNo": "HU7967",
                "flightSort": "",
                "startAirportName": "",
                "startTime": "18:05"
            }
        ],
        "goTransportName": "飞机",
        "hotelStarName": "四星",
        "lineFeature": "",
        "lineSimpleTitle": "",
        "lineSortTitle": "",
        "lineTitle": "",
        "needVisa": 0,
        "passCities": [
            {
                "cityName": "",
                "countryName": "",
                "provinceName": ""
            }
        ],
        "tripDays": "9",
        "tripNight": "7",
        "visaBasic": {
            "postAddress": "",
            "postContact": "",
            "postPhone": "",
            "visas": [
                {
                    "content": "",
                    "country": "",
                    "district": "",
                    "freeVisa": "0",
                    "signPlace": ""
                }
            ]
        }
    },
    "cal": {
        "channelPut": [
            {
                "adultSalePrice": "",
                "childSalePrice": "",
                "sellRemark": ""
            }
        ],
        "departDate": [
            "2025.01.14/2025.01.28/2025.02.11"
        ]
    },
    "cost": {
        "bookRule": "",
        "costExclude": "1.单间差费用：4500 元/人（全程）； 2.护照费用； 3.费用包含项目中未涉及的景点门票费用； 4.酒店内：洗衣、理发、电话、传真、收费电视、饮品、烟酒、小费、搬运等个人消费； 5.出入境超重行李的托运费、保管费； 6.以上服务内容中未提及的其他费用，例如特种门票（芭蕾舞、游船、马戏等）。",
        "costInclude": "1. 酒店：网评四星酒店住宿及特色木屋酒店(团队安排同性别客人入住同一间房,不能保证夫 妻同住一间房)； 参考酒店： 市区：北海或同级； 奥岛：欲望或同级； 利镇：十字山谷或同级； 2.机票：国际间往返团队经济舱机票，不得退、改、签； 3.用车：空调旅游巴士； 4.用餐：早餐：酒店早餐；午晚餐：中式团餐，当地俄式简餐或野餐； 5.签证：中方+俄方免签名单； 6.保险：三重保险，旅行社责任险+旅游意外保险+境外紧急救助险（备注：年龄超 75 岁，境 外紧急救助险保险公司不承保，境外如需就医费用先行自理，治疗结束后意外险理赔）； 7.门票：合波角、南线、往返渡口气垫船、冰浮、塔利茨木制民俗博物馆、贝加尔湖博物馆、 狗拉雪橇、往返缆车、气垫船游贝加尔湖（1 小时）、K9 军事基地；（备注：所有门票及娱 乐项目境外已提前预定，如不参加，费用不退！） 8.双语专业领队及金牌地接导游全程陪同； 9.境外服务费。 提示：住宿全程不提供自然单间，产生单房差需客人自理。团队安排同性别客人入住同一间 房,不能保证夫妻同住一间房。",
        "lineReturns": [
            {
                "begin": "",
                "cost": "",
                "end": ""
            }
        ],
        "otherRule": "1.景点说明：行程中未标注“入内参观”的景点均为游览外观；入内参观景点均含门票； 郑重承诺：景点实际游览时间不少于行程中标注时间！ 2.行程说明： （1）如遇部分景点节假日休息或庆典等，我司有权根据实际情况调整行程中游览先后顺 序，以尽可能保证游览内容。但客观因素限制确实无法安排的，我司将根据实际情况进行调 整，敬请各位贵宾理解与配合； （2）行程景点实际游览最短时间以行程中标注时间为准； （3）根据国际航班团队搭乘要求，团队通常须提前 3-4 小时到达机场办理登机手续，故 国际段航班在当地下午 15 点前（含 15 点），晚间 21 点前（含 21 点）起飞的，行程均不含 午餐或晚餐； 3.酒店标准： （1）行程中已标明酒店的星级标准为当地酒店评定标准； （2）俄罗斯三、四星级酒店俄式电梯没有开关门的按键，须等电梯自动开关门，欧洲的 三、四星级酒店大堂都比较小，无商场，电梯每次只能乘坐两个人和行李，个别酒店没有电 梯，请您注意安全； （3）俄罗斯有些酒店的双人标准房只设置一张大的双人大床，放置双份床上用品，有时 是二张单人床拼在一起，用时可拉开； （4）由于环保、历史悠久、气候等原因，俄罗斯较多酒店无空调设备； （5）中世纪的欧洲人都是半卧而眠，床都比较短窄，这个历史习惯影响到现在的欧洲床 依旧不大。建议您不要同孩子一起睡一张床，影响您的休息。通常每个标准间可以接待两大 人带一个 2 岁以下儿童（不占床），具体费用根据所报团队情况而定；若一个大人带一个 2 岁以下儿童参团，建议住一标间，以免给其他游客休息造成不便； （6）如果因展会、酒店爆满等因素，我司会依当时情况调整住宿酒店，但是不会影响酒 店星级及整体游览时间； 4.用餐说明： （1）早餐以西餐为主，正餐以中式正餐或俄餐为主, 我们尽量安排符合中国游客饮食习 惯的餐食。酒店用自助早餐时，请适量选取，切勿在餐盘内剩余过多的食物或打包带走，这 是极不礼貌的行为。中餐一般为 8-12 人一桌，冷热荤素搭配； （2）请出行前适量自备一些饼干等食品，因在旅途中有时难免因交通堵塞等特殊原因耽 误您的用餐时间； （3）如您有饮食禁忌，请务必于团队出发前告知工作人员，以便事先安排； （4）团餐均是提前按照标准预定执行，故不能退餐。团餐以吃饱为主，对于口味讲究的 客人，请您多多包涵； （5）团餐中，如果您想加菜（当地中餐菜品价格较高），请自行用卢布付款。另外，加 菜也会多费一些时间，请以不影响团队出发为准； 5.保险说明： 游客出行前请确保自身身体条件能够完成旅游活动，旅游意外伤害险承保范围不包括以 下情况： （1）游客自身带有的慢性疾病； （2）参加保险公司认定的高风险项目如跳伞、滑雪、潜水等； （3）妊娠、流产等保险公司规定的责任免除项目； 6.退费说明： （1）如遇天气、战争、罢工、地震等人力不可抗力因素无法游览，我司将按照旅行社协 议，退还未游览景点门票费用，但赠送项目费用不退； （2）游客因个人原因临时自愿放弃游览，酒店住宿、餐、车等费用均不退还； （3）如遇火车时间晚点，不能正常用餐，将退客人餐费； （4）如遇民族，宗教信仰等用餐习惯不同于他人，不能正常用餐，请出团前告知旅行社， 申请退还餐费； 7.补费说明： （1）如遇航空公司政策性调整机票价格，请按规定补交差价。机票价格为团队机票，不 得改签换人退票； （2）如果旅游目的地国家政策性调整门票或其他相关价格，请按规定补交差价； 8.其他说明：客人意见表，我司处理游客意见，以游客交回的《客人意见表》为依据， 请您秉着公平、公正、实事求是的原则填写《客人意见表》。",
        "returnContent": "1.报名以定金为准，定金 3000 元/人；团款余额最晚支付日为团队出发前 8 个工作日； 2.退团说明：游客报名后因故不能参加本次旅游，出发前 30 天退团或换人参团，不产生损失 （如已出机票和签证等，要承担改签费用）；如果出发前 8-29 天确认退团，游客需承担定金 损失费 3000 元（换人无损）；出发前 7 天确认退团，产生全部损失，所有团款不退； 3.退票说明：本行程采用团队机票，根据航空公司规定，该团队机票及税不退、不改、不签。 请您慎重选择出行日期，以免造成损失。",
        "selfCostContent": "",
        "selfCosts": [
            {
                "address": "",
                "fee": "",
                "name": "",
                "remark": "",
                "stay": ""
            }
        ],
        "shopContent": "",
        "shops": [
            {
                "address": "",
                "remark": "",
                "shopName": "",
                "shopProduct": "",
                "stay": ""
            }
        ],
        "tipsContent": "1.北京和伊尔库茨克无时差； 2.俄罗斯货币目前和中国货币的汇率是：13:1，比如：1 元=13 卢布； 3.俄罗斯团队旅游使用免签团队名单，在旅游过程中不得脱团离团，请配合； 4.如客人系港澳台人士，或持外籍护照，请于出发前确认是否有再次进入中国的有效证 件； 5.大部分航空公司出发和返程欧洲国际段航班可免费托运 1件行李且不超过 23公斤/件。 若有欧洲境内段航班， 某些航空公司行李托运费用为客人自理，每件行李收费为 25-40 欧元 不等（各航空公司收费标准不同）； 6.行程中所列酒店星级标准为当地酒店评定标准；俄罗斯当地的三-四星级酒店大堂都比 较小，房间也较小，床很窄，电梯偏小； 7.如境外某些地区和国家的酒店房间，提供有不适宜未成年人观看的电视节目的，应对 此予以特别提醒，提示未成年人的监护人对未成年人收看电视节目予以关注； 8.根据当地法律规定，导游和司机每天工作时间不得超过 8 小时。请您务必严格遵守游 览时间安排，避免耽误行程； 9.请不要将贵重物品及自用应急药品放在托运行李中，以免丢失。旅游过程中， 请不要 把贵重物品、证件等放在团队旅游车上或者留在房间中； 10.景区首道门票是指只有购票才能进入景区范围的门票。不包括景区内单独收费的门票； 11.本产品地接社为俄罗斯当地旅行社；具体信息见行前所发的出团通知。本团队领队、 导游、紧急联系人相关信息和联系方式，将在出团通知中标明"
    },
    "trips": [
        {
            "breakfast": 0,
            "content": "下午在首都机场集合，搭乘国际航班前往伊尔库茨克。抵达后，导游接机， 入住酒店休息。",
            "dinner": 0,
            "hotels": [
                {
                    "name": "",
                    "star": ""
                }
            ],
            "lunch": 0,
            "scenes": [
                {
                    "consumingTime": "",
                    "description": "",
                    "name": ""
                }
            ],
            "scheduleTraffics": [
                {
                    "arrivalTime": "",
                    "departure": "",
                    "departureTime": "",
                    "destination": "",
                    "trafficType": ""
                }
            ],
            "title": "北京-伊尔库茨克",
            "tripDay": 1
        },
        {
            "breakfast": 1,
            "content": "早餐后，搭乘旅游巴士前往奥利洪岛，沿途欣赏美丽风景，大片的白桦林， 绿色的樟子松尽收眼底。途经美丽的草原和起伏的山丘以及由小木屋、木栅栏 组成的原始村落。奥利洪岛有广袤的草原和原始森林，有长长的沙滩和迷幻的 日出日落、神秘的萨满教中心、神奇的蓝冰，如果说贝加尔湖是西伯利亚的明 珠，那么奥利洪岛就是这颗明珠的心脏。 途中享用布里亚特午餐，餐后继续前行。抵达小海码头，换乘 8 人座俄式 越野车或者乘坐气垫船。（交通工具根据当地的冰层厚度决定）前往贝加尔湖 第一大岛。 前往萨满山观看贝加尔湖的日落，湖光日落，掀开奥利洪岛的第一篇章！ 晚餐后，入住酒店休息。 备注：一般 1-3 月，越野车能开到结冰的湖面，但是每年的结冰期会不同， 因此，车子能否开到冰上，要看每个批次的具体天气情况。此外，还要看冰层 冻结的厚度是否符合冰上安全驾驶",
            "dinner": 1,
            "hotels": [
                {
                    "name": "欲望或同级",
                    "star": "四星"
                }
            ],
            "lunch": 1,
            "scenes": [
                {
                    "consumingTime": "",
                    "description": "",
                    "name": ""
                }
            ],
            "scheduleTraffics": [
                {
                    "arrivalTime": "",
                    "departure": "",
                    "departureTime": "",
                    "destination": "",
                    "trafficType": ""
                }
            ],
            "title": "伊尔库茨克-奥利洪岛",
            "tripDay": 2
        },
        {
            "breakfast": 1,
            "content": "清晨可自行前往萨满山观日出。早餐后乘坐越野车前往奥利洪岛最北端合 波角，沿途参观哈兰茨、鳄鱼岛、人脸山、沙滩、三兄弟山。 午餐（途中野餐）后参观合波角，爱情山、美丽的草原。天气允许的情况 下,可以在合波角岸边拍冰挂、冰堆、冰洞等素材，越野巴士奔驰在一望无际 的冰面上，感受从未有的浩瀚感觉！（视天气情况而定，若是天气够冷，越野 车将开近冰面），之后返回胡日耳小镇。夜晚可自由选择去拍冰上星空。 晚餐后入住酒店休息。",
            "dinner": 1,
            "hotels": [
                {
                    "name": "欲望或同级",
                    "star": "四星"
                }
            ],
            "lunch": 1,
            "scenes": [
                {
                    "consumingTime": "",
                    "description": "",
                    "name": ""
                }
            ],
            "scheduleTraffics": [
                {
                    "arrivalTime": "",
                    "departure": "",
                    "departureTime": "",
                    "destination": "",
                    "trafficType": ""
                }
            ],
            "title": "奥利洪岛合波角",
            "tripDay": 3
        },
        {
            "breakfast": 1,
            "content": "清晨可自行在酒店附近观赏日出，早餐后探秘风情万种的奥利洪岛南线。 换乘岛上特有的俄式越野车前往位于奥利洪岛南端的小海（约 3.5 小时）， 欣赏与北线截然不同的湖岸风光。流连在贝加尔湖梦幻冰景世界中，尽情拍摄 冰裂、气泡冰、冰柱以及冰乳洞等奇特景观。途中会路过独立的小岛，这里是 岛上信奉萨满教信徒的祈福地，小岛中心伫立着一个小型佛塔，四周随风飘舞 的彩色祈福带，给岛上又增添了一丝神秘色彩。（这里只有冬天冰封才可以驾 车靠近，夏季是四周环水的独立小岛）。 之后返回岛上居民点并出发返回市区。",
            "dinner": 1,
            "hotels": [
                {
                    "name": "",
                    "star": ""
                }
            ],
            "lunch": 1,
            "scenes": [
                {
                    "consumingTime": "",
                    "description": "",
                    "name": ""
                }
            ],
            "scheduleTraffics": [
                {
                    "arrivalTime": "",
                    "departure": "",
                    "departureTime": "",
                    "destination": "",
                    "trafficType": ""
                }
            ],
            "title": "奥利洪岛南线-伊尔库茨克",
            "tripDay": 4
        },
        {
            "breakfast": 1,
            "content": "酒店早餐后，体验特色项目——冰浮（游玩时间约 1.5 小时），穿上红 色浸水保温服，在贝加尔湖的冰面上变身成为一只小龙虾，您可以摆出各种各 样新奇动作与同伴一起留下美好的瞬间。 后驱车前往利斯特维扬卡镇，前往塔利茨露天木制民俗博物馆(入内，2 小时)参观。这里是古代俄罗斯人居住生活的真实写照。博物馆里几乎所有的 建筑都是原汁原味的木头建成的，古朴而醇厚。在木屋中可以看到古老纺车、 高板床和俄式炉灶。参观唯一一条从贝加尔湖流出的河流---安加拉河口(约 15 分钟)，在湖、河交汇处就是古老的贝加尔湖传说发生的地方。由于河口处 水深且急，此处是贝加尔湖区域唯一全年不结冰的地方，冬季气温较低时段， 周边建筑和树林上会凝结壮观雾凇。 晚餐后入住酒店休息。",
            "dinner": 1,
            "hotels": [
                {
                    "name": "",
                    "star": ""
                }
            ],
            "lunch": 1,
            "scenes": [
                {
                    "consumingTime": "",
                    "description": "",
                    "name": ""
                }
            ],
            "scheduleTraffics": [
                {
                    "arrivalTime": "",
                    "departure": "",
                    "departureTime": "",
                    "destination": "",
                    "trafficType": ""
                }
            ],
            "title": "伊尔库茨克-利斯特维扬卡镇",
            "tripDay": 5
        },
        {
            "breakfast": 1,
            "content": "酒店早餐后，前往参观贝加尔湖博物馆（入内，40 分钟），博物馆内展 示了贝加尔湖的动植物标本及实物，还有机会看到憨态可掬的贝加尔湖淡水海 豹。博物馆呈现了从原始的造地运动到贝加尔湖形成的整个过程，更真实的让 游客感受贝加尔湖特有的地质以及气候环境。 乘坐雪橇（体验 1 公里）亲自体验俄罗斯原汁原味的生活常态！在贝加尔 湖冰面上或者原始森林里自由驰骋，俄罗斯特有的西伯利亚雪橇犬在前面奔 跑，呼啸的风声在耳边划过，同时欣赏贝加尔湖冬日独特的美景，仿佛自己也 已经迷失在白雪世界中。 午餐后乘坐缆车登切尔斯基山（约 1 个小时，含往返缆车，海拔 700 米） 山顶观光，从山顶俯瞰贝加尔湖，欣赏旖旎壮观的湖山风光，乘坐缆车下山， 一览山间雪景。特别安排乘坐气垫船游览贝加尔湖（约 1 小时）。她是世界上 年代最久的湖泊，蕴藏着地球全部淡水量的约 20%，是世界上储水量极大的淡 水湖泊。该湖水质好，透明度深达 40.5 米，被誉为“西伯利亚的明眸”。1996 年被列入世界人类文化和自然保护名录。 后参观当地本土生活气息的渔市场（约 40 分钟），这里有很多特别的野 生鱼类，可根据自己的喜好选择一两个品种进行品尝秋白鲑、真白鲑、鮰鱼等， 也可根据自己的爱好选购当地特色手工纪念品。 利斯特维扬卡的黄昏，绝对是让您记忆最深的，落日给澄净的天空染上金 晕，暖洋洋的，懒洋洋的，沐浴着金色的落日余晖，让您忍不住想追去湖边， 忽然觉着那里的落日或许更美，十多分钟后，湖边却只剩稍显昏暗的天色和一 抹晚霞。漫步湖边，欣赏贝加尔湖的美景，感受贝加湖河畔给您带来的片刻宁 静。 晚餐后入住酒店休息",
            "dinner": 1,
            "hotels": [
                {
                    "name": "十字山谷或同级",
                    "star": ""
                }
            ],
            "lunch": 1,
            "scenes": [
                {
                    "consumingTime": "",
                    "description": "",
                    "name": ""
                }
            ],
            "scheduleTraffics": [
                {
                    "arrivalTime": "",
                    "departure": "",
                    "departureTime": "",
                    "destination": "",
                    "trafficType": ""
                }
            ],
            "title": "利斯特维扬卡镇",
            "tripDay": 6
        },
        {
            "breakfast": 1,
            "content": "酒店早餐后，乘车返回伊尔库市区，观览城市 350 多年的历史遗迹。前往 参观基洛夫公园（约 30 分钟），它是伊尔库茨克旅游必到之地，基洛夫广场 （约 15 分钟）地处伊尔库茨克市中心，周围有许多当地著名的建筑，广场环 境优雅，虽然不大，但是有许多鸽子在这里闲庭信步，已经习惯了往来的人群。 后参观三大教堂：久负盛名的主显圣大教堂（外观 10 分钟），主显圣大教堂 始建于 1693 年，是伊尔库茨克第二古老的建筑，至今保存完好。波兰救世主 大教堂（外观 10 分钟）伊尔库茨克城的天主教堂，当地人大部分信仰东正教， 这个教堂是波兰移民百年前建造的，属于晚期哥特式建筑风格；喀山大教堂（外 观 10 分钟）它是完全仿照喀山圣母教堂的“圆葱顶”而造，是伊尔库茨克的 一座东正教教堂，也是伊尔库茨克市内 70 多座教堂中最精美的一座。 后前往参观政府大楼（外观 10 分钟）、二战胜利纪念广场（约 15 分钟）、 无名英雄烈士墓（约 10 分钟）、爱情桥（约 10 分钟）；漫步安加拉河边，拍 摄安加拉河的独特美景（是否拍摄因天气情况而定）。",
            "dinner": 1,
            "hotels": [
                {
                    "name": "北海或同级",
                    "star": "四星"
                }
            ],
            "lunch": 1,
            "scenes": [
                {
                    "consumingTime": "",
                    "description": "",
                    "name": ""
                }
            ],
            "scheduleTraffics": [
                {
                    "arrivalTime": "",
                    "departure": "",
                    "departureTime": "",
                    "destination": "",
                    "trafficType": ""
                }
            ],
            "title": "利斯特维扬卡镇-伊尔库茨克",
            "tripDay": 7
        },
        {
            "breakfast": 1,
            "content": "酒店早餐后，来到 K9 基地（约 1 小时）,工作人员会对基地进行简单的介 绍，接下来会拿来苏联时期的军装。随后，您可以换上军装，进入到武器库。 在这里，您可以实现 98K 的自由，十几种枪支类型，任您挑选。紧接着，带着 自己挑选的枪支，乘坐装甲车（约 15 分钟），前往射击基地，在这里您可以 置身于真正的战壕中，更加深入的体验战场带给您紧张感。这里一定会带给您 不一样的体验。（由于俄罗斯对枪支弹药管理的比较严格，所以射击中我们使 用的都是空炮弹）过程中，请大家一定要注意安全。 请注意：18 岁以下儿童禁止使用枪械 前往伊尔库茨克著名的 130 风情区（约 2 小时），卡尔马克思大街和步行 街观光游览，充分体验异国风情和当地特色人文文化，自愿前往商店购买自己 喜欢的礼物及纪念品。 晚餐后乘车前往机场，搭乘国际航班返程。",
            "dinner": 1,
            "hotels": [
                {
                    "name": "",
                    "star": ""
                }
            ],
            "lunch": 1,
            "scenes": [
                {
                    "consumingTime": "",
                    "description": "",
                    "name": ""
                }
            ],
            "scheduleTraffics": [
                {
                    "arrivalTime": "",
                    "departure": "",
                    "departureTime": "",
                    "destination": "",
                    "trafficType": ""
                }
            ],
            "title": "伊尔库茨克-北京",
            "tripDay": 8
        },
        {
            "breakfast": 0,
            "content": "抵达北京，结束愉快并难忘的贝加尔湖之旅。",
            "dinner": 0,
            "hotels": [
                {
                    "name": "",
                    "star": ""
                }
            ],
            "lunch": 0,
            "scenes": [
                {
                    "consumingTime": "",
                    "description": "",
                    "name": ""
                }
            ],
            "scheduleTraffics": [
                {
                    "arrivalTime": "",
                    "departure": "",
                    "departureTime": "",
                    "destination": "",
                    "trafficType": ""
                }
            ],
            "title": "伊尔库茨克市—北京",
            "tripDay": 9
        }
    ]
}