{
    "product": {
        "childAgeBegin": "0",
        "childAgeEnd": "0",
        "childHasBed": 0,
        "childHasTraffic": 0,
        "childHeightBegin": "",
        "childHeightEnd": "",
        "childRule": "",
        "departureCityName": "",
        "departureCountryName": "中国",
        "departureProvinceNam": "",
        "dests": [
            {
                "countryName": "古巴",
                "destCityName": "",
                "destProvinceName": "哈瓦那"
            },
            {
                "countryName": "古巴",
                "destCityName": "",
                "destProvinceName": "西恩富戈斯"
            },
            {
                "countryName": "古巴",
                "destCityName": "",
                "destProvinceName": "巴拉德罗"
            },
            {
                "countryName": "古巴",
                "destCityName": "",
                "destProvinceName": "哈瓦那"
            }
        ],
        "insurance": [
            {
                "content": "境外30万人民币医疗险（75周岁以下）",
                "name": "境外医疗险",
                "typeName": ""
            }
        ],
        "insuranceIncluded": 1,
        "markets": [
            {
                "name": "热情如火的哈瓦那"
            },
            {
                "name": "老爷车之旅"
            },
            {
                "name": "亲历自然云尼斯山谷"
            },
            {
                "name": "南方珍珠之西恩富戈斯"
            },
            {
                "name": "城市博物馆之特立尼达"
            },
            {
                "name": "革命之城圣克拉拉"
            },
            {
                "name": "宛如天堂巴拉德罗"
            },
            {
                "name": "古巴雪茄朗姆酒：世界尊贵的品味"
            },
            {
                "name": "美食盛宴"
            },
            {
                "name": "精选各具特色酒店"
            },
            {
                "name": "贴心服务：包含个人旅游意外险、每人每天一瓶矿泉水，让您快乐游玩的同时，无后顾之忧！"
            }
        ],
        "productSubtitle": "",
        "productTitle": "爱在古巴★时空穿梭的奇妙★悠享11日",
        "returnCityName": "",
        "tags": [
            {
                "name": ""
            }
        ],
        "themes": [
            {
                "name": "爱在古巴★时空穿梭的奇妙★悠享11日"
            }
        ]
    },
    "line": {
        "backAirports": [
            {
                "airlineCode": "CA",
                "airlineName": "",
                "arriveAirportName": "PEK ",
                "arriveTime": "10:30+2",
                "days": "2",
                "flightNo": "CA866 ",
                "flightSort": "",
                "startAirportName": " HAV",
                "startTime": "23:55"
            }
        ],
        "backTransportName": "飞机",
        "goAirports": [
            {
                "airlineCode": "CA",
                "airlineName": "",
                "arriveAirportName": "HAV",
                "arriveTime": " 18:40",
                "days": "0",
                "flightNo": "CA865",
                "flightSort": "",
                "startAirportName": "PEK",
                "startTime": "07:00"
            }
        ],
        "goTransportName": "飞机",
        "hotelStarName": "五钻",
        "lineFeature": "★热情如火的哈瓦那★ 首先，踏入哈瓦那，你会被这座城市独特的氛围所包围。街头涌动着弗拉明戈般的音乐，墙壁上布满了五颜六色的涂鸦， 仿佛一个个艺术品串联起了这座城市的灵魂。古老的街区中保存着西班牙殖民时代的建筑，回荡着浓郁的古巴音乐。在 哈瓦那，时间仿佛停滞，一切都沉浸在热情如火的氛围中。 ★老爷车之旅★ 沿着《速度与激情8》拍摄地——马雷贡海滨大道飞驰而过，一边是散发着浪漫、诱人气息的大海；一边是沧桑古老的建 筑。 ★亲历自然云尼斯山谷★ 沿途你会欣赏到瓜尼瓜尼山脉绵延不绝的山峰及奇特的岩石，比那尔德里奥河两岸辽阔的松树林，沿中央公路行驶中可 以看到的郁郁葱葱而山峰陡峭的海盗山。拜访雪茄庄园，由专人带领游览种植园和晾晒烟草的小屋，了解烟草的成长、 人工采收烟草并进行发酵、检验，零距离观察雪茄的制作过程。 ★南方珍珠之西恩富戈斯★ 整齐的棋盘式街道、典雅的廊柱及新古典主义的建筑，其历史城区在2005年被联合国教科文组织列为世界文化遗产。 ★城市博物馆之特立尼达★ 在1988年被列为世界文化遗产，拥有500多年历史，被列为地球上“正在消失”的100个小镇之一。城市建筑基本保持 殖民时期的原貌，古香古色，鹅卵石街道，瓦片屋顶，好似乘坐时光机器来到了鼎盛时代的西班牙殖民王国。 ★革命之城圣克拉拉★  1967 年，格瓦拉在玻利维亚领导反对帝国主义的游击战争时，被叛徒出卖继而被杀害。1997年，即格瓦拉遇难30周年， 古巴政府将格瓦拉遗骸安葬生前战斗过的圣克拉拉。今天，这里是许多古巴人和非古巴人前来瞻仰和缅怀格瓦拉最多的 地方。 ★宛如天堂巴拉德罗★ 而瓦拉德罗，则是另一番天地。这片被誉为“天堂之城”的地方，拥有着令人陶醉的自然风光。清澈见底的海水与洁白 的沙滩交相辉映，形成一幅绝美的画卷。远离城市的喧嚣，瓦拉德罗宛如是一个被时光遗留的宁静胜地，让人远离尘世 纷扰，沉浸在宁静之中。 ★古巴雪茄朗姆酒：世界尊贵的品味★ 由专人教授如何抽雪茄烟的流程，并给到每位贵宾一根雪茄烟，体验古巴国粹的魅力！在朗姆酒博物馆内试饮一杯，在 微醺中恋上朗姆酒迷人的味道！ ★美食盛宴★  ✔海明威生前最爱的五分钱小酒馆，曾是文人雅土聚集的首选地。在此享用午餐，一边欣赏热情奔放的古巴音乐，一边品 尝一杯海明威最爱的Mojito鸡尾酒！ ✔美国前总统欧巴马曾到访的餐厅，也是英国主流美食推荐的哈瓦那十大餐厅之一，在TripAdvisor旅游指南中历年来的 评价和排名都位居高位，特别安排享用总统同款主厨料理！ ✔依山而建的私房农场餐厅，大片的农场种植餐厅自用的蔬食，一边享受有机料理，一边眺望云尼斯山谷的美景！ ★精选各具特色酒店★ 哈瓦那连住3晚5钻酒店、特立尼达连住2晚4钻市中心酒店、巴拉德罗皆连住2晚4钻海边全包式度假酒店，优越的 地理位置方便你的出行，给你独特的入住体验！ ★贴心服务：包含个人旅游意外险、每人每天一瓶矿泉水，让您快乐游玩的同时，无后顾之忧！",
        "lineSimpleTitle": "",
        "lineSortTitle": "Day1：北京 Day2：北京/哈瓦那 Day3：哈瓦那 Day4：哈瓦那 Day5：哈瓦那-西恩富戈斯 Day6：西恩富戈斯 Day7：西恩富戈斯-巴拉德罗 Day8：巴拉德罗 Day9：巴拉德罗-哈瓦那/北京 Day10：北京 Day11：北京",
        "lineTitle": "",
        "needVisa": 0,
        "passCities": [
            {
                "cityName": "",
                "countryName": "",
                "provinceName": ""
            }
        ],
        "tripDays": "11",
        "tripNight": "7",
        "visaBasic": {
            "postAddress": "",
            "postContact": "",
            "postPhone": "",
            "visas": [
                {
                    "content": "",
                    "country": "",
                    "district": "",
                    "freeVisa": "1",
                    "signPlace": ""
                }
            ]
        }
    },
    "cal": {
        "channelPut": [
            {
                "adultSalePrice": "29999.00 起",
                "childSalePrice": "29999.00 起",
                "sellRemark": ""
            }
        ],
        "departDate": [
            " 12月13日"
        ]
    },
    "cost": {
        "bookRule": "1、因古巴对福建出生或福建签发护照的客人有限制，存在被遣返或拒绝入境的可能性，所以福建客人（护照出生地或签发地为福建） 无法报名此线路，望谅解！ 2、此线路因服务能力有限，无法接待婴儿（2周岁以内）及79周岁以上游客出行； 3、出于安全考虑，18岁以下未成年人需要至少一名成年旅客陪同； 4、出行前，请确保自身身体健康适宜旅游； 如出行人中有60-74周岁（含）之间的游客，建议有1位年轻家属陪同，并签署免责协议 自行额外购买专业出境险（参考美亚保险）； 如出行人中有75周岁（含）-79周岁之间的游客，必须有1位年轻家属陪同，并签署免责协议 自行额外购买专业出境险（参考美 亚保险） 健康体检证明（近3个月内）； 出于安全考虑，本产品不接受孕妇预订，敬请谅解！ 5、本产品为我公司包价产品，所有牵涉到的机票、酒店、用餐、景点门票等除特别说明的价格外均为一体价格，不得拆分，若遇境 外景点对青少年、老人优惠或者免费，均不在此列，无法退费，敬请谅解； 6、导游会根据当地的实际情况，适当调整景点游览顺序，但不得减少游览时间； 7、行程中的景点游览时间，包括步行、游船、火车、观光排队等候等时间总和；",
        "costExclude": "1、持中国护照可免签入境古巴； 2、单房差：酒店单人房附加费4500元/人； 3、游客的私人消费(例如洗衣、电话、传真、上网、收费电视节目、游戏、宵夜、酒水、邮寄、机场和酒店行李搬运服务、购物、  行程列明以外的用餐或宴请等费用)； 4、所有行程安排以外的观光费用及活动（包括这些活动期间的用车、导游、司机服务等费用）； 5、因私人、交通延阻、罢工、台风或其他情况非本公司不能控制所引致的额外费用；",
        "costInclude": "1、机票：全国往返目的地经济舱团体机票、机场税及燃油附加费，开票后不能退改签（国内联运段需二次询价，以航司报价为准， 可能需要补差）； 2、住宿：行程中参考酒店或同级，以两人一房为标准、酒店西式早餐； 3、餐食：行程中标注所含早餐和正餐。正餐为精选中式桌餐8菜1汤(9-10人一桌，或根据餐厅提供桌型安排就餐位)。无法安排 中餐的地方将安排当地餐； 4、用车：境外旅游巴士及专业外籍司机； 5、门票：雪茄烟制作工厂、哈瓦那老爷车巡游、云尼斯山谷、雪茄庄园、特立尼达历史博物馆、切格瓦拉纪念馆、海明威故居、朗 姆酒博物馆，其他为免费对外开放或外观景点或付费项目； 6、保险：境外30万人民币医疗险（75周岁以下）； 7、已含全程司机导领服务费； 8、特别赠送：海外期间每天每人一瓶矿泉水；",
        "lineReturns": [
            {
                "begin": "出发前 90 日",
                "cost": "团费总额的30%",
                "end": "出发前 61 日"
            },
            {
                "begin": "出发前 60 日",
                "cost": " 团费总额的50% ",
                "end": "出发前 45 日"
            },
            {
                "begin": "出发前 44 日",
                "cost": "团费总额的70%",
                "end": "出发前 30 日"
            },
            {
                "begin": "出发前 29 日",
                "cost": "团费总额的80%",
                "end": "出发前16 日"
            },
            {
                "begin": "出发前 15 天之内取消",
                "cost": "团费总额的100%",
                "end": ""
            }
        ],
        "otherRule": "",
        "returnContent": "如按上述约定比例扣除的必要的费用低于实际发生的费用，旅游者按照实际发生的费用支付，但最高额不应当超过旅游费用总额。 ***因部分旅游资源需提前预订的特殊性，本产品线路在旅行社成团后至出行前60天外取消的，也将产生实际损失，具体损失包括 但不限于机票、酒店等，如旅游者需要取消订单，应及时联系旅行社，旅行社除协助旅游者减损并退还未实际发生的损失费用外不 再承担其他赔偿责任。失包括但不限于机票、酒店等，如旅游者需要取消订单，应及时联系旅行社，旅行社除协助旅游者减损并退 还未实际发生的损失费用外不再承 担其他赔偿责任。 5、因为团队票的特殊性，双方在确认出票之后如因贵方原因或客人自身原因不走，我社有权收取所有票款，如尚未支付票款，我社 有权追索收取所有票款；",
        "selfCostContent": "",
        "selfCosts": [
            {
                "address": "",
                "fee": "85美金/人",
                "name": "国宾馆歌舞表演",
                "remark": "",
                "stay": "不少于2小时"
            },
            {
                "address": "",
                "fee": "180美金/人",
                "name": "巴拉德罗游艇出海体验",
                "remark": "",
                "stay": "不少于4小时"
            }
        ],
        "shopContent": "",
        "shops": [
            {
                "address": "",
                "remark": "",
                "shopName": "",
                "shopProduct": "",
                "stay": ""
            }
        ],
        "tipsContent": ""
    },
    "trips": [
        {
            "breakfast": 0,
            "content": "请根据各城市航班时间，自行搭机飞往首都国际机场，抵达后自行前往酒店入住休息。",
            "dinner": 0,
            "hotels": [
                {
                    "name": "北京机场酒店",
                    "star": ""
                }
            ],
            "lunch": 0,
            "scenes": [
                {
                    "consumingTime": "",
                    "description": "",
                    "name": ""
                }
            ],
            "scheduleTraffics": [
                {
                    "arrivalTime": "",
                    "departure": "全国",
                    "departureTime": "",
                    "destination": "北京",
                    "trafficType": "飞机"
                }
            ],
            "title": "全国/北京",
            "tripDay": 1
        },
        {
            "breakfast": 1,
            "content": "于航班起飞前3小时集合于北京首都机场，领队在机场等候大家一起办理值机手 续，搭乘国航经西班牙马德里经停飞往古巴哈瓦那，抵达后导游接机，直接入住酒店休息， 一扫长途飞行的劳累。 ●【哈瓦那】,是古巴的首都，亦是政治、经济、文化和旅游中心,有着“加勒比明珠”之 称。俯瞰斑驳的殖民式建筑，象徽昔日繁华的老爷车，革命英雄满腔热血的画像，迷媚奔 放的古巴音乐，哈瓦那的一切在城市里流动，汇集旧时代的美好与凋零，尽管老城区油漆 斑驳的建筑、花窗铺蚀的餐厅酒馆与新城区鳞次栉比的高楼大厦形成鲜明对比，却让这座 岁月静好的城市更添魅力。揭开尘封已久的神秘面纱，带着迷人风采和加勒比热情的哈瓦 那，正式展现在游客您的眼前。",
            "dinner": 1,
            "hotels": [
                {
                    "name": "Gran Muthu Habana Hotel 或同级（如遇满房，则更换同级其他酒 店）",
                    "star": "五钻"
                }
            ],
            "lunch": 1,
            "scenes": [
                {
                    "consumingTime": "",
                    "description": "",
                    "name": ""
                }
            ],
            "scheduleTraffics": [
                {
                    "arrivalTime": "",
                    "departure": "北京",
                    "departureTime": "",
                    "destination": "哈瓦那",
                    "trafficType": "飞机"
                }
            ],
            "title": "北京-(飞机)-哈瓦那",
            "tripDay": 2
        },
        {
            "breakfast": 1,
            "content": "早餐后，驱车前往云尼斯山谷，抵达后，乘船漫游【印第安洞穴】、拜访【雪茄 庄园】、参观【侏罗纪史前壁画】、途径【茉莉花酒店瞭望台】欣赏山谷风光。 ★中午于私房农场餐厅享用有机料理，晚餐特别安排在美国前总统奥巴马到访过的SAN  CRISTOBAL PALADAR 餐厅内享用风味餐。",
            "dinner": 1,
            "hotels": [
                {
                    "name": "Gran Muthu Habana Hotel 或同级（如遇满房，则更换同级其他酒 店）",
                    "star": "五钻"
                }
            ],
            "lunch": 1,
            "scenes": [
                {
                    "consumingTime": "",
                    "description": "有“小桂林”之称，1999年被列为世界文化遗产。沿途你会欣赏到绵延 不绝的山峰及奇特的岩石，比那尔德里奥河两岸辽阔的松树林，沿中央公路向云尼斯山谷 行进中，将会看到郁郁葱葱而山峰陡峭的海盗山，它曾经是联合国教科文组织命名的生物 圈保护区。",
                    "name": "云尼斯山谷"
                },
                {
                    "name": "印第安洞穴",
                    "description": "集结喀斯特地形中钟乳石洞及暗流特点的印第 安洞穴，最初是印地安原住民为躲避西班牙殖民者而寄居的地方，山洞里绵延4公里的地 底河流贯穿，特别安排搭乘游船沿着蜿蜒的地底河，一探曾经印地安人生活的遗迹，欣赏 两侧的钟乳石和奇形怪状的石笋，开启一趟探险的航行。",
                    "consumingTime": "游览不少于30分钟"
                },
                {
                    "name": "雪茄庄园",
                    "description": "由专人带领游览种植园和晾晒烟草的小屋，了解烟 草的成长、人工采收烟草并进行发酵、检验，零距离观察雪茄的制作过程，经验老道的卷 烟工人利落卷出象徽资本主义的雪茄烟，透过多重且繁复的制作过程以确保优越的质量， 也因此雪茄烟成为古巴的代名词，享誉国际。 ★特别安排雪茄烟品鉴：由专人教授如何抽雪茄烟的流程，并给到每位贵宾一根雪茄烟和 一杯特色酒水，体验古巴国粹的魅力。",
                    "consumingTime": "游览不少于1小时"
                },
                {
                    "name": "侏罗纪史前壁画",
                    "description": "是卡斯特罗委托古巴画家以史前时代的生 物作为主题，耗时4年绘制而成的大型壁画，运用天然矿物为原料彩绘出爬虫类、恐龙及 人猿等的演化通程，大胆的用色与绿色的山林冲突却十分壮观，为保持壁画的色彩，至今 每隔几年仍需攀岩至石壁上进行补色，尽管史前壁书并没有实质的历史价值，但鲜艳的壁 画点缀在这片翠绿的山谷中，显得格外的活泼有趣。",
                    "consumingTime": "游览不少于30分钟"
                }
            ],
            "scheduleTraffics": [
                {
                    "arrivalTime": "",
                    "departure": "哈瓦那",
                    "departureTime": "",
                    "destination": "云尼斯山谷",
                    "trafficType": "汽车"
                }
            ],
            "title": "哈瓦那",
            "tripDay": 3
        },
        {
            "breakfast": 1,
            "content": "今日跟随导游进行哈瓦那城市游览。",
            "dinner": 1,
            "hotels": [
                {
                    "name": "Gran Muthu Habana Hotel 或同级（如遇满房，则更换同级其他酒 店",
                    "star": "五钻"
                }
            ],
            "lunch": 1,
            "scenes": [
                {
                    "consumingTime": "不少于1小时",
                    "description": "在哈瓦那街头除了漂亮的老建筑外，还有 一样东西特别让人动心，那就是不经意间从你身边驶过的老爷车，沿着《速度与激情8》拍 摄地【马雷贡海滨大道】飞驰而过，用电影同款视角感受，一边是海水，散发着浪漫、诱 人的气息；一边是古老的建筑，让人感受沧桑。白天年轻人在这里谈情说爱、钓鱼游泳， 夜晚时分坐在堤坝上喝啤酒唱歌、随着音乐跳舞，自在又惬意。【最多3人一辆老爷车】。",
                    "name": "哈瓦那老爷车巡游"
                },
                {
                    "name": "哈瓦那革命广场",
                    "description": "世界最 大的广场之一，其面积达72000平 方米，这是古巴政权和军事重要的地标，亦是举行国家重要节庆或大型的游行活动的地点， 领导人卡斯特罗常在革命广场上发表演说。位于广场北侧的是古巴民族英雄【何塞·马蒂 纪念碑】，此碑为纪念倡导古巴推翻西班牙殖民政权的古巴爱国诗人，何塞马蒂百年诞辰 所兴建的。国家图书馆和许多政府机构建筑均坐落于广场四周，纪念碑后是古巴前总统卡 斯特罗的办公室，纪念碑对面是【切·格瓦拉画像】，伴有指示着内政部楼的标语“永远 向胜利前进”。",
                    "consumingTime": ""
                },
                {
                    "name": "雪茄制作工厂",
                    "description": "参观国营雪茄制作工厂，您可以了解到雪茄 烟的整个制作过程。",
                    "consumingTime": "不少于15分钟"
                },
                {
                    "name": "五分钱小酒",
                    "description": "海明威生前最爱的五分钱小酒馆，曾是文人雅土聚集的首选地,许多 诗人、文学家都是座上宾，调酒师熟练地调制海明威生前最爱的莫吉托鸡尾酒，还有由海 明威提笔写下的\"My Mojito in La Bodeguita.\"也意外成为酒吧声名大噪的原因。 ★午餐特别安排在此享用当地风味餐，一边欣赏热情奔放的古巴音乐，一边品尝一杯莫吉 托鸡尾酒，在一杯酒的时间中感受海明威当年的悠然！【温馨提示】可能需要排队！。",
                    "consumingTime": ""
                },
                {
                    "name": "哈瓦那国会大厦",
                    "description": "外观,是哈瓦那最具标志性的建筑,象牙白般的建筑外观相较于美国 白宫更加宏伟气派,正门左右设立了分别代表「劳动」及「美德」的守护者雕像，整座大厦 由大理石砌成，壁面精美繁华并装饰多种古典灯具。",
                    "consumingTime": ""
                },
                {
                    "name": "哈瓦那大剧院",
                    "description": "外观,是世界最大的歌剧院之一，又名加西亚•罗卡宫。是华丽的新巴洛 克式建筑,四个角落装饰着象徽教育、音乐、博爱及戏剧的天使雕像，除了作为音乐、歌剧 及电影的演出舞台，2016年时任美国总统的欧巴马亦在此发表演说，同时作为世界顶尖的 古巴国家芭蕾舞团的主要教育场所，是一座富有艺术性的华丽歌剧院。",
                    "consumingTime": ""
                },
                {
                    "name": "古巴哈瓦那老城",
                    "description": "1982年被联合国教科文组织列为“人类文化遗产”，作为建筑艺术 的宝库，经历百年沧桑，充满了文化和历史的魅力，浪漫依旧的新古典主义和新哥特式建 筑群，是一座令人流连忘返的历史宝库。【温馨提示】在领队的带领下，步行游览岁月广 场和大教堂广场。",
                    "consumingTime": ""
                },
                {
                    "name": "岁月广场",
                    "description": "是面积最大、建筑风格最多元的广场，融合巴洛 克及新艺术风格，色彩多样的回廊拱门也是其特色之一，殖民时期作为商贩市场、斗牛场、 奴隶买卖的广场，现已被充满文艺气息的咖啡厅、博物馆取代，怡然悠闲的气氛弥漫整座 广场，矗立在武器广场附近的【两个世界饭店】（外观），是海明威到古巴最初的落脚地， 而他入住的511号房现已改为小型博物馆，房内物品及摆设维持原始面貌，更可眺望老城 区及海港。",
                    "consumingTime": "不少于30分钟"
                },
                {
                    "name": "大教堂广场",
                    "description": "广场四周围绕巴洛克式贵族豪宅，其中最耀人 眼目当属【哈瓦那大教堂】，建于18世纪，是古巴最古老的教堂，曾被誉为「石头谱出的 乐曲」的大教堂使用珊瑚礁岩做为原材料，两座不对称的塔楼立于两侧，内部庄严朴素且 摆放多座艺术品及雕塑，祭坛则选用金饰、银器和玛瑙装饰，绚丽夺目,，更相传教堂多年 来一直安放着哥伦布的遗体，直到古巴独立后才迁回西班牙，更为这座富有历史的大教堂 增添风采。",
                    "consumingTime": "不少于30分钟"
                },
                {
                    "name": "圣荷西传统工艺市场",
                    "description": "港口码头仓库改建的室内传统手工艺 市场,书作雕刻艺术品、各种类型的观光纪念品等应有尽有，可以尽情选购也可于咖啡店休 憩片刻。",
                    "consumingTime": "不少于30分钟"
                }
            ],
            "scheduleTraffics": [
                {
                    "arrivalTime": "",
                    "departure": "",
                    "departureTime": "",
                    "destination": "",
                    "trafficType": ""
                }
            ],
            "title": "哈瓦那",
            "tripDay": 4
        },
        {
            "breakfast": 1,
            "content": "上午继续游览哈瓦那，中午带您开启追寻大文豪海明威的朝圣之旅，驱车前往游 览【海明威故居】。下午，驱车前往西恩富戈斯，步行游览被评为“世界文化遗产”的【西 恩富戈斯历史中心】。结束后，驱车沿着古巴最美的山道前往500年古城——特立尼达。",
            "dinner": 1,
            "hotels": [
                {
                    "name": "Iberostar Grand Trinidad 或同级（如遇满房，则更换同级其他酒店）",
                    "star": ""
                }
            ],
            "lunch": 1,
            "scenes": [
                {
                    "consumingTime": "不少于1小时",
                    "description": "一口辛辣、浓烈且醇香的朗姆酒，让古巴人能 短暂地忘却忘记生活困乏，因此有“蔗糖之子”称号的朗姆酒被视为古巴的国宝。馆内展 示着不同等级的酒品、殖民时期栽种甘蔗的血汗史及朗姆酒的制造流程，过去自非洲进口 黑奴以弥补劳动力短缺的血汗历史也为这片土地烙下痕迹，透过照片可以窥探当时奴工们 在恶劣环境下辛苦的劳动生活，而藉由博物馆内微型模型可以见得甘蔗经通运输并依序提 炼、蒸馏并酿酒的通程。",
                    "name": "朗姆酒博物馆"
                },
                {
                    "name": "海明威故居（瞭望山庄）",
                    "description": "海明威与妻子在这里度过了20年 的岁月，在这里还可以看到海明威生前较爱搭乘出海捕鱼的小渔船，通过海明威的私人书 房，还可以俯瞰哈瓦那的美景",
                    "consumingTime": "不少于30分钟"
                },
                {
                    "name": "西恩富戈斯",
                    "description": "古巴中部南岸主要港市，有“南部珍珠”之称， 是古巴第二大港口，始建于1819年4月22日，城市具有法国风情。2005年7月，西恩富 戈斯旧城区被联合国教科文组织确定为历史和文化遗产。",
                    "consumingTime": "不少于1小时"
                },
                {
                    "name": "何塞·马蒂公园",
                    "description": "该公园18世纪时为法国的移民区，1902年为了纪念古巴共和国独 立革命成功而建立。公园位于市中心，四周被拱廊和精美的建筑环绕，植被茂盛，广场上 有何塞马蒂本人的雕塑。",
                    "consumingTime": ""
                },
                {
                    "name": "托马斯·特里剧院",
                    "description": "外观,深受法国和意大利建筑风格的影响，剧院外观非常的豪华。 1895 年，意大利歌剧家威尔第的《阿伊达》是这家剧院的第一个演出，这家剧院更是见证 了众多古巴音乐的里程碑。",
                    "consumingTime": ""
                },
                {
                    "name": "巴列宫",
                    "description": "外观,建于1917年，是古巴的国家级古迹。混合了巴洛克式、哥德式、意大 利式与仿罗马式建筑的元素，象牙白的宫墙刻有雅致的植物纹样，罗马式的圆顶、法式的 百叶窗及典型摩尔建筑风格拥有数个钥匙孔状的拱门，色彩柔和的外观搭配绿色的金属装 饰点",
                    "consumingTime": ""
                }
            ],
            "scheduleTraffics": [
                {
                    "arrivalTime": "",
                    "departure": "哈瓦那",
                    "departureTime": "",
                    "destination": "西恩富戈斯",
                    "trafficType": "大巴"
                },
                {
                    "departure": "西恩富戈斯",
                    "departureTime": "",
                    "destination": "特立尼达",
                    "arrivalTime": "",
                    "trafficType": "汽车"
                }
            ],
            "title": "哈瓦那-(大巴)-西恩富戈斯",
            "tripDay": 5
        },
        {
            "breakfast": 1,
            "content": "今日跟随导游进行特立尼达小镇游览",
            "dinner": 1,
            "hotels": [
                {
                    "name": "Iberostar Grand Trinidad 或同级（如遇满房，则更换同级其他酒店）",
                    "star": ""
                }
            ],
            "lunch": 1,
            "scenes": [
                {
                    "consumingTime": "",
                    "description": "在1988年被列为世界文化遗产，依山而建的小城有古巴“城市博物馆” 之称，拥有500多年历史，被列为地球上“正在消失”的100个小镇之一。城市建筑基本 保持殖民时期的原貌，古香古色，鹅卵石街道，瓦片屋顶，好似乘坐时光机器来到了鼎盛 时代的西班牙殖民王国。马车吱吱呀呀地跑过鹅卵石铺成的街道，海蓝、明黄、薄荷绿的 殖民大宅有高高的木门和木头百叶窗，皮肤黝黑、西装鲜艳的乐师扛着大提琴从你身边走 过——置身这座500多年历史的殖民城镇，你很难相信这是21世纪",
                    "name": "特立尼达"
                },
                {
                    "name": "特立尼达马约尔广场",
                    "description": "是特立尼达的中心，古城里几乎每条 路都通向广场。广场为热带风格，周围是17—18世纪的气派的大宅院，大部分的建筑物现 在已经成为了博物馆。可以一边游览这些建筑物一边在广场上闲逛，或是登顶【圣弗朗西 斯科德阿西斯修道院】俯瞰古城风貌。",
                    "consumingTime": "不少于30分钟"
                },
                {
                    "name": "特立尼达圣三一教堂",
                    "description": "外观,是特立尼达明信片上出镜率最高的地标建筑，原教堂受到 飓风摧毁后，在旧址重建并采用希腊建筑风格砌成，朴实却典雅。",
                    "consumingTime": ""
                },
                {
                    "name": "市立历史博物馆",
                    "description": "新古典主义，原为糖业富翁肯特罗所有， 如今已成为陈列许多旧时珍贵史料的博物馆，内部运用大理石雕像、精美瓷器、水晶和精 致刺绣等装饰，豪华奢侈、广受惊叹。",
                    "consumingTime": "不少于30分钟"
                }
            ],
            "scheduleTraffics": [
                {
                    "arrivalTime": "",
                    "departure": "",
                    "departureTime": "",
                    "destination": "",
                    "trafficType": ""
                }
            ],
            "title": "西恩富戈斯",
            "tripDay": 6
        },
        {
            "breakfast": 1,
            "content": "上午前往游览圣克拉拉，也称为切·格瓦拉市，下午前往有着“象牙粉”之称的 巴拉德罗，享受悠闲的沙滩、海水、阳光的自由活动时光。",
            "dinner": 1,
            "hotels": [
                {
                    "name": "海边全包酒店Grand Aston Varadero 或同级（如遇满房，则更换同级其他 酒店）",
                    "star": ""
                }
            ],
            "lunch": 1,
            "scenes": [
                {
                    "consumingTime": "",
                    "description": "参观切.格瓦拉广场，切.格瓦拉纪念碑。这是一座工业城和大学城，同时 也是比亚克拉拉的省会所在地和通往东部省会的大门。它和切•格瓦拉有着密切的联系，在 古巴革命战争中，切•格瓦拉在这里领导了颠覆巴蒂斯塔政府的最后一场战役。",
                    "name": "圣克拉拉"
                },
                {
                    "name": "圣克拉拉革命广场",
                    "description": "广场中央就是革命领袖【格瓦拉纪念铜 像】，这名游击队指挥官手提步枪，腰别手榴弹、水壶，身着橄榄绿军服、头戴贝雷帽， 似在守望这座城市。铜像底座的左边是一组【格瓦拉的浮雕像】，右边是他写给战友、已 故古巴革命领袖卡斯特罗的信，末尾是他的那句名言：“直至胜利，永远，无祖国，毋宁 死。”。",
                    "consumingTime": "不少于15分钟"
                },
                {
                    "name": "格瓦拉纪念馆",
                    "description": "内部陈列了格瓦拉短暂一生的细节和物品， 追忆这位名闻国际的拉美革命伟大领袖，这里安葬了1997年才从玻利维亚运回来的切格瓦 拉遗体。",
                    "consumingTime": "不少于30分钟"
                },
                {
                    "name": "维达尔广场",
                    "description": "是圣克拉拉的中央广场，周围融合新古典主义 和殖民地风格的建筑林立，广场西侧的【自由饭店】相传曾是切·格瓦拉抵抗政府军时藏 匿的饭店，淡绿色的外墙仍能清晰地看到革命军及政府军枪林弹雨后遗留下来的弹痕。",
                    "consumingTime": "不少于30分钟"
                }
            ],
            "scheduleTraffics": [
                {
                    "arrivalTime": "",
                    "departure": "特立尼达",
                    "departureTime": "",
                    "destination": "圣克拉拉",
                    "trafficType": "大巴"
                },
                {
                    "departure": "圣克拉拉",
                    "departureTime": "",
                    "destination": "巴拉德罗",
                    "arrivalTime": "",
                    "trafficType": "大巴"
                }
            ],
            "title": "西恩富戈斯-(大巴)-巴拉德罗",
            "tripDay": 7
        },
        {
            "breakfast": 1,
            "content": "今日全天自由活动",
            "dinner": 1,
            "hotels": [
                {
                    "name": "海边全包酒店Grand Aston Varadero 或同级（如遇满房，则更换同级其他 酒店）",
                    "star": ""
                }
            ],
            "lunch": 1,
            "scenes": [
                {
                    "consumingTime": "不少于4小时",
                    "description": "到过古巴的人都会说：“不到巴拉德罗就不知 道古巴的秀美”，蓝天白云、碧蓝清澈的海水、平缓的细白的沙滩，紧紧攥在手心里也会 从手指之间溜走的洁白细纱和那微风拂去热带骄阳灼热，而令人舒坦的微风，让任何休闲 度假者的睡梦更加甜美......22公里的白色沙滩是世界最著 名的十大海滩之一，清澈温热 的海水，无与伦比富于变幻的蓝色水域，所有这些都会让你心旷神怡。 【温馨提示】请自备泳衣泳裤，下水游玩请注意安全！。",
                    "name": "巴拉德罗沙滩"
                }
            ],
            "scheduleTraffics": [
                {
                    "arrivalTime": "",
                    "departure": "",
                    "departureTime": "",
                    "destination": "",
                    "trafficType": ""
                }
            ],
            "title": "巴拉德罗",
            "tripDay": 8
        },
        {
            "breakfast": 1,
            "content": "今日，你可以睡到自然醒，上午继续享受悠闲的沙滩、海水、阳光的自由活动时 光。午餐后，驱车返回哈瓦那，途径海明威最爱的海钓小港【柯西玛小渔村】。哈瓦那抵 达后享用晚餐，之后搭机回国。",
            "dinner": 1,
            "hotels": [
                {
                    "name": "夜宿飞机上",
                    "star": ""
                }
            ],
            "lunch": 1,
            "scenes": [
                {
                    "consumingTime": "",
                    "description": "",
                    "name": ""
                }
            ],
            "scheduleTraffics": [
                {
                    "arrivalTime": "",
                    "departure": "巴拉德罗",
                    "departureTime": "",
                    "destination": "哈瓦那",
                    "trafficType": "大巴"
                },
                {
                    "departure": "哈瓦那",
                    "departureTime": " 23:55",
                    "destination": "北京",
                    "arrivalTime": "10:30+2",
                    "trafficType": "飞机"
                }
            ],
            "title": "巴拉德罗-(大巴)-哈瓦那-(飞机)-北京",
            "tripDay": 9
        },
        {
            "breakfast": 1,
            "content": "飞行中",
            "dinner": 1,
            "hotels": [
                {
                    "name": "夜宿飞机上",
                    "star": ""
                }
            ],
            "lunch": 1,
            "scenes": [
                {
                    "consumingTime": "",
                    "description": "",
                    "name": ""
                }
            ],
            "scheduleTraffics": [
                {
                    "arrivalTime": "",
                    "departure": "哈瓦那",
                    "departureTime": "",
                    "destination": "北京",
                    "trafficType": "飞机"
                }
            ],
            "title": "北京",
            "tripDay": 10
        },
        {
            "breakfast": 0,
            "content": "",
            "dinner": 0,
            "hotels": [
                {
                    "name": "",
                    "star": ""
                }
            ],
            "lunch": 0,
            "scenes": [
                {
                    "consumingTime": "",
                    "description": "",
                    "name": ""
                }
            ],
            "scheduleTraffics": [
                {
                    "arrivalTime": "",
                    "departure": "",
                    "departureTime": "",
                    "destination": "",
                    "trafficType": ""
                }
            ],
            "title": "北京",
            "tripDay": 11
        }
    ]
}