{
    "product": {
        "childAgeBegin": "0",
        "childAgeEnd": "0",
        "childHasBed": 0,
        "childHasTraffic": 0,
        "childHeightBegin": "",
        "childHeightEnd": "",
        "childRule": "",
        "departureCityName": "",
        "departureCountryName": "中国",
        "departureProvinceNam": "",
        "dests": [
            {
                "countryName": "埃及",
                "destCityName": "",
                "destProvinceName": ""
            }
        ],
        "insurance": [
            {
                "content": "",
                "name": "",
                "typeName": ""
            }
        ],
        "insuranceIncluded": 0,
        "markets": [
            {
                "name": ""
            }
        ],
        "productSubtitle": "探秘文明古国 感受埃及震撼 3 晚埃及尼罗河游船+四川航空成都直飞往返",
        "productTitle": "旖旎风光 千古文明 埃及 10 天游轮之旅",
        "returnCityName": "",
        "tags": [
            {
                "name": "探秘文明古国 感受埃及震撼"
            },
            {
                "name": "3 晚埃及尼罗河游船+四川航空成都直飞往返"
            }
        ],
        "themes": [
            {
                "name": "旖旎风光 千古文明 埃及 10 天游轮之旅"
            }
        ]
    },
    "line": {
        "backAirports": [
            {
                "airlineCode": "3U",
                "airlineName": "",
                "arriveAirportName": "",
                "arriveTime": "05:30+1",
                "days": "1",
                "flightNo": "3U3864",
                "flightSort": "",
                "startAirportName": "",
                "startTime": "14:00"
            }
        ],
        "backTransportName": "飞机",
        "goAirports": [
            {
                "airlineCode": "3U",
                "airlineName": "四川航空公司",
                "arriveAirportName": "",
                "arriveTime": "06：50",
                "days": "0",
                "flightNo": "3U3863",
                "flightSort": "",
                "startAirportName": "",
                "startTime": "01：40"
            }
        ],
        "goTransportName": "飞机",
        "hotelStarName": "",
        "lineFeature": "探秘文明古国 感受埃及震撼 3 晚埃及尼罗河游船+四川航空成都直飞往返",
        "lineSimpleTitle": "",
        "lineSortTitle": "",
        "lineTitle": "",
        "needVisa": 1,
        "passCities": [
            {
                "cityName": "",
                "countryName": "",
                "provinceName": ""
            }
        ],
        "tripDays": "10",
        "tripNight": "",
        "visaBasic": {
            "postAddress": "",
            "postContact": "",
            "postPhone": "",
            "visas": [
                {
                    "content": "埃及团队旅游签证所需资料： 1、半年有限期的护照（原件/复印件/扫描件） 2、填写完整的个人资料表以及健康情况表 注： 18 岁以下未成年人需提供户口本复印件 退休、在校学生、无业或自由职业暂无特殊要求",
                    "country": "埃及",
                    "district": "",
                    "freeVisa": "0",
                    "signPlace": ""
                }
            ]
        }
    },
    "cal": {
        "channelPut": [
            {
                "adultSalePrice": "",
                "childSalePrice": "",
                "sellRemark": ""
            }
        ],
        "departDate": [
            ""
        ]
    },
    "cost": {
        "bookRule": "1. 根据《旅游法》规定，旅行者不得脱团，如走行程中擅自脱团、离团、滞留等，旅行社将向公安机关、旅游主管部 门、我国驻外机构报告，由此产生的一切法律后果由旅游者承担 2. 我社保留因地接旺季涨价、酒店变更、汇率变化或其他不可抗力原因而调整最终报价和行程的权利 3. 行程中有部分景点，列明入内参观，如博物馆、神殿等，如遇事故、休息、关闭维修等导致未能入内参观，则退回 有关门票费用，客人不得在团归后争议投诉追讨 4. 旺季出发（例如假期、节日、展会等）将有附加费，请报名时查询 5. 酒店大床/标准房间数有限，若有需要请在预订时说明，大床房或标准间房型须依入住当日实际 Check In 情形而定 6. 散客拼团，凡单人或单数（例如三人）报名而未能安排同房，须缴纳单人房差或拼住三人间，我社有权利提前说明 情况并调整夫妻及亲属住宿安排，或调整安排三人间，请给予理解 7. 建议购买旅游意外险 8. 全程请游客注意人身及产品安全，不要前往不安全的地方，自由活动不要单独行动。老人、儿童需有家人陪伴及照 顾 9. 不要参加高风险活动。参加任何项目请您量力而行 10. 持外籍护照或任何非中国大陆居民护照的旅行成员，务必持有并携带有效中国多次往返签证和外籍护照原件及必备 的旅行证件 11. 所有参团客人必须如实填写【健康调查表】，若填写内容与实际情况不符或有隐瞒由客人承担一切相关法律责任。 12. 所有参团客人必须认真阅读【参团须知及安全风险提示告知书】并签字，对客人未能遵守风险告知事项，未能采取 积极主动措施防范风险发生，所造成的损害，由客人自行承担一切责任。 13. 贵重物品(现金，护照等)请随身携带或寄放在住宿饭店的保险箱内，絶不可放在车上或房间内等，如有遗失旅客必 须自行负责，与接待旅行社责任无关 14. 饭店游泳池如时间未开放及无救生人员在现场，请勿自入泳池内，否则如有意外发生须自行负责 15. 70 岁以上老人，需有 50 岁以下家人陪同方可参团， 80 岁以上老人随家人出行另需签署【免责声明】，18 岁以 下未成年人，需有父母或亲属陪同方可参团，非随父母出行需提供亲属证明及父母委托，另使馆对 70 岁以上老人和 18 岁以下儿童签证资料特殊要求，以使馆要求为准。16. 65 岁以上包括 65 岁老年人报名需强制购买境外紧急救援医疗 300,000 元以上及紧急医疗转院和转运回国 1,000,000 以上的保险。请自行购买并提供保单电子版给我社！或我社可协助客人代购保险：保费 200 元/人。",
        "costExclude": "1. 行李物品保管费用及托运行李超重费、个人消费及行程以外的自选项目 2. 因罢工、大风、大雾、航班取消或更改时间等人力不可抗拒原因所导致的额外费用 3. 旅游意外伤害保险 4. 如行李或物品丢失、被盗等意外损失费用 5. 晚用车，给司机和导游加班费用 6. 以上报价未提及的项目 7. 境外司机导游服务费：1500 元/人（机场现付领队），签证费 200 元（随团费一起交）",
        "costInclude": "1.成都往返国际团体机票经济舱 2.全程当地 5 星酒店+3 晚当地 5 星游轮住宿，升级 2 晚红海海滨国际五星酒店，双人标准间 3.酒店内西式自助早餐，每人每天 1 瓶矿泉水，中式午晚餐（午晚餐：八菜一汤，10 人一桌，如人数减少， 则会根据实际人数做适当调整）或当地餐；(用餐时间在飞机或船上以机船餐为准，不再另补，如因自身原因 放弃用餐，则餐费不退) 4.行程所列景点首道门票 5.空调旅游巴士（包括接送机及游览期间）例：10 人，埃及 12-16 座车；根据具体人数而定 6.司机，导游工资；司机饭费、油费、陆桥费、停车费",
        "lineReturns": [
            {
                "begin": "前 30 天",
                "cost": "支付 50%团款损失（机位定金+酒店损失）如已经送签， 另需支付签证费",
                "end": "前 22 天"
            },
            {
                "begin": "前 21 天",
                "cost": "支付 50%团款损失（机位定金+酒店损失+签证费）",
                "end": "前 15 天"
            },
            {
                "begin": "前 14 天",
                "cost": "只退还餐费和景点门票（以实际行程核算具体金额）",
                "end": "前 8 天"
            },
            {
                "begin": "前 7 天取消",
                "cost": "扣除全款",
                "end": "前 0 天取消"
            }
        ],
        "otherRule": "",
        "returnContent": "1. 参团以到 2000 元/人订金为准，取消定金不退，并需于出发前 14 天付清余款； 2. 团队出发前 30 天-22 天取消，游客需支付 50%团款损失（机位定金+酒店损失）如已经送签， 另需支付签证费 3. 团队出发前 21 天~15 天取消，游客需支付 50%团款损失（机位定金+酒店损失+签证费） 4. 团队出发前 14 天~8 天取消，只退还餐费和景点门票（以实际行程核算具体金额） 5. 团队出发前 7 天~0 天取消，扣除全款。 6. 如果发生签证被拒签将被扣酒店、机票、签证费及所有实际已发生费用 ★以上损失明晰为团队特殊约定，请签在合同附加条款中！",
        "selfCostContent": "",
        "selfCosts": [
            {
                "address": "开罗",
                "fee": "80USD/人",
                "name": "普通船尼 罗河游船",
                "remark": "建议人群：对于体力要 求较低，老少皆宜",
                "stay": "约 1.5 小时"
            },
            {
                "address": "开罗",
                "fee": "90USD/人",
                "name": "豪华船尼 罗河游船",
                "remark": "建议人群：对于体力要 求较低，老少皆宜",
                "stay": "约 1.5 小 时"
            },
            {
                "address": "开罗",
                "fee": "55USD/人",
                "name": "沙漠日出 & 营地简餐",
                "remark": "建议人群：对于体力要 求较低，老少皆宜",
                "stay": "约 1 小时"
            },
            {
                "address": "开罗",
                "fee": "75USD/人",
                "name": "吉萨金字 塔声光秀",
                "remark": "建议人群：对于体力要 求较低，老少皆宜",
                "stay": "约 1 小时"
            },
            {
                "address": "开罗",
                "fee": "70USD/人",
                "name": "登顶开罗塔",
                "remark": "建议人群：对于体力要 求较低，老少皆宜",
                "stay": "约 1.5 小 时 游 览 +1 小 时交通"
            },
            {
                "address": "开罗",
                "fee": "85USD/人",
                "name": "伊斯梅利亚市苏伊士运河",
                "remark": "建议人群：对于体力要求较低，老少皆宜",
                "stay": "约 4 小时"
            },
            {
                "address": "开罗",
                "fee": "65USD/人",
                "name": "老开罗区三大宗教教堂",
                "remark": "建议人群：对于体力要求较低，老少皆宜",
                "stay": "约 2 小 时"
            },
            {
                "address": "开罗",
                "fee": "80USD/人",
                "name": "孟菲斯",
                "remark": "建议人群：对于体力要求较低，老少皆宜",
                "stay": "约 2 小 时"
            },
            {
                "address": "红海",
                "fee": "95USD/人",
                "name": "游艇出海",
                "remark": "建议人群：对于体力要求较低，老少皆宜",
                "stay": "约 4 小时"
            },
            {
                "address": "红海",
                "fee": "85USD/人",
                "name": "红海玻璃船",
                "remark": "建议人群：对于体力要求较低，老少皆宜",
                "stay": "约2小时"
            },
            {
                "address": "红海",
                "fee": "120USD/人",
                "name": "红海潜水艇",
                "remark": "建议人群：对于体力要求较低，老少皆宜",
                "stay": "约 1 小时"
            },
            {
                "address": "红海",
                "fee": "90USD/人",
                "name": "红海 4X4 驱越野冲沙",
                "remark": "建议人群：对于体力要求较低，老少皆宜",
                "stay": "约 3-4 小 时"
            },
            {
                "address": "红海",
                "fee": "55USD/人",
                "name": "海鲜餐",
                "remark": "建议人群：对于体力要求较低，老少皆宜",
                "stay": "约 1 小时"
            },
            {
                "address": "红海",
                "fee": "75USD/人",
                "name": "霍尔格达市区观光",
                "remark": "建议人群：对于体力要求中，老少皆宜",
                "stay": "约 2-3 小 时"
            },
            {
                "address": "卢克索",
                "fee": "165USD/人",
                "name": "卢克索热气球",
                "remark": "建议人群：对于体力要求中，老少皆宜",
                "stay": "约 45min"
            },
            {
                "address": "卢克索",
                "fee": "75USD/人",
                "name": "卢克索卡纳克神庙声光秀",
                "remark": "建议人群：对于体力要求中，老少皆宜",
                "stay": "约 1 小时"
            },
            {
                "address": "卢克索",
                "fee": "65USD/人",
                "name": "帝王谷",
                "remark": "建议人群：对于体力要求中，老少皆宜",
                "stay": "约 1.5 小 时"
            },
            {
                "address": "卢克索",
                "fee": "85USD/人",
                "name": "西岸 ",
                "remark": "建议人群：对于体力要求中，老少皆宜",
                "stay": "约 2-3 小 时"
            },
            {
                "address": "阿斯旺",
                "fee": "170USD/人",
                "name": "阿布辛贝勒神庙",
                "remark": "建议人群：对于体力要求中，老少皆宜",
                "stay": "约 8-9 小 时（包含 车程）"
            },
            {
                "address": "阿斯旺",
                "fee": "65USD/人",
                "name": "菲莱神庙",
                "remark": "建议人群：对于体力要求中，老少皆宜",
                "stay": "约 2 小时"
            },
            {
                "address": "阿斯旺",
                "fee": "85USD/人",
                "name": "菲莱神庙 + 吉纳岛 +植物园",
                "remark": "建议人群：对于体力要求中，老少皆宜",
                "stay": "约 3-4 小 时"
            },
            {
                "address": "阿斯旺",
                "fee": "70USD/人",
                "name": "参观努比亚村 + 阿斯旺城市观光",
                "remark": "建议人群：对于体力要求中，老少皆宜",
                "stay": ""
            }
        ],
        "shopContent": "",
        "shops": [
            {
                "address": "",
                "remark": "",
                "shopName": "",
                "shopProduct": "",
                "stay": ""
            }
        ],
        "tipsContent": "1. 我社保留因地接旺季涨价、酒店变更、汇率变化或其他不可抗力原因而调整最终报价和行程的权利。 2. 行程中有部分景点，列明入内参观，如博物馆、神殿等，如遇事故、休息、关闭维修等导致未能入内参观，则退回有 关门票费用，客人不得再团归后争议投诉追讨。 3. 凡单人或单数（例如三人）报名而未能安排拼房，须缴纳单人房差，火车上均为 2 人分享一个包厢，如 1 人使用一个 包厢，请在报名前声明，并在单间差的基础上另外加付一张火车票费用。 4. 旺季出发（例如遇复活节、开斋节等）将有附加费，请报名时查询。 5. 散客拼团，若团队出现单间，我社有权利提前说明情况并调整夫妻及亲属住宿安排，请给予理解。 6. 建议购买旅游意外险。 7. 全程请游客注意人身及产品安全，不要前往不安全的地方，自由活动不要单独行动。老人、儿童需有家人陪伴及照顾。 8. 不要参加高风险活动。参加任何项目请您量力而行。 9. 持外籍护照或任何非中国大陆居民护照的旅行成员，务必持有并携带有效中国多次往返签证和外籍护照原件及必备的 旅行证件。 10. 70 岁以上老人，需有 50 岁以下家人陪同方可参团， 80 岁以上老人随家人出行另需签署【免责声明】。18 岁以下 未成年人，需有父母或亲属陪同方可参团，非随父母出行需提供亲属证明及父母委托。另使馆对 70 岁以上老人和 18 岁以下儿童签证资料特殊要求，以使馆要求为准。 11. 所有参团客人必须如实填写【健康调查表】，若填写内容与实际情况不符或有隐瞒由客人承担一切相关法律责任。 12. 所有参团客人必须认真阅读【参团须知及安全风险提示告知书】并签字，对客人未能遵守风险告知事项，未能采取积 极主动措施防范风险发生，所造成的损害，由客人自行承担一切责任。"
    },
    "trips": [
        {
            "breakfast": 0,
            "content": "全国各地游客搭乘联运段航班飞往成都； 航空公司规定：联程航班必须按照顺序使用，首段航班未乘坐，后续航班全部作废！ 22：30 成都天府机场集合",
            "dinner": 0,
            "hotels": [
                {
                    "name": "飞机上",
                    "star": ""
                }
            ],
            "lunch": 0,
            "scenes": [
                {
                    "consumingTime": "",
                    "description": "",
                    "name": ""
                }
            ],
            "scheduleTraffics": [
                {
                    "arrivalTime": "22：30",
                    "departure": "全国各地",
                    "departureTime": "",
                    "destination": "成都",
                    "trafficType": "飞机"
                }
            ],
            "title": "全国各地 - 成都 ",
            "tripDay": 1
        },
        {
            "breakfast": 0,
            "content": "01：40 搭乘四川航空公司航班 3U3863 班机飞往开罗 06：50 抵达开罗，导游接机。",
            "dinner": 1,
            "hotels": [
                {
                    "name": "开罗当地五星酒店",
                    "star": "五星"
                }
            ],
            "lunch": 1,
            "scenes": [
                {
                    "consumingTime": "入内约 2 小时",
                    "description": "埃及博物馆是由被埃及人称为“埃及博物馆之父”的 法国著名考古学家玛利埃特于 1858 年在开罗北部的卜腊设计建造的。于 1902 年正式对外开放，珍藏着众多自古埃及法老 时代至公元 6 世纪的历史文物，收藏文物 30 多万件，陈列展出 6.3 万件，约占全部文物的五分之一。因这座博物馆以广为 收藏法老时期的文物为主，埃及人又习惯地称之为“法老博物馆”。",
                    "name": "开罗国家博物馆（又称“埃及博物馆“）"
                },
                {
                    "name": "吉萨大金字塔",
                    "description": "是古埃及金字塔中最大的金字塔。塔高 146.59 米，因年 久风化，顶端剥落 10 米，现高 136.5 米，相当于 40 层大厦高。大小不等的 石料重达 1.5 吨至 50 吨，塔的总重量约为 684 万吨，它的规模是埃及发现 的 110 座金字塔中最大的。它是一座几乎实心的巨石体，成群结队的人将这 些大石块沿着金字塔内部的螺旋上升通道往上拖运，然后逐层堆砌而成，十 万多个工匠共用约 20 年的时间才完成的人类奇迹。埃菲尔铁塔还未建成时胡 夫金字塔曾是世界上最高的建筑物。",
                    "consumingTime": "金字塔群景观区共游览约 2 小时"
                },
                {
                    "name": "斯芬克斯狮身人面像",
                    "description": "位于埃及吉萨的金字塔墓区，头像一部分说是古埃 及法老哈夫拉按自己的肖像塑造，也有观点认为是雷吉德夫根据父亲胡夫的 肖像建造。",
                    "consumingTime": ""
                },
                {
                    "name": "金字塔景观餐厅特色当地午餐",
                    "description": "享用 Mena House 下午茶（酒店坐落在吉萨金字塔脚下，这里曾是皇家狩猎行宫，后 被买下并改造成酒店。其本身也是一做博物馆，曾是一战时的学校，医院和会议中心，二战时丘吉尔、罗斯福、蒋介石在此 举办开罗会议，并发表《开罗宣言》）",
                    "consumingTime": ""
                },
                {
                    "name": "爱资哈尔清真寺",
                    "description": "公元 970 至 972 年法蒂玛王朝时修建，占地 面积 1.2 万平方米。初为宗教活动的场所，在 13 世纪起成为伊斯兰教高级学府。",
                    "consumingTime": "入内参观 20 分钟"
                }
            ],
            "scheduleTraffics": [
                {
                    "arrivalTime": "06：50",
                    "departure": "成都",
                    "departureTime": "01：40",
                    "destination": "开罗",
                    "trafficType": "飞机/旅游巴士"
                }
            ],
            "title": "成都  开罗",
            "tripDay": 2
        },
        {
            "breakfast": 1,
            "content": "酒店早餐后搭乘内陆航班飞往阿斯旺（内陆航班待定，具体以出票时为准）",
            "dinner": 1,
            "hotels": [
                {
                    "name": "埃及五星游轮",
                    "star": "五星"
                }
            ],
            "lunch": 1,
            "scenes": [
                {
                    "consumingTime": "入内参观约 45 分钟",
                    "description": "位于埃及阿斯旺，建在阿斯旺城 南尼罗河中的菲莱岛上，供奉的是爱神伊西丝 ISIS，以石雕及石壁浮雕上的神话 故事闻名于世，是保存古埃及宗教最久的地方。",
                    "name": "菲莱女神神庙"
                },
                {
                    "name": "阿斯旺尼罗河帆船（Feluccas）",
                    "description": "Feluccas 帆船是埃及尼罗河 上的传统帆船。帆船完全取自木材，通常配有桌子，周围有靠垫，游客可在船上 欣赏尼罗河上的风景。(温馨提示：费卢卡(Felucca 靠风力行驶，如遇到无风天气， 将改为电力船)。",
                    "consumingTime": "约 30 分钟"
                },
                {
                    "name": "阿斯旺大坝",
                    "description": "（外观）阿斯旺大坝：埃及的骄傲，非洲的最高水利工程。位于埃及尼罗河上游的阿斯旺地区，阿 斯旺大坝是一座举世闻名的水利工程，它既是埃及人民的骄傲，也是非洲大陆的最高大坝。这座大坝的建设，不仅解决了埃 及长期以来的水资源短缺问题，还为埃及的经济发展和电力供应做出了巨大贡献。  后入住游轮，准备迎接接下来精彩的埃及旅程",
                    "consumingTime": ""
                }
            ],
            "scheduleTraffics": [
                {
                    "arrivalTime": "",
                    "departure": "开罗",
                    "departureTime": "",
                    "destination": "阿斯旺",
                    "trafficType": "飞机"
                }
            ],
            "title": "开罗  阿斯旺",
            "tripDay": 3
        },
        {
            "breakfast": 1,
            "content": "凌晨，你也可选择参加自费项目游览【阿布辛贝神殿】。",
            "dinner": 1,
            "hotels": [
                {
                    "name": "埃及五星游轮",
                    "star": "五星"
                }
            ],
            "lunch": 1,
            "scenes": [
                {
                    "consumingTime": "入内参观约 1 小时",
                    "description": "努比亚村与埃及大部分地区的神圣感不同，这里充满了轻松 和民族风情：这里是色彩的海洋，所有的房屋都被涂成了彩色，通常采用浅蓝色、橙色、黄色和红色的这种鲜艳的颜色喷涂。 村庄一面靠近尼罗河，其他三面都被沙漠包围着，吸引眼球的就是颜色十分鲜艳的房屋，拱形的屋顶，恍如闯入“一千零一 夜”故事的场景。",
                    "name": "努比亚村"
                },
                {
                    "name": "科翁坡神庙",
                    "description": "神庙建造于托勒密王朝，和别的神庙一样，它也有高大的 石柱和因残破而显得苍凉的庙殿，但与众不同的是，它有两个大门。一个大门是专为鹰神荷露斯（Haroeris）所建的，另一 个是专为鳄鱼神（Sobek）所建，因此库姆温布神庙又被称为“双神殿”。",
                    "consumingTime": "入内参观约 1 小时"
                }
            ],
            "scheduleTraffics": [
                {
                    "arrivalTime": "",
                    "departure": "阿斯旺",
                    "departureTime": "",
                    "destination": "科翁坡 ",
                    "trafficType": "游轮"
                }
            ],
            "title": "阿斯旺 - 科翁坡",
            "tripDay": 4
        },
        {
            "breakfast": 1,
            "content": "抵达埃德夫，参观【埃德夫神庙】（约 90 分钟）埃德夫的一座古埃及神庙。它是 继卡纳克神庙后最大及保存得最好的一座神庙，除了用作供奉鹰头神荷鲁斯之外， 神庙亦作宗教祭祀活动。此外，庙内墙壁的铭文也为学者提供了不少古埃及于希腊 罗马时期在语言、神话及宗教方面的资料。  午餐后游轮经【埃森纳水坝】继续前行，欣赏尼罗河两岸的自然风光，前往卢克索 （午、晚餐在游轮用餐，游轮停靠卢克索，夜宿游轮） 【游轮上的自助餐均不含酒水】",
            "dinner": 1,
            "hotels": [
                {
                    "name": "埃及五星游轮",
                    "star": "五星"
                }
            ],
            "lunch": 1,
            "scenes": [
                {
                    "consumingTime": "",
                    "description": "",
                    "name": ""
                }
            ],
            "scheduleTraffics": [
                {
                    "arrivalTime": "",
                    "departure": "埃德夫",
                    "departureTime": "",
                    "destination": "埃森纳",
                    "trafficType": "游轮/旅游巴士"
                },
                {
                    "departure": "埃森纳",
                    "departureTime": "",
                    "destination": "卢克索",
                    "arrivalTime": "",
                    "trafficType": "游轮/旅游巴士"
                }
            ],
            "title": "埃德夫 - 埃森纳 - 卢克索",
            "tripDay": 5
        },
        {
            "breakfast": 1,
            "content": "凌晨，你可以参加推荐自费项目【卢克索热气球】",
            "dinner": 1,
            "hotels": [
                {
                    "name": "红海海滨国际五星酒店",
                    "star": "五星"
                }
            ],
            "lunch": 1,
            "scenes": [
                {
                    "consumingTime": "入内参观约 1 小时",
                    "description": "是古埃及帝国遗留的最壮观的神庙， 因其浩大的规模而闻名世界，仅保存完好的部分占地就达 30 多公顷。庙内的柱壁和墙 垣上都刻有精美的浮雕和鲜艳的彩绘，它们记载着古埃及的神话传说和当时人们的日常 生活。此外，庙内还有闻名遐迩的方尖碑和法老及后妃们的塑像。后乘车前往赫尔格达！ 入住海滨酒店！",
                    "name": "卡尔纳克神庙"
                },
                {
                    "name": "卢克索神庙",
                    "description": "具有令人惊叹的雄伟气势，每一根柱子都代表了法老的威严，置身于其中 会使人暂时忘却时间的流逝，神思万千。",
                    "consumingTime": "入内参观约 1 小时"
                },
                {
                    "name": "帝王谷",
                    "description": "在埃及，除了蜚声世界的金字塔外，还有一处令无数旅游者向往的地方就是“帝王谷”。 帝王谷位于尼罗河西岸，距岸边 7 公里，可以从底比斯卫城北端陡峭的环山公路到达。这里一共有 60 多座帝王陵墓，埋葬着第 17 王朝到第 20 王朝期间的 64 位法老。墓穴入口往往开在半山腰，有细小通道通向墓穴深处，通道两壁的图案和象形文字至 今仍十分清晰。帝王谷中最值得参观的主要陵墓有图坦卡蒙墓、拉美西斯三世及六世墓等，有一些陵墓一般不对外开放，只供 学术研究用。",
                    "consumingTime": "入内参观约 1 小时"
                }
            ],
            "scheduleTraffics": [
                {
                    "arrivalTime": "",
                    "departure": "",
                    "departureTime": "",
                    "destination": "",
                    "trafficType": ""
                }
            ],
            "title": "卢克索 - 红海（赫尔格达）",
            "tripDay": 6
        },
        {
            "breakfast": 1,
            "content": "酒店早餐后，全天自由活动；您可尽情享受红海美丽地自然风光；蓝色的海洋，银白 的沙滩，让您尽情领略异域风情。你可以参加推荐自费出海，或者乘坐 JEEP 车在戈壁 沙漠驰骋。",
            "dinner": 1,
            "hotels": [
                {
                    "name": "红海海滨国际五星酒店",
                    "star": "五星"
                }
            ],
            "lunch": 1,
            "scenes": [
                {
                    "consumingTime": "",
                    "description": "",
                    "name": ""
                }
            ],
            "scheduleTraffics": [
                {
                    "arrivalTime": "",
                    "departure": "",
                    "departureTime": "",
                    "destination": "",
                    "trafficType": "旅游巴士"
                }
            ],
            "title": "红海",
            "tripDay": 7
        },
        {
            "breakfast": 1,
            "content": "酒店早餐后，驱车返回开罗（约 6 小时 30 分钟）。  抵达后前往中东第一大集市-【汗哈利利】观光自由购物，（约 1 小时，购物时游 客较分散，实际购物时间根据具体情况而定）；  晚上可自费参加【夜游尼罗河】，品美食、观肚皮舞、赏尼罗河。",
            "dinner": 1,
            "hotels": [
                {
                    "name": "开罗当地五星酒店",
                    "star": "五星"
                }
            ],
            "lunch": 1,
            "scenes": [
                {
                    "consumingTime": "",
                    "description": "",
                    "name": ""
                }
            ],
            "scheduleTraffics": [
                {
                    "arrivalTime": "",
                    "departure": "",
                    "departureTime": "",
                    "destination": "",
                    "trafficType": "旅游巴士"
                }
            ],
            "title": "红海 - 开罗",
            "tripDay": 8
        },
        {
            "breakfast": 1,
            "content": "",
            "dinner": 0,
            "hotels": [
                {
                    "name": "飞机上",
                    "star": ""
                }
            ],
            "lunch": 0,
            "scenes": [
                {
                    "consumingTime": "入内参观约 30 分钟",
                    "description": "位于开罗城东郊的穆盖塔姆山上，是 12 世纪时期萨拉丁为抗击十 字军东侵而建造。城堡分内城和外城，城内建有宫殿和寺庙，阿里清真寺的寺顶尖塔象一把利剑高耸入云，巨大的圆顶沐浴 在阳光下熠熠生辉。众多的游客前去参观拜谒和凭吊当年抵抗十字军的英雄。1171 年萨拉丁废黜法蒂玛王朝哈里发，建立 阿尤布王朝，自任第一任“苏丹”，建萨拉丁城堡并把王宫搬了进去。",
                    "name": "萨拉丁古堡"
                },
                {
                    "name": "埃及国家军事博物馆",
                    "description": "位于萨拉丁城堡内，博物馆中的展品非常丰富，从远古到现代。你可以看到 土枪长矛、飞机大炮等埃及各个历史时期的军队武器、装备、服装，以及城堡的实物、仿制品、模型和图画等。如果你对埃 及前总统萨达特的遇刺和现总统穆巴拉克的阴谋登基有所兴趣的话，那军事博物馆一定会让你大开眼界。",
                    "consumingTime": "入内参观约 30 分钟"
                },
                {
                    "name": "阿里雪花石清真寺",
                    "description": "全称叫穆罕默德·阿里清真寺位于开罗旧城萨拉丁城堡内。寺西南有一 黄铜围栏，为奥斯曼帝国统治时期的埃及总督穆罕默德·阿里的坟墓。他于 1849 年卒后葬此，故清真寺以其名命之。寺内钟 塔的吊钟是法国国王路易斯·菲利浦赠送的礼物。",
                    "consumingTime": "入内参观约 30 分钟"
                }
            ],
            "scheduleTraffics": [
                {
                    "arrivalTime": "05:30+1",
                    "departure": "开罗",
                    "departureTime": "14:00",
                    "destination": "成都",
                    "trafficType": "旅游巴士/飞机"
                }
            ],
            "title": "开罗  成都",
            "tripDay": 9
        },
        {
            "breakfast": 0,
            "content": "05：30 抵达成都天府机场，结束愉快行程；",
            "dinner": 0,
            "hotels": [
                {
                    "name": "",
                    "star": ""
                }
            ],
            "lunch": 0,
            "scenes": [
                {
                    "consumingTime": "",
                    "description": "",
                    "name": ""
                }
            ],
            "scheduleTraffics": [
                {
                    "arrivalTime": "",
                    "departure": "成都",
                    "departureTime": "",
                    "destination": "全国各地",
                    "trafficType": "飞机"
                }
            ],
            "title": "成都 - 全国各地",
            "tripDay": 10
        }
    ]
}