{
    "product": {
        "childAgeBegin": "0",
        "childAgeEnd": "0",
        "childHasBed": 0,
        "childHasTraffic": 0,
        "childHeightBegin": "",
        "childHeightEnd": "",
        "childRule": "",
        "departureCityName": "北京",
        "departureCountryName": "中国",
        "departureProvinceNam": "",
        "dests": [
            {
                "countryName": "",
                "destCityName": "",
                "destProvinceName": ""
            }
        ],
        "insurance": [
            {
                "content": "",
                "name": "",
                "typeName": "旅游意外伤害保险"
            }
        ],
        "insuranceIncluded": 0,
        "markets": [
            {
                "name": "四钻品质"
            },
            {
                "name": "一价全含"
            },
            {
                "name": "无购物无自费"
            },
            {
                "name": "一生必游"
            }
        ],
        "productSubtitle": "",
        "productTitle": "【一生必游 十大名城】美国东西海岸大瀑布+旧金山 14 日",
        "returnCityName": "北京",
        "tags": [
            {
                "name": "美国"
            },
            {
                "name": "东西海岸"
            },
            {
                "name": "大瀑布"
            }
        ],
        "themes": [
            {
                "name": "摩登都市"
            },
            {
                "name": "首都特区"
            },
            {
                "name": "加州阳光"
            },
            {
                "name": "不夜赌城"
            }
        ]
    },
    "line": {
        "backAirports": [
            {
                "airlineCode": "CA",
                "airlineName": "中国国际航空公司",
                "arriveAirportName": "PEK",
                "arriveTime": "07:15",
                "days": "+1",
                "flightNo": "CA982",
                "flightSort": "",
                "startAirportName": "JFK",
                "startTime": "02:05"
            }
        ],
        "backTransportName": "飞机",
        "goAirports": [
            {
                "airlineCode": "CA",
                "airlineName": "中国国际航空公司",
                "arriveAirportName": "SFO",
                "arriveTime": "09:50",
                "days": "+1",
                "flightNo": "CA985",
                "flightSort": "",
                "startAirportName": "PEK",
                "startTime": "12：50"
            }
        ],
        "goTransportName": "飞机",
        "hotelStarName": "四钻",
        "lineFeature": "国航直飞/全国联运/洛杉矶升级三晚比特摩尔千禧酒店/拉斯大道酒店/纽约深度/国会入内 +帝国大厦登顶+17 英里&卡梅尔小镇+旧金山市区游览",
        "lineSimpleTitle": "",
        "lineSortTitle": "",
        "lineTitle": "",
        "needVisa": 1,
        "passCities": [
            {
                "cityName": "",
                "countryName": "",
                "provinceName": ""
            }
        ],
        "tripDays": "14",
        "tripNight": "11",
        "visaBasic": {
            "postAddress": "",
            "postContact": "",
            "postPhone": "",
            "visas": [
                {
                    "content": "",
                    "country": "",
                    "district": "",
                    "freeVisa": "0",
                    "signPlace": ""
                }
            ]
        }
    },
    "cal": {
        "channelPut": [
            {
                "adultSalePrice": "",
                "childSalePrice": "",
                "sellRemark": ""
            }
        ],
        "departDate": [
            "3.12",
            "3.19",
            "3.26"
        ]
    },
    "cost": {
        "bookRule": "",
        "costExclude": "1. 美国签证费； 2. 护照费、申请签证中准备相关材料所需的制作、手续费，如未成年人所需的公证书、认证费； 3. 美国 EVUS（签证更新电子系统）费用 ; 4. 超出免费托运行李标准的费用，行李在航班托运期间所造成损坏的经济损失和责任； 5. 一切因个人原因所产生的费用，包括滞留，违法，通讯，机场和酒店行李搬运服务，以及自由活动期间的餐食和交 通费； 6. 由恶劣天气引起或间接性导致交通（航班，车辆，船只)的延误或故障，及由此发生的行程变更产生的经济损失和 责任；",
        "costInclude": "1. 国际往返机票及美洲境内段机票（经济舱、含机场税）； 2. 行程内所标明的酒店或同级酒店，双人标准间酒店住宿； 3. 中文领队兼导游服务； 4. 行程内所示境外旅游巴士（每人一正座）； 5. 行程内所示景点首道门票； 6. 行程内所示的早，午，晚餐；特色餐；早餐为酒店内、外或打包早餐（简餐或快餐）； 7. 全程司导服务费； 8. 境外段行李托运费； 9. 出境旅游境外意外伤害保险。",
        "lineReturns": [
            {
                "begin": "",
                "cost": "",
                "end": ""
            }
        ],
        "otherRule": "．酒店星级与餐食标准 1. 美洲不同的国家有不同的酒店星级评判标准，大部分酒店没有星级的挂牌，但是这类酒店都具备等同于行程中指定 同级或同系列酒店的设施标准和接待能力； 2. 正餐以中式餐食为主（桌餐标准为十人一桌为八菜一汤、八人一桌为六菜一汤或中式自助餐） 3. 北美酒店早餐厅通常只提供面包、咖啡、茶、果汁等，相对其他目的地较为简单； 4. 北美中餐厅在规模和口味上与国内相比有很大的差距，中餐厅规模都比较小，环境不如国内，饭菜口味为了适应当 地的饮食习惯都已经比较西化，而且由于当地原材料和调料不够齐全，口味不纯正，故希望游客能够理解； 二．保险的说明提示 1. 出行前请确保自身身体条件能够完成旅游活动，旅行社建议游客在出行前根据自身实际情况自行额外选择和购买旅 行意外伤害保险或旅行境外救援保险； 2. 旅游意外伤害险或救援险承保范围不包括以下情况，（1）游客自身带有的慢性疾病；（2）参加保险公司认定的高 风险项目如跳伞、滑雪、潜水等；（3）妊娠、流产等保险公司规定的责任免除项目； 3. 我社所上境外旅游意外伤害保险为我社代投保项目，游客所涉及到的任何保险问题请直接与保险公司联系（咨询及 救援电话 86-10-64105913） 三．拒签风险的告知 1. 根据美国大使馆新规定，组团社在预约签证面谈时必须向大使馆提供签证费收据号码，由大使馆预约中心决定最终 面试的日期和时间，因此随团办理签证的客人，旅游者需预约前向组团社支付签证费用于签证预约。签证费用作为 行前实际损失不予退还； 2. 随团办理签证的旅游者，请您务必在签证截止日前递交签证材料，签证材料送进使馆后，如遇拒签或行政复议，未 出票的旅游者必须承担签证费损失； 3. 如持非中华人民共和国护照的客人在国内参团往返，请务必自行确认是否免签及跟团出境后团队返回时能再次入中 国境内；如因客人原因不能出入境的，损失由客人自理; 4. 能否顺利获得签证、是否准予出、入境，为有关机关的行政权利。如因游客自身原因或因提供材料存在问题不能及 时办理签证而影响行程的，以及被有关机关拒发签证或不准出入境的，相关责任和费用由游客自行承担； 四．行程游览的提示 1. 由于团队行程中所有住宿、用车、景点门票等均为旅行社打包整体销售，因此若游客因自身原因未能游览参观的则 视为自动放弃，旅行社将无法退费用，请游客谅解； 2. 领队会根据实际情况酌情安排部分景点入内参观；另外，行程中未标注入内参观的景点是不能够入内参观的，均为 参观外观； 3. 因不可抗拒的客观原因和非旅行社原因（如天灾、战争、罢工、政府行为等）或航空公司航班延误或取消、使领馆 签证延误等特殊情况，我公司有权取消或征得旅游者同意后变更行程，一切超出费用（如在外延期签证费、住、食 及交通费、国家航空运价调整等），旅行社有权追加差价； 五． 购物及退税约定 1. 美国各州对商品定价都有严格管理，同一国家内同样商品价格不会有较大价差。但各州之间同样商品会存在差别， 且消费税不同，请您仔细做好攻略后谨慎购买。行程内购物场所，不排除某些商品出现略小价差现象，请您自行甄 选，旅行社无法承担退换差价的责任； 2. 购物活动参加与否，由旅游者根据自身需要和个人意志，自愿、自主决定，旅行社全程绝不强制购物。如旅游者不 参加购物活动的，将根据行程安排的内容进行活动。除本补充确认中的购物场所外，无其他购物店； 3. 如果您此次出行有购物需求，请携带有 VISA、MASTER 标志的国际信用卡； 4. 游客在本补充协议约定的购物场所购买的商品，非商品质量问题，旅行社不协助退换； 5. 游客自行前往不在本补充协议中的购物场所购买的商品，旅行社不承担任何责任； 6. 仅有在美国德克萨斯州购买的商品（仅部分品牌部分商品有退税服务），且团队在德克萨斯州离境才可享受退税；",
        "returnContent": "",
        "selfCostContent": "",
        "selfCosts": [
            {
                "address": "",
                "fee": "",
                "name": "",
                "remark": "",
                "stay": ""
            }
        ],
        "shopContent": "",
        "shops": [
            {
                "address": "",
                "remark": "",
                "shopName": "",
                "shopProduct": "",
                "stay": ""
            }
        ],
        "tipsContent": ""
    },
    "trips": [
        {
            "breakfast": 0,
            "content": "",
            "dinner": 1,
            "hotels": [
                {
                    "name": "",
                    "star": "四钻"
                }
            ],
            "lunch": 1,
            "scenes": [
                {
                    "consumingTime": "约 15 分钟",
                    "description": "",
                    "name": "金门大桥"
                },
                {
                    "name": "九曲花街",
                    "description": "伦巴底街是美国加州旧金山一条东西方向贯穿 Presidio 区及 Cow Hollow 区的主要街道，其部份路段更是美国国道 101 的干线。在伦巴底街上最为人所熟知的路段莫过于为在 俄罗斯山上、横贯 Hyde 和 Leavenworth 之间的一段，这起因于它是全美国最弯曲的一条街道，短短 一段路上一共有八个急弯，街道上遍植花木，不同的鲜花将它点缀得花团锦簇，景色宜人。",
                    "consumingTime": "约 30 分钟"
                },
                {
                    "name": "艺术宫",
                    "description": "曾举办过万国博览会的古罗马式建筑。",
                    "consumingTime": "约 10 分钟"
                },
                {
                    "name": "硅谷",
                    "description": "",
                    "consumingTime": "合计不少于 1 小时"
                },
                {
                    "name": "苹果公司总部",
                    "description": "",
                    "consumingTime": ""
                }
            ],
            "scheduleTraffics": [
                {
                    "arrivalTime": "09:50",
                    "departure": "北京",
                    "departureTime": "12:50",
                    "destination": "旧金山",
                    "trafficType": "飞机"
                }
            ],
            "title": "北京-旧金山",
            "tripDay": 1
        },
        {
            "breakfast": 1,
            "content": "",
            "dinner": 1,
            "hotels": [
                {
                    "name": "Biltmore Los Angeles",
                    "star": ""
                }
            ],
            "lunch": 1,
            "scenes": [
                {
                    "consumingTime": "约 1 个小时",
                    "description": "是北加州著名的景观道路，这些风景路线环绕着山边 和海边，沿路经过很多豪宅。“17 英里海岸”是很多旅游团走不到的地方，它的美恰恰因为人迹罕至 故而显得格外自然。沿途您不仅能看到数处著名海滩，还不时可见壮观的豪华别墅和高尔夫球场。17 里湾沿途共有 4 个球场，其中卵石滩球场被公认为世界上最好的高尔夫球场之一。在海滩附近您可以 看到卵石滩的标志—孤柏树。众多的海鸟，海狮及海豹也以这里为家，鸟石和海豹石都是名副其实的 景点。",
                    "name": "17 英里海岸"
                },
                {
                    "name": "卡梅尔",
                    "description": "卡梅尔小镇山光水景、花繁 意绿，是旧金山艺术家和作家建造的一个美国上流社会，承载着美好梦想的乌托邦小城。那里始终保 持着一种纯自然的状态，住宅风格典雅，是世界上最美的地区之一。虽然卡梅尔的整体风格、建筑设 施让人感觉独树一帜，但在此购物依然能体会到大都会风情。最具鉴赏力的购物者，一定会在小镇石 子铺成的小巷里或花饰屋顶的商店中发现极具吸引力的物品。",
                    "consumingTime": "约 45 分钟"
                }
            ],
            "scheduleTraffics": [
                {
                    "arrivalTime": "",
                    "departure": "",
                    "departureTime": "",
                    "destination": "",
                    "trafficType": "汽车"
                }
            ],
            "title": "旧金山洛杉矶",
            "tripDay": 2
        },
        {
            "breakfast": 1,
            "content": "",
            "dinner": 1,
            "hotels": [
                {
                    "name": "：Biltmore Los Angeles",
                    "star": ""
                }
            ],
            "lunch": 1,
            "scenes": [
                {
                    "consumingTime": "外观，约 15 分钟",
                    "description": "原名斯台普斯中心，2021 年 12 月 25 日 起更名为 Crypto.com，湖人队打下王朝的主战场，因此成为了当地人们心中的福地，被视为篮球的 朝圣之地。",
                    "name": "加密网球馆 Crypto.com Arena"
                },
                {
                    "name": "UCLA 加州大学洛杉矶分校",
                    "description": "UCLA 是美国商业金融、高科技产业、电影艺术等专业人才的摇篮。它是加利福尼亚大学系统中的第 二所大学，与加州大学伯克利分校齐名，是美国最好的公立大学之一。",
                    "consumingTime": "约 1 小时"
                },
                {
                    "name": "比佛利山庄",
                    "description": "比弗利山庄是全球最著名的豪华住宅区之一，拥有众多高端住宅和房地产 项目。比弗利山庄拥有世界顶级的购物街罗迪欧大道（Rodeo Drive），这里汇聚了众多高端时尚品牌、 珠宝店、艺术画廊和餐厅。罗迪欧大道是全球购物者的天堂，也是时尚潮流的引领者",
                    "consumingTime": "约 1 小时"
                },
                {
                    "name": "盖蒂中心",
                    "description": "在盖蒂中心所在山顶上远眺，洛杉矶城区的美景可尽收眼底",
                    "consumingTime": "入内，约 40 分钟"
                },
                {
                    "name": "日落大道",
                    "description": "从洛杉矶一直延伸到太平洋海岸公路，早已成为好莱坞星光璀璨的代名词， 夕阳西下，金色的阳光把道路照射的如梦如幻，车灯纵横交错之处，随着街道的延伸此起彼伏，你能 看到逐渐减弱的阳光从树木间的缝隙中斜射过来，将一切染成了橘色，非常朦胧",
                    "consumingTime": "约 40 分钟"
                },
                {
                    "name": "圣塔莫尼卡海滩",
                    "description": "这里是洛杉矶最出名的海滩之一。绵延的海岸线有2英里长， 人们在这里玩沙滩排球，沿着海岸线悠闲地骑自行车，享受着海风迎面吹拂而来，或者徜徉在加利福 尼亚热情的阳光下做个慵懒的日光浴。晚餐后入住酒店休息",
                    "consumingTime": "约1小时"
                }
            ],
            "scheduleTraffics": [
                {
                    "arrivalTime": "",
                    "departure": "",
                    "departureTime": "",
                    "destination": "",
                    "trafficType": "汽车"
                }
            ],
            "title": "洛杉矶市区游览",
            "tripDay": 3
        },
        {
            "breakfast": 1,
            "content": "",
            "dinner": 1,
            "hotels": [
                {
                    "name": "Biltmore Los Angeles",
                    "star": ""
                }
            ],
            "lunch": 1,
            "scenes": [
                {
                    "consumingTime": "",
                    "description": "美国太平洋舰队最大的军港，海军第 11 战区总部就设在这里，这里停靠着赫赫有名的中途岛号（CVB-41）航空母舰",
                    "name": "圣地亚哥军港湾区"
                },
                {
                    "name": "世纪之吻雕像",
                    "description": "源自纽约时代广场的拥吻故事，因巧妙诠释二战结束后人们的狂喜 心情而闻名于世，照片中水兵与女护士的深情一吻被誉为“世纪之吻”",
                    "consumingTime": "15 分钟"
                },
                {
                    "name": "巴尔波亚公园 Balboa Park",
                    "description": "有“美国最大的城市文化公园”之称，可媲美纽约的中央公园。公园内拥有人类 历史、摄影、艺术等 15 个主题的博物馆。公园内还有多个风格迥异的花园，玫瑰园、热带植物温室、 沙漠公园、仙人掌花园以及棕榈谷等，都能让你有惊喜的发现。",
                    "consumingTime": "约 30 分钟"
                },
                {
                    "name": "圣地亚哥老城",
                    "description": "老城保留着十九世纪的古朴建筑和宁静 风貌，同时小镇又充满着热烈浓郁的墨西哥风。",
                    "consumingTime": "停留约 30 分钟"
                }
            ],
            "scheduleTraffics": [
                {
                    "arrivalTime": "",
                    "departure": "",
                    "departureTime": "",
                    "destination": "",
                    "trafficType": "汽车"
                }
            ],
            "title": "洛杉矶-圣地亚哥-洛杉矶",
            "tripDay": 4
        },
        {
            "breakfast": 1,
            "content": "",
            "dinner": 1,
            "hotels": [
                {
                    "name": "",
                    "star": ""
                }
            ],
            "lunch": 1,
            "scenes": [
                {
                    "consumingTime": "外观 约 10 分钟",
                    "description": "原来的柯达剧院，说起“柯达剧院”，大家可能都有所熟悉，这是每 年奥斯卡颁奖礼的专用剧场。它建成于 2001 年底，被选作是奥斯卡的永久举行地，但是因为柯达公 司的破产，自 2012 年 5 月起，剧院的新东家杜比公司将其正式改名为杜比剧院。",
                    "name": "杜比剧院"
                },
                {
                    "name": "中国大剧院",
                    "description": "众多传奇影片首演场地，前院水泥地面上保留着历代影星们手印脚印。",
                    "consumingTime": "约 10 分钟"
                },
                {
                    "name": "星光大道",
                    "description": "2400 多个明星在上面留下签名和手印，这里的每颗星都表达了对电影，广 播，电视，话剧行业作出贡献的两千多名艺术家的敬意。",
                    "consumingTime": "约 15 分钟"
                },
                {
                    "name": "格里菲斯天文台",
                    "description": "前往格里菲斯公园 Griffith Park，在这里进入洛杉矶地标天文台上 俯瞰洛杉矶全景与好莱坞的半山标志【HOLLYWOOD】，甚至还能远观太平洋。",
                    "consumingTime": "约 45 分钟"
                }
            ],
            "scheduleTraffics": [
                {
                    "arrivalTime": "",
                    "departure": "",
                    "departureTime": "",
                    "destination": "",
                    "trafficType": "汽车"
                }
            ],
            "title": "洛杉矶-拉芙琳",
            "tripDay": 5
        },
        {
            "breakfast": 1,
            "content": "",
            "dinner": 1,
            "hotels": [
                {
                    "name": "",
                    "star": ""
                }
            ],
            "lunch": 1,
            "scenes": [
                {
                    "consumingTime": "约 2.5 小时",
                    "description": "其自然风光不容错过、您可将科罗拉 多大峡谷的壮阔景致尽收眼底。据说，这个大峡谷是在太空中俯瞰地球时唯一可见的自然景观，已列 入联合国世界自然遗产名录。1919 年，威尔逊总统将大峡谷地区辟为“大峡谷国家公园”，1980 年列 入世界遗产名录。大峡谷山石多为红色，从谷底到顶部分布着从寒武纪到新生代各个时期的岩层，层 次清晰，色调各异，并且含有各个地质年代的代表性生物化石，又被称为“活的地质史教科书",
                    "name": "大峡谷国家公园-南峡"
                },
                {
                    "name": "Mather Point",
                    "description": "1903 美国总统罗斯福来此游览时，曾感慨 的说：“大峡谷使我充满了敬畏，它无可比拟，无法形容，在这辽阔的世界上，绝无仅有”",
                    "consumingTime": ""
                },
                {
                    "name": "Yavapai Point",
                    "description": "站在峡谷的边缘，凝视大峡谷的宽广，给人一种平静与空旷的感觉，面对这造物 主的鬼斧神工，游客们无不感慨万千、流连忘返。如果说上帝是大峡谷的缔造者，科罗拉多河则是雕 刻大峡谷的艺术家，河流与峽谷耳鬓厮磨的恋情已经持续六百万年。旁边的亚瓦帕博特馆中还有大峡 谷的立体模型，可以清楚地了解到大峡谷的全貌。",
                    "consumingTime": ""
                },
                {
                    "name": "金曼",
                    "description": "由于地处交通要塞，这里也被称为 66 号公路的核心。66 号公路的传奇不仅曾是美国东 西交通的大动脉，还因为它在美国人开拓西部的历史上起到了重要作用",
                    "consumingTime": "约 20 分钟"
                }
            ],
            "scheduleTraffics": [
                {
                    "arrivalTime": "",
                    "departure": "",
                    "departureTime": "",
                    "destination": "",
                    "trafficType": "汽车"
                }
            ],
            "title": "拉芙琳-66 号公路小镇金曼-大峡谷国家公园（南峡）-西部小镇",
            "tripDay": 6
        },
        {
            "breakfast": 1,
            "content": "",
            "dinner": 1,
            "hotels": [
                {
                    "name": "拉斯大道酒店",
                    "star": ""
                }
            ],
            "lunch": 1,
            "scenes": [
                {
                    "consumingTime": "谷内停留约 1 小时",
                    "description": "羚羊峡谷是地球上最著名的狭缝峡谷。 由于狭缝太小，光线常被岩壁两侧的凸岩阻断，游客在峡谷底永远看不到狭缝全貌，只能看到一个又 一个奇形怪状的光洞。由于没有任何人造灯光装置，游客的想象力没有约束，而且在不同季节、不同 时间可以看到不同的影像。 造物主赋予羚羊峡谷不可思议的魅力，羚羊峡谷给了来此的游人以出乎意 料的震撼、惊喜和想象力。",
                    "name": "下羚羊峡谷"
                },
                {
                    "name": "马蹄湾",
                    "description": "此为科罗拉多河在此 270 度大回转切割而成。马蹄湾是惊魂夺魄的，却又是让人屏息静气的。站在悬崖边俯瞰 300 米下的 科罗拉多河，不禁感叹造物主神奇的魅力",
                    "consumingTime": "停留约 30 分钟"
                },
                {
                    "name": "拉斯之眼",
                    "description": "",
                    "consumingTime": ""
                }
            ],
            "scheduleTraffics": [
                {
                    "arrivalTime": "",
                    "departure": "",
                    "departureTime": "",
                    "destination": "",
                    "trafficType": "汽车"
                }
            ],
            "title": "西部小镇-羚羊彩穴-马蹄湾-拉斯维加斯",
            "tripDay": 7
        },
        {
            "breakfast": 0,
            "content": "",
            "dinner": 0,
            "hotels": [
                {
                    "name": "",
                    "star": "四钻"
                }
            ],
            "lunch": 0,
            "scenes": [
                {
                    "consumingTime": "约 1 小时",
                    "description": "瀑布位于加拿大和美国交界 的尼亚加拉河中段地区，有着世界七大奇景之一的美誉， 同时也是世界三大瀑布之一。它以宏伟的气 势，丰沛而浩瀚的水汽，震撼了所有的游人。从伊利湖滚滚而来的尼亚加拉河水流经此地，突然垂直 跌落 51 米，巨大的水流以银河倾倒之势冲下断崖，声及数里之外，场面震人心魄，形成了气势磅礴的 大瀑布。",
                    "name": "尼亚加拉大瀑布"
                }
            ],
            "scheduleTraffics": [
                {
                    "arrivalTime": "",
                    "departure": "拉斯维加斯",
                    "departureTime": "",
                    "destination": "布法罗",
                    "trafficType": "汽车、飞机"
                }
            ],
            "title": "拉斯维加斯-中转城市-布法罗",
            "tripDay": 8
        },
        {
            "breakfast": 1,
            "content": "",
            "dinner": 1,
            "hotels": [
                {
                    "name": "",
                    "star": "四星"
                }
            ],
            "lunch": 1,
            "scenes": [
                {
                    "consumingTime": "",
                    "description": "",
                    "name": ""
                }
            ],
            "scheduleTraffics": [
                {
                    "arrivalTime": "",
                    "departure": "布法罗",
                    "departureTime": "",
                    "destination": "华盛顿",
                    "trafficType": "汽车"
                }
            ],
            "title": "布法罗-华盛顿",
            "tripDay": 9
        },
        {
            "breakfast": 1,
            "content": "",
            "dinner": 1,
            "hotels": [
                {
                    "name": "",
                    "star": "四星"
                }
            ],
            "lunch": 1,
            "scenes": [
                {
                    "consumingTime": "外观，约 15 分钟",
                    "description": "可以说是世界最有权力的地方，因为里面住着 美国总统，是美国总统的居住和办公的地点。白宫是一幢白色的新古典风格砂岩建筑物，位于华盛顿 哥伦比亚特区西北宾夕法尼亚大道 1600 号。",
                    "name": "白宫 The White House"
                },
                {
                    "name": "华盛顿纪念碑",
                    "description": "金子塔式小尖顶抜地而起高耸入云，丰碑高达 555 英尺无论你以任何交通工 具，从任何方向来到华盛顿时，首先映入你眼帘的就是这座用来纪念华盛顿伟业的纪念碑。",
                    "consumingTime": ""
                },
                {
                    "name": "林肯纪念堂",
                    "description": "仿古希腊巴特农神庙式的大理石古典建筑。环绕着纪念堂 36 根白色的 大理石圆形廊柱，象征林肯任总统时所拥有的 36 个州（如遇特殊活动限制则改为参观外观）",
                    "consumingTime": "约 15 分钟"
                },
                {
                    "name": "国会大厦",
                    "description": "美国国会的办公大楼，建在一处高 28 米的国会山上",
                    "consumingTime": "约 30 分钟，入内"
                },
                {
                    "name": "【独立宫】（外观）、早期国会（外观）和独立广场",
                    "description": "独立宫是 美国著名历史纪念建筑，在费城国家独立历史公园内，1732～1756 年建造，是一座两层旧式红砖楼 房，乳白色的门窗，乳白色的尖塔，正屋和塔之间镶嵌着一座具有纪念意义的自由钟。",
                    "consumingTime": "共约 15 分钟"
                },
                {
                    "name": "自由钟",
                    "description": "自由钟是美国人的骄傲，是为自由而奋斗不止的一种精神象征。 它的钟体上刻有源于圣经《旧约》中一句话“向各地的所有居民宣布自由”，自豪的表示着美国的伟大 独立，意义深远。这口钟由宾夕法尼亚州议会用 100 英镑的价格向伦敦 White Chapel 工厂订制，1752 年完工后被安放在了费城。然后乘车前往纽约，抵达后入住纽约新泽西区酒店休息",
                    "consumingTime": "30 分钟"
                }
            ],
            "scheduleTraffics": [
                {
                    "arrivalTime": "",
                    "departure": "",
                    "departureTime": "",
                    "destination": "",
                    "trafficType": "汽车"
                }
            ],
            "title": "华盛顿-费城-纽约（新泽西）",
            "tripDay": 10
        },
        {
            "breakfast": 1,
            "content": "",
            "dinner": 1,
            "hotels": [
                {
                    "name": "",
                    "star": "四钻"
                }
            ],
            "lunch": 1,
            "scenes": [
                {
                    "consumingTime": "不上岛，约 1 个小时",
                    "description": "女神像高约 46 米是整个美国的象征，被列入世界 文化遗产。她位于哈德逊河口附近的自由岛，船上乘客可以近距离看见屹立的女神高举自由火炬雕像。",
                    "name": "自由女神像 环岛游船"
                },
                {
                    "name": "漫步华尔街 & 纽约证券交易所 & 铜牛",
                    "description": "返回码头后步行游览华尔街，这里有纽约 证券交易所和金融铜牛，铜牛叫嚣着权力与金钱已有近三十年，直至 2017 年无畏女孩雕塑的出现， 直视铜牛面无惧色，成为了纽约最新、最热门的打卡地点。走在这片区域，别忘了纽约金色世界背后 的复杂、矛盾与挣扎。",
                    "consumingTime": "约 20 分钟"
                },
                {
                    "name": "联合国总部大楼",
                    "description": "是世界上的一块“国际领土”，飘满各国国旗的广场上，打 结手枪雕塑寓意着世界人民的和平心愿。",
                    "consumingTime": "外观，约 15 分钟"
                },
                {
                    "name": "第五大道",
                    "description": "闻名全球的纽约第五大道过去一年的租金上涨 38%，以年租金 每平方米 7.4 万元人民币名列第一，成为全球最贵的购物街。尽管如此，还是有很多名牌企业设法把 自己的分店开到这条纽约市最繁华的街道，向股东和潜在投资者展示着自己的实力。",
                    "consumingTime": "1.5 小时"
                },
                {
                    "name": "大都会艺术博物馆",
                    "description": "是美国最大的艺术博物馆，也是世界著名博物馆。 占地 13 万平方米，与英国伦敦的大英博物馆、法国巴黎的卢浮宫、俄罗斯圣彼得堡的列宁格勒美术馆 齐名的世界四大美术馆之一，共收藏有 300 万件展品。现在是世界上首屈一指的大型博物馆。",
                    "consumingTime": "入内，含讲解，约 2 小时"
                },
                {
                    "name": "登顶帝国大厦",
                    "description": "如果您没有登上帝国大厦观景台等于没有看到真正的纽约。帝国大厦 观景台位于曼哈顿中心第五大道,每天早晨 8 点到凌晨 2 点全年开放.，86 层观景台距离地面 1,050 英 尺(320 米) ，室内外观景台使您无论在白天夜晚,阳光风雨都能 360 度欣赏纽约的旖旎多姿。近期斥资 5.5 亿美金完成了整座建筑的能源结构升级, 使其成为现代建筑在节能和可持续发展的典范。",
                    "consumingTime": "约 1 小时"
                }
            ],
            "scheduleTraffics": [
                {
                    "arrivalTime": "",
                    "departure": "",
                    "departureTime": "",
                    "destination": "",
                    "trafficType": "汽车"
                }
            ],
            "title": "纽约（新泽西）- 纽约（曼哈顿）- 纽约（新泽西）",
            "tripDay": 11
        },
        {
            "breakfast": 1,
            "content": "",
            "dinner": 1,
            "hotels": [
                {
                    "name": "",
                    "star": ""
                }
            ],
            "lunch": 1,
            "scenes": [
                {
                    "consumingTime": "约 20 分钟",
                    "description": "这里是世界知名的车站之一，也是众多电影和美剧热衷的拍摄场景 之一，《黑衣人》《绝地战警》《教父》《绯闻女孩》《复仇者联盟》等都曾在这儿取景。气势恢宏的大理 石装饰、拱形玻璃、四面钟、上帝视角的星空穹顶，让您目不暇接。",
                    "name": "纽约中央火车站"
                },
                {
                    "name": "中央公园 Central Park",
                    "description": "如果没有中央公园，纽约可能早已变成一部机器。 从 59 街至 110 街，长方形的中央公园是纽约高空最容易辨别的地标，这里松鼠遍地，晨鸟鸣唱，小城堡点 缀在镜面的池边，城市的喧嚣瞬间被抛开在千里之外，唯有来往跑步运动的人默默地提醒着城市的心 跳仍在继续。",
                    "consumingTime": "约 20 分钟"
                },
                {
                    "name": "哈德逊园区",
                    "description": "位于 Hudson Yards 景观通廊、广场中心和视觉焦点处的巨大构 筑物名为 Vessel（容器），它是一个蜂窝状的楼梯，网友们亲切的称它为“大松果”。从不同角度欣赏 建筑都能发现独特的美感，是您朋友圈打卡的理想地点",
                    "consumingTime": "约 10 分钟，外观"
                },
                {
                    "name": "高线公园",
                    "description": "高线公园是一个位于纽约曼哈顿中城西侧的线型空中花园，全长 1.45 英里， 是在货运铁路线的基础上修建而成。狭长的人行步道穿梭在高楼之间，两旁布满了花草，漫步在步道 上、躺在草坪上聊天看书或晒太阳都是在纽约这座繁华都市中的片刻享受。",
                    "consumingTime": "约 20 分钟"
                },
                {
                    "name": "悬浮公园",
                    "description": "于 2021 年正式向公众开放的悬浮公园，一经开放就成为纽约网红打卡的 必去之处，这里的设计小众而清新。支撑悬浮在哈德逊河上的公园是由 132 个不同高度的混凝土“郁 金香”支撑起来的，形成了 2.4 英亩的丘陵和蜿蜒的小径。岛上的每个角落都代表着不同的微小气候， 这取决于地形、日照和风环境",
                    "consumingTime": "约 20 分钟"
                },
                {
                    "name": "布鲁克林 DUMBO 艺术区",
                    "description": "位于纽约东河岸，如今的 DUMBO 是一个充满艺术活 力的区。而沿着河岸的布鲁克林公园，更是拥有观看纽约下城天际线及布鲁克林桥和曼哈顿大桥的观 景视野，那些刻意保存的石板路、红砖墙，和网紅旋转木马让这里充满韵味。",
                    "consumingTime": "约 40 分钟"
                }
            ],
            "scheduleTraffics": [
                {
                    "arrivalTime": "",
                    "departure": "",
                    "departureTime": "",
                    "destination": "",
                    "trafficType": "汽车"
                }
            ],
            "title": "纽约网红地打卡",
            "tripDay": 12
        },
        {
            "breakfast": 0,
            "content": "",
            "dinner": 0,
            "hotels": [
                {
                    "name": "",
                    "star": ""
                }
            ],
            "lunch": 0,
            "scenes": [
                {
                    "consumingTime": "",
                    "description": "",
                    "name": ""
                }
            ],
            "scheduleTraffics": [
                {
                    "arrivalTime": "07:15+1",
                    "departure": "纽约",
                    "departureTime": "02:05",
                    "destination": "北京",
                    "trafficType": "飞机"
                }
            ],
            "title": "纽约-北京",
            "tripDay": 13
        },
        {
            "breakfast": 0,
            "content": "",
            "dinner": 0,
            "hotels": [
                {
                    "name": "",
                    "star": ""
                }
            ],
            "lunch": 0,
            "scenes": [
                {
                    "consumingTime": "",
                    "description": "",
                    "name": ""
                }
            ],
            "scheduleTraffics": [
                {
                    "arrivalTime": "",
                    "departure": "",
                    "departureTime": "",
                    "destination": "",
                    "trafficType": ""
                }
            ],
            "title": "北京",
            "tripDay": 14
        }
    ]
}