{
    "product": {
        "childAgeBegin": "0",
        "childAgeEnd": "0",
        "childHasBed": 0,
        "childHasTraffic": 0,
        "childHeightBegin": "",
        "childHeightEnd": "",
        "childRule": "",
        "departureCityName": "北京",
        "departureCountryName": "中国",
        "departureProvinceNam": "",
        "dests": [
            {
                "countryName": "伊斯坦布尔",
                "destCityName": "",
                "destProvinceName": ""
            }
        ],
        "insurance": [
            {
                "content": "",
                "name": "",
                "typeName": ""
            }
        ],
        "insuranceIncluded": 0,
        "markets": [
            {
                "name": "土耳其全景"
            }
        ],
        "productSubtitle": "畅游奥斯曼，永恒之经典",
        "productTitle": "永恒系列 土耳其全景13日之旅（CA）",
        "returnCityName": "北京",
        "tags": [
            {
                "name": "永恒系列"
            }
        ],
        "themes": [
            {
                "name": "土耳其"
            }
        ]
    },
    "line": {
        "backAirports": [
            {
                "airlineCode": "CA",
                "airlineName": "中国国际航空",
                "arriveAirportName": "北京首都国际机场",
                "arriveTime": "05:30",
                "days": "+1",
                "flightNo": "CA860",
                "flightSort": "",
                "startAirportName": "",
                "startTime": "14:55"
            }
        ],
        "backTransportName": "飞机",
        "goAirports": [
            {
                "airlineCode": "CA",
                "airlineName": "中国国际航空公司",
                "arriveAirportName": "",
                "arriveTime": "08:20",
                "days": "0",
                "flightNo": "CA859",
                "flightSort": "",
                "startAirportName": "北京首都国际机场",
                "startTime": "02:00"
            }
        ],
        "goTransportName": "飞机",
        "hotelStarName": "五星",
        "lineFeature": "",
        "lineSimpleTitle": "",
        "lineSortTitle": "",
        "lineTitle": "",
        "needVisa": 1,
        "passCities": [
            {
                "cityName": "",
                "countryName": "",
                "provinceName": ""
            }
        ],
        "tripDays": "13",
        "tripNight": "10",
        "visaBasic": {
            "postAddress": "",
            "postContact": "",
            "postPhone": "",
            "visas": [
                {
                    "content": "",
                    "country": "",
                    "district": "",
                    "freeVisa": "0",
                    "signPlace": ""
                }
            ]
        }
    },
    "cal": {
        "channelPut": [
            {
                "adultSalePrice": "",
                "childSalePrice": "",
                "sellRemark": ""
            }
        ],
        "departDate": [
            ""
        ]
    },
    "cost": {
        "bookRule": "",
        "costExclude": "1、签证：因私护照土耳其电子签证 500 元/人（报名参团时一并支付） 2、境外司导服务费 260 美金/人（集合当日由领队于北京机场代为收取或报名参团时一并支付） 3、国内费用（国内交通，国内机场建设税等) 4、个人消费（例如酒店内电话费；洗衣费等） 5、行程之外的观光节目及自费项目 6、因交通延阻、罢工、自然灾害等人力不可抗拒原因所引致的额外费用",
        "costInclude": "1、机票：北京起止国际机票及机场税（不含航班公司临时新增的燃油附加费） 2、酒店：全程当地五星级酒店双人标准间（如遇卡帕多起亚入住洞穴酒店，番红花城入住民宿，洞穴酒店/民宿 为当地特色酒店，均不挂星）（如要求住单间需补单房差。另外，散客拼团，我社有权利调整夫妻及亲属住宿安 排，不保证夫妻、成年子女和父母同房。如不同意旅行社调整，需补单间差。谢谢理解） 3、用餐：酒店内西式自助早餐，中式午晚餐（8 菜 1 汤）或当地餐（当地餐不提供免费酒水/茶等，用餐在飞机 或船上以机船餐为准，不再另补） 4、用车：适用空调旅游巴士 5、导游：当地英文导游配中文翻译 或 当地中文导游（境外导游服务费另行支付） 6、司机：当地专职司机（境外司机服务费另行支付） 7、观光：行程内观光景点之首道门票 8、其它：旅行社责任险 9、境外旅游意外保险",
        "lineReturns": [
            {
                "begin": "",
                "cost": "",
                "end": ""
            }
        ],
        "otherRule": "1.此团是集体活动，集体出发、集体返回，请遵守时间，任何人不得脱团、逾期或滞留不归； 2.参团旅客，所持护照均为自备因私护照，出入境如遇到因护照引起的问题而影响行程，由此引起的一切 损失（包括团费），均由客人自负。 3.如客人不参加我公司的赠送项目，用餐、门票等费用不退。 4.旅游期间遇到特殊情况如交通，天气等旅行社认为不可控原因，本公司有权增减或更改某些行程和旅游 项目； 5.由于不可抗拒的原因，如政变、罢工、水灾地震、交通意外等所引起的旅游天数和费用的增加，本公司 将按实际情况向旅客予以收费。 6.请自备签证和境外参团的客人自行检查签证是否符合本行程的要求，若因自身原因不能按时参团，本社 概不负责；",
        "returnContent": "附件一：报名后取消参团损失明晰 1.参团以到 5000 元/人定金为准，取消定金不退，并需于出发前 15 天付清余款 2.团队出发前 16 天及以上取消，游客需支 5000 元/人定金损失，如已经送签，另需支付签证费 3.团队出发前 15-8 天取消，游客需支付 50%元团款损失，如已经送签，另需支付签证费 3.团队出发前 7-0 天取消，全款损失 以上损失明晰为团队特殊约定，请签在合同附加条款中！",
        "selfCostContent": "经旅游者与旅行社双方充分协商，就本次旅游的自费项目达成一致，旅游者自愿签署本补充协议。 1.自费活动参加与否，由旅游者根据自身需要和个人意志，自愿、自主决定，旅行社全程绝不强制参加。 2.为确保客人人身安全，凡自行采购境外自费项目的客人，谢绝报名参加我社旅行团队。如客人在报名后 及出团期间，自行采购境外自费项目，且经组团社及发团社劝阻无效的，本社视为客人自愿放弃自费后的 后续行程，由此产生的一切费用须由客人自行承担。 3.请参加自费项目的游客在参加活动时务必谨慎看护好个人财产，随时留心身边的状况。一旦发生遗失或 被盗我们无法为您做出相应的补偿。导游将积极协助您办理报案等相关事宜",
        "selfCosts": [
            {
                "address": "",
                "fee": "70 美金/人/次",
                "name": "安塔利亚游船 （安塔利亚）",
                "remark": "地中海（安塔利亚）出海游览：乘游船出海，观赏杜登瀑布直泻大海 的壮观景象。幸运的话还可以在船上与美丽的彩虹、瀑布合影。 【备注】天气环境直接影响此项自费活动能否进行或完整进行，在天 气条件不允许情况下，游船无法出海或无法到达瀑布近处，望请谅解！",
                "stay": ""
            },
            {
                "address": "",
                "fee": "280 美金/人/次",
                "name": "热气球飞行 （卡帕多奇亚）",
                "remark": "在工作人员准备热气球时，喝一杯热咖啡或热茶，然后登上热气球。 黎明柔和的光线洒在了卡帕多奇亚，气球先在低空飞行，以欣赏如雕 刻般的凝灰岩，然后上升到一个更高的高度，让您饱览侵蚀的石柱和 石锥这些奇形怪状景观的全景。着陆后，您将获得一杯香槟以庆祝您 280 美金/人/次 的冒险之旅，而且还会收到一份飞行证书证明您的空降体验。约 1 小 时（视天气情况） 【备注】 1. 天气环境及空中管制直接影响此项自费活动能否进行，在天气条件 不允许及实行空中管制情况下，热气球不能升空，望请谅解！ 2. 如因名额已满或天气原因未能体验卡帕多起亚热气球，客人如同意 改签棉花堡热气球飞行，费用不退，请客人境外签字确认",
                "stay": ""
            },
            {
                "address": "",
                "fee": "75 美金/人/次",
                "name": "土耳其之夜 （卡帕多奇亚）",
                "remark": "卡帕多奇亚洞穴剧场观看土耳其当地民族舞、肚皮舞表演，包含免费 酒水和特色小食）民族舞源自土耳其北方、黑海沿岸，风格硬朗明快； 肚皮舞为中东地区特色，舞娘热情奔放，约 1 小时。",
                "stay": ""
            },
            {
                "address": "",
                "fee": "120 美金/人/次",
                "name": "老爷车体验 （卡帕多奇亚）",
                "remark": "以浪漫潮流的方式探索卡帕多西亚的景点。复古老爷车之旅让您可以 乘坐老式老爷车参观该地区著名景点，欣赏独特景色，拍摄迷人的照 片，并在独特而优雅的体验中欣赏山谷的美景。约 1 小时（每车最多 拼坐 3 人）",
                "stay": ""
            },
            {
                "address": "",
                "fee": "100 美金/人/次",
                "name": "吉普车巡游 （卡帕多奇亚）",
                "remark": "吉普车项目主要驾驶到普通大巴车无法抵达的爱情谷，玫瑰谷，红谷， 欧塔西沙和 eski hastane 谷等。本产品有一定惊险刺激性，不接受患 有高血压、心脏病以及年龄在七十周岁及以上的老人预定。参加者年 龄不小于 10 岁。约 1.5 小时（每车最多拼坐 4 人）。",
                "stay": ""
            },
            {
                "address": "",
                "fee": "75 美金/人/次",
                "name": "土耳其浴 （伊斯坦布尔）",
                "remark": "闻名遐迩的土耳其浴是利用浴室内的高温，使人大汗淋漓，再用温水 或冷水淋浴全身，达到清除污垢，舒活筋骨，消除疲劳的目的。 在正宗的土耳其浴室内，专门有一批称之为“坦拉克”的按摩师。当 75 美金/人/次 沐浴者舒展四肢躺卧在“肚皮石”上，双手涂满橄榄油的按摩师便在 他身上推、拿、揉、按，使全身皮肤微红，血脉流畅，顿觉浑身轻松， 舒适无比（按摩单收费）。约 1 小时",
                "stay": ""
            }
        ],
        "shopContent": "1. 在土耳其,购物是件非常愉快的事情。看到各种各样的土耳其工艺品,令人不由得想要购买。不仅有现代的 商品还有各个村庄和各个地区的传统工艺品。另外还有用于一般家庭和厨房的实用商品,以及很多土耳其的 传统的装饰品。 2. 最受欢迎的商品是毛毯,除此之外还有皮毛制品,锅或青铜的雕像、银、陶瓷器、手工艺品、刺绣产品。另 外还有很多土产店销售土耳其的名产海泡石烟管,玛瑙等商品。 3. 在土耳其,绒毛皮和毛皮是非常重要的产品,用来生产各种各样的服装、手提包、腰带、皮鞋等商品,同时, 价格又非常便宜。在主要城市的大型商店中,采用离质风的皮和绒毛皮制作的连衣裙、裤子、衣服等商品非 常畅销。",
        "shops": [
            {
                "address": "",
                "remark": "",
                "shopName": "",
                "shopProduct": "",
                "stay": ""
            }
        ],
        "tipsContent": "1. 境外游览时游客应注意人身安全和财产安全。尤其景区、酒店大堂、百货公司、餐厅等游客聚集的地方 更是偷窃行为多发地，游客务必随同导游带领并注意结伴而行，在游玩过程中，时刻注意自己随身携带的物 品安全； 2. 乘坐交通工具时，务必系好安全带。现金、证件或贵重物品请务必随身携带，不应放进托运行李内；外 出旅游离开酒店及旅游车时，也请务必将现金、证件或贵重物品随身携带。 3.游泳/登山/高山索道/滑翔伞/热气球/快艇/游船/沙漠摩托/沙漠冲沙/吉普车四驱车巡游/缆车等活动，均 存在危险性，参与前请根据自身条件，并充分参考当地相关部门及其它专业机构的相关公告和建议后量力而 行。请充分了解活动知识，在尝试参加上述激烈运动时，请务必穿戴好防护用具，严格遵守当地相关安全规 定，在安全标识圈定区域内活动，听从相关人员指挥。不要因为寻求刺激、“挑战极限”、拍照而大意、逞 能或心存侥幸，给自己造成不必要的意外伤害。 4.根据发布的《中华人民共和国禁止携带、邮寄进境的动植物及其产品和其他检疫物名录》，将燕窝、新鲜 水果、蔬菜、动物源性中药材、转基因生物材料等列入严禁携带或邮寄进境项目，敬请知晓。 5.请您严格遵守境外旅游目的地有关国家法律法规，避免因触犯法律损害自身利益"
    },
    "trips": [
        {
            "breakfast": 0,
            "content": "当天于北京首都国际机场指定地点集合  办理登机手续及托运行李  次日凌晨搭乘中国国际航空公司航班飞往伊斯坦布尔",
            "dinner": 0,
            "hotels": [
                {
                    "name": "",
                    "star": ""
                }
            ],
            "lunch": 0,
            "scenes": [
                {
                    "consumingTime": "",
                    "description": "",
                    "name": ""
                }
            ],
            "scheduleTraffics": [
                {
                    "arrivalTime": "08:20",
                    "departure": "北京",
                    "departureTime": "02:00",
                    "destination": "伊斯坦布尔",
                    "trafficType": "飞机"
                }
            ],
            "title": "北京",
            "tripDay": 1
        },
        {
            "breakfast": 0,
            "content": "",
            "dinner": 1,
            "hotels": [
                {
                    "name": "",
                    "star": ""
                }
            ],
            "lunch": 1,
            "scenes": [
                {
                    "consumingTime": "游览约 40 分钟",
                    "description": "是伊斯坦布尔最古老、最壮观的地区之一，最具 标志性的建筑是鹅卵石坡道旁的彩色房屋。这些房屋大多有 50 多 年的历史，有的甚至有 200 多年的历史。漫步在巴拉特街头，转 角的咖啡厅和鹅卵石街道旁的市场都不容错过！",
                    "name": "Balat（巴拉特）"
                },
                {
                    "name": "多玛巴切新 皇宫",
                    "description": "宫殿内陈列着许多当年皇族的豪华 物品，其中最另人叹为观止的是建造在帝王房间内的高约 36 公尺 的大圆顶；（周一周四关闭）",
                    "consumingTime": "（入内参观，约 1 小时）"
                },
                {
                    "name": "博斯普鲁斯海峡游船（包船）",
                    "description": "：航行在波斯普鲁斯海峡上，水道分 隔了欧洲跟亚洲，穿过悬浮桥并观赏美丽的奥德曼避暑山庄，水上 的豪宅和横躺在欧亚水路上的现代别墅，在博斯普鲁斯海峡上看到 的伊斯坦布尔全景必定令你流连忘返。",
                    "consumingTime": "博斯普鲁斯海峡游船（包船）"
                },
                {
                    "name": "独立大街",
                    "description": "能直观地感受到土耳其作为世俗化国家的开放与 包容。这条优雅的土耳其“香榭丽舍”大道，充满了浓郁的复古气 息，装点了土耳其美好的人文生活。这里有充满历史风情的古典建 筑群，圣安东尼教堂于 17 世纪晚期迁至现址，精致的建筑外观上 覆盖了如网状花纹一般的设计。伊斯坦布尔最著名的视觉标志之一 加拉塔也位于此；这里更是拥有数不尽的土耳其美食的吃货天堂， 您还可以打卡小红书网红甜品店。",
                    "consumingTime": ""
                },
                {
                    "name": "克西姆广场",
                    "description": "相当于伊斯坦布尔的天安门广场，它是这座现代化城 市象征性的中心",
                    "consumingTime": "自由游览约 1.5 小时"
                },
                {
                    "name": "金角湾全景游",
                    "description": "伊斯坦布尔的一个天然屏障， 对昔日君士坦丁堡的防卫有着很大的作用，因此过去金角湾曾是拜 占庭帝国的海军基地，拜占庭帝国还在金角湾沿岸修建城墙",
                    "consumingTime": "金角湾全景游"
                }
            ],
            "scheduleTraffics": [
                {
                    "arrivalTime": "",
                    "departure": "",
                    "departureTime": "",
                    "destination": "",
                    "trafficType": ""
                }
            ],
            "title": "北京✈ 伊斯坦布尔",
            "tripDay": 2
        },
        {
            "breakfast": 1,
            "content": "",
            "dinner": 1,
            "hotels": [
                {
                    "name": "",
                    "star": ""
                }
            ],
            "lunch": 1,
            "scenes": [
                {
                    "consumingTime": "",
                    "description": "老城区完整地保留着奥斯曼时期的房屋和建筑包括 早 午 晚 番红花城 私人博物馆、清真寺、墓园、历史喷泉、土耳其浴、钟塔、日晷以 及数以百计的房屋……整修后在1994年被列入联合国教科文组织 的世界遗产名录。",
                    "name": "番红花城"
                }
            ],
            "scheduleTraffics": [
                {
                    "arrivalTime": "",
                    "departure": "",
                    "departureTime": "",
                    "destination": "",
                    "trafficType": ""
                }
            ],
            "title": "伊斯坦布尔 -番红花城",
            "tripDay": 3
        },
        {
            "breakfast": 1,
            "content": " 酒店早餐  驱车前往被国家地理杂志评为必看景点之一—卡帕多奇亚（500公 里，单程车程约6.5小时左右）  途径首都安卡拉，参观阿塔图克纪念馆  途径参观图兹盐湖，面积近1500平方公里，以雪白广阔的湖景著 名，也是土耳其第2大的湖泊，湖水的含盐量高达30%，一望无际 的湖面上光可鉴人，犹如纯美天界。图兹湖盐湖与世界著名的玻利 维亚乌尤尼盐湖很相似，当盐湖有水且天气晴朗时，蓝天白云会倒 影在白如明镜的盐水面上，尤如一面巨大的天空之镜，天地一景， 十分美好，人影倒影在湖面，如剪影一般，愈加生动，如一幅灵动 的水墨画。 温馨提示：图兹湖面积与水深会随季节变换而变化，枯水期露出大片盐 滩供采盐，所以季节不一样，您看到的景色就不一样。  晚餐  返回酒店休息",
            "dinner": 1,
            "hotels": [
                {
                    "name": "",
                    "star": ""
                }
            ],
            "lunch": 1,
            "scenes": [
                {
                    "consumingTime": "",
                    "description": "面积近1500平方公里，以雪白广阔的湖景著 名，也是土耳其第2大的湖泊，湖水的含盐量高达30%，一望无际 的湖面上光可鉴人，犹如纯美天界。图兹湖盐湖与世界著名的玻利 维亚乌尤尼盐湖很相似，当盐湖有水且天气晴朗时，蓝天白云会倒 影在白如明镜的盐水面上，尤如一面巨大的天空之镜，天地一景， 十分美好，人影倒影在湖面，如剪影一般，愈加生动，如一幅灵动 的水墨画",
                    "name": "图兹盐湖"
                }
            ],
            "scheduleTraffics": [
                {
                    "arrivalTime": "",
                    "departure": "",
                    "departureTime": "",
                    "destination": "",
                    "trafficType": ""
                }
            ],
            "title": "番红花城-安卡拉 -图兹盐湖 -卡帕多起亚",
            "tripDay": 4
        },
        {
            "breakfast": 1,
            "content": "",
            "dinner": 1,
            "hotels": [
                {
                    "name": "",
                    "star": ""
                }
            ],
            "lunch": 1,
            "scenes": [
                {
                    "consumingTime": "入内参观，约45分钟",
                    "description": "土耳其最著名的 旅游点之一，在自然地貌的基础上修建的建筑群，包括石窟教堂、 礼拜堂和修道院，露天博物馆位于陡峭的山谷之中，浓缩了卡帕多 西亚的自然、历史和人文，汇集了三十多个大大小小不同特色的石 窟教堂",
                    "name": "格雷梅露天博物馆"
                },
                {
                    "name": "恰尔达克地下城",
                    "description": "这个巨大的隧道迷 宫有七八层深，拥有洞穴、通道以及通风孔等设施，是古代的人们 为避免战乱而修建的建筑奇观。",
                    "consumingTime": "入内参观，约30分钟"
                },
                {
                    "name": "“精灵的烟囱",
                    "description": "实际上是一些特大号的圆锥形岩层，松软的岩石 酷似锥形的尖塔，尖塔顶端被大自然赋予了一块更加松软的玄武岩 “帽子”，数亿年前卡帕多奇亚地区的埃尔吉耶斯火山喷发，火山 喷吐而出的熔岩造就了周围的地形",
                    "consumingTime": "外观，约15分钟"
                },
                {
                    "name": "迪夫里特峡谷",
                    "description": "它是世界上最壮观的“风化区”，触目所及尽 是被“吹残”后的天然石雕。卡帕多奇亚奇石林，此地奇特之天然 奇景，举世闻名，其大约于三百万年前，由于火山爆发，熔岩及火 山灰覆盖该地，后经长期风化侵蚀，成为现在特殊地形",
                    "consumingTime": "外观，约15分钟"
                }
            ],
            "scheduleTraffics": [
                {
                    "arrivalTime": "",
                    "departure": "",
                    "departureTime": "",
                    "destination": "",
                    "trafficType": ""
                }
            ],
            "title": "卡帕多起亚",
            "tripDay": 5
        },
        {
            "breakfast": 1,
            "content": " 酒店早餐  驱车前往孔亚（245 公里，车程约 3.5 小时），孔亚处于土耳其中 部，并且是世界上最古老的城市中心之一，是旋转舞的发源地  古驿站（途中外观约 15 分钟），土耳其是伟大古丝绸之路的终点， 而孔亚则是古代驼商们到达终点前重要的补给站。如今的孔亚早已 褪去了昔日的繁华，只有千年前的古迹，还默默地记录着它曾经的 辉煌。  参观梅乌拉那博物馆（入内参观，约40分钟），由清真寺改成，是 孔亚人的虔诚圣地，每日前往参拜的当地人，无不围绕在梅乌拉那 父子陵墓前念念有辞，用黄金刺绣的丝绒覆盖着的梅乌拉那父子， 是孔亚人最尊敬的人  晚餐  入住酒店休息",
            "dinner": 1,
            "hotels": [
                {
                    "name": "",
                    "star": ""
                }
            ],
            "lunch": 1,
            "scenes": [
                {
                    "consumingTime": "（途中外观约 15 分钟）",
                    "description": "土耳其是伟大古丝绸之路的终点， 而孔亚则是古代驼商们到达终点前重要的补给站。如今的孔亚早已 褪去了昔日的繁华，只有千年前的古迹，还默默地记录着它曾经的 辉煌。",
                    "name": "古驿站"
                },
                {
                    "name": "梅乌拉那博物馆",
                    "description": "由清真寺改成，是 孔亚人的虔诚圣地，每日前往参拜的当地人，无不围绕在梅乌拉那 父子陵墓前念念有辞，用黄金刺绣的丝绒覆盖着的梅乌拉那父子， 是孔亚人最尊敬的人",
                    "consumingTime": "入内参观，约40分钟"
                }
            ],
            "scheduleTraffics": [
                {
                    "arrivalTime": "",
                    "departure": "",
                    "departureTime": "",
                    "destination": "",
                    "trafficType": ""
                }
            ],
            "title": "卡帕多起亚-孔亚",
            "tripDay": 6
        },
        {
            "breakfast": 1,
            "content": " 酒店早餐  前往安塔利亚（约80公里，单程车程约2小时），安塔托利亚地区 最古老的居住地，也是土耳其和东部的地中海最大的旅游中心  午餐  市区老城及周边海滩自由漫步(自由休闲) （游览约 1 小时），卡 莱伊奇老城是安塔利亚的市中心。该地被共和国大街（Cumhuriyet 早 午 晚 安塔利亚 Cad）、阿塔图尔克大街（Ataturk Cad）和卡拉阿里奥卢公园 （Karaalioglu Park）所环绕。街区北部有很多宁静小巷，是最适 宜旅行者游览的地方。哈德良门位于老城区入口处，由三座拱门构 成，门上有美丽的雕刻，这里也被称作“三拱门”。  返回酒店休息，酒店晚餐",
            "dinner": 1,
            "hotels": [
                {
                    "name": "",
                    "star": ""
                }
            ],
            "lunch": 1,
            "scenes": [
                {
                    "consumingTime": "",
                    "description": "",
                    "name": ""
                }
            ],
            "scheduleTraffics": [
                {
                    "arrivalTime": "",
                    "departure": "",
                    "departureTime": "",
                    "destination": "",
                    "trafficType": ""
                }
            ],
            "title": "孔亚- 安塔利亚",
            "tripDay": 7
        },
        {
            "breakfast": 1,
            "content": " 酒店享用早餐  驱车前往帕姆卡莱（240 公里，单程车程约 4 小时），一个天然 的温泉中心，当地的温泉水有多种疗养作用  午餐  参观棉花堡（入内参观，约 1 小时 20 分钟），土文 Pamukkale 是由 Pamuk（棉花）和 Kale（城堡）两个字组成的，棉花是指其 色白如棉，远看像棉花团，其实是坚硬的石灰岩地形。城堡是说 它由整个山坡构成，一层又一层，形状像城堡，故得名棉花堡。 此地多温泉，温泉自洞顶流下，将山坡冲刷成阶梯状，平台处泉 水蓄而成塘，人们可坐在里面泡温泉，既解乏，又健康。参观希 拉波利斯古城，这是最安纳托利亚最大的墓地  入住温泉酒店休息  您可在酒店享受免费温泉浴，放松筋骨 早 午 晚 帕姆卡莱 温馨提示：棉花堡酒店可免费泡温泉，请携带泳衣及泳帽",
            "dinner": 1,
            "hotels": [
                {
                    "name": "",
                    "star": ""
                }
            ],
            "lunch": 1,
            "scenes": [
                {
                    "consumingTime": "入内参观，约 1 小时 20 分钟",
                    "description": "土文 Pamukkale 是由 Pamuk（棉花）和 Kale（城堡）两个字组成的，棉花是指其 色白如棉，远看像棉花团，其实是坚硬的石灰岩地形。城堡是说 它由整个山坡构成，一层又一层，形状像城堡，故得名棉花堡。 此地多温泉，温泉自洞顶流下，将山坡冲刷成阶梯状，平台处泉 水蓄而成塘，人们可坐在里面泡温泉，既解乏，又健康。参观希 拉波利斯古城，这是最安纳托利亚最大的墓地",
                    "name": "棉花堡"
                },
                {
                    "name": "",
                    "description": "",
                    "consumingTime": ""
                }
            ],
            "scheduleTraffics": [
                {
                    "arrivalTime": "",
                    "departure": "",
                    "departureTime": "",
                    "destination": "",
                    "trafficType": ""
                }
            ],
            "title": "安塔利亚- 帕姆卡莱 （棉花堡）",
            "tripDay": 8
        },
        {
            "breakfast": 1,
            "content": " 酒店早餐  驱车前往库萨达斯（185 公里，单程约 3 小时 30 分钟），又名 早 午 库萨达斯 或 - 库萨达斯 或伊兹密尔 鸟岛，现在的库萨达斯和周边地区已经成为土耳其乃至欧洲最著 名的沿海滩度假胜地，以其美妙绝伦的海滩和休闲海滨大道最为 出名  午餐  驱车前往基督教早期最重要的城市之——以弗所(车程约 20 分钟)  参观壮丽的以弗所遗址（入内参观，约 1.5 小时）（土耳其必看景 点之一），无疑是世界上保存最好的古罗马城市。它曾是世界上最 重要的城市之一，还有它的美琪大剧院，大理石路，塞尔苏斯图 书馆，哈德良神庙  入住酒店休息  酒店晚餐",
            "dinner": 1,
            "hotels": [
                {
                    "name": "",
                    "star": ""
                }
            ],
            "lunch": 1,
            "scenes": [
                {
                    "consumingTime": "",
                    "description": "",
                    "name": ""
                }
            ],
            "scheduleTraffics": [
                {
                    "arrivalTime": "",
                    "departure": "",
                    "departureTime": "",
                    "destination": "",
                    "trafficType": ""
                }
            ],
            "title": "帕姆卡莱 （棉花堡库萨达斯 或伊兹密尔",
            "tripDay": 9
        },
        {
            "breakfast": 1,
            "content": " 酒店早餐  席林杰（参观约 30 分钟）位于塞尔柱省东边郊外 9 公里的小山城， 以出产水果酒闻名，沿途葡萄园、水蜜桃、苹果、橄榄等果园座于 山丘上。小镇风光不同古文明遗址，街道上尽是特色酒馆、餐厅、 纪念品小店、香料、橄榄制品及最出名的水果酒，从草莓、苹果、 水蜜桃、哈密瓜、樱桃、蓝莓、梨子应有尽有，您可于此浅尝各种 水果酒的味道享受一番哦。（此为我社赠送项目，如由于客观原因 或客人自身原因造成不能正常安排此项目，不涉及任何退费问题。）  前往伊兹密尔(20 公里)  午餐 驱车前往特洛伊古城并参观荷马史诗中的传奇古城（入内参观，约 40 分钟）  驱车前往恰纳卡莱  酒店晚餐",
            "dinner": 1,
            "hotels": [
                {
                    "name": "",
                    "star": ""
                }
            ],
            "lunch": 1,
            "scenes": [
                {
                    "consumingTime": "参观约 30 分钟",
                    "description": "位于塞尔柱省东边郊外 9 公里的小山城， 以出产水果酒闻名，沿途葡萄园、水蜜桃、苹果、橄榄等果园座于 山丘上。小镇风光不同古文明遗址，街道上尽是特色酒馆、餐厅、 纪念品小店、香料、橄榄制品及最出名的水果酒，从草莓、苹果、 水蜜桃、哈密瓜、樱桃、蓝莓、梨子应有尽有，您可于此浅尝各种 水果酒的味道享受一番哦。",
                    "name": "席林杰"
                }
            ],
            "scheduleTraffics": [
                {
                    "arrivalTime": "",
                    "departure": "",
                    "departureTime": "",
                    "destination": "",
                    "trafficType": ""
                }
            ],
            "title": "库萨达斯 或伊兹密尔 - 恰纳卡莱",
            "tripDay": 10
        },
        {
            "breakfast": 1,
            "content": " 酒店早餐  驱车返回伊斯坦布尔  午餐  参观竞技场地区（外观，约 10 分钟），在拜占庭君士坦丁堡的最 有名的地区之一。有各种古迹在竞技场地区：埃及方尖塔，蛇纹柱， 康斯坦丁柱和德国喷泉  参观蓝色清真寺（入内参观，约 30 分钟，如遇清真寺举行特殊仪 式则改为外观），蓝色清真寺，原名苏丹艾哈迈德清真寺，土耳其 著名清真寺之一。  圣索菲亚清真寺（原圣索菲亚大教堂）的造型精美别致，巨型的圆 顶和四座宣礼塔成为清真寺显著的标志，这里饱含了信仰和文化， 在土耳其的辽阔大地上，灼灼生辉。（外观约 15 分钟）  参观大巴扎（入内参观，约 1 小时）：这是世界最大的交易市场。 被奥斯曼帝国征服后用木材建造，包括 4 千多家店，覆盖 50 多条 街，有间歇性的喷泉、水井和清真寺等景点（周日关闭）  晚餐后，入住酒店休息",
            "dinner": 1,
            "hotels": [
                {
                    "name": "",
                    "star": ""
                }
            ],
            "lunch": 1,
            "scenes": [
                {
                    "consumingTime": "外观，约 10 分钟",
                    "description": "在拜占庭君士坦丁堡的最 有名的地区之一。有各种古迹在竞技场地区：埃及方尖塔，蛇纹柱， 康斯坦丁柱和德国喷泉",
                    "name": "竞技场地区"
                },
                {
                    "name": "蓝色清真寺",
                    "description": "如遇清真寺举行特殊仪 式则改为外观），蓝色清真寺，原名苏丹艾哈迈德清真寺，土耳其 著名清真寺之一",
                    "consumingTime": "入内参观，约 30 分钟"
                },
                {
                    "name": "圣索菲亚清真寺（原圣索菲亚大教堂",
                    "description": "的造型精美别致，巨型的圆 顶和四座宣礼塔成为清真寺显著的标志，这里饱含了信仰和文化， 在土耳其的辽阔大地上，灼灼生辉v",
                    "consumingTime": "外观约 15 分钟"
                },
                {
                    "name": "大巴扎",
                    "description": "这是世界最大的交易市场。 被奥斯曼帝国征服后用木材建造，包括 4 千多家店，覆盖 50 多条 街，有间歇性的喷泉、水井和清真寺等景点",
                    "consumingTime": "入内参观，约 1 小时"
                }
            ],
            "scheduleTraffics": [
                {
                    "arrivalTime": "",
                    "departure": "",
                    "departureTime": "",
                    "destination": "",
                    "trafficType": ""
                }
            ],
            "title": "恰纳卡莱- 伊斯坦布尔",
            "tripDay": 11
        },
        {
            "breakfast": 1,
            "content": " 享受一个慵懒的早晨  酒店早餐，整理行装  送往机场  办理登机手续  搭乘中国国际航空公司航班飞返北京",
            "dinner": 0,
            "hotels": [
                {
                    "name": "",
                    "star": ""
                }
            ],
            "lunch": 0,
            "scenes": [
                {
                    "consumingTime": "",
                    "description": "",
                    "name": ""
                }
            ],
            "scheduleTraffics": [
                {
                    "arrivalTime": "05:30",
                    "departure": "伊斯坦布尔",
                    "departureTime": "14:55",
                    "destination": "北京",
                    "trafficType": "飞机"
                }
            ],
            "title": "伊斯坦布尔-北京",
            "tripDay": 12
        },
        {
            "breakfast": 0,
            "content": " 当日早晨抵达北京首都国际机场  返回温暖的家",
            "dinner": 0,
            "hotels": [
                {
                    "name": "",
                    "star": ""
                }
            ],
            "lunch": 0,
            "scenes": [
                {
                    "consumingTime": "",
                    "description": "",
                    "name": ""
                }
            ],
            "scheduleTraffics": [
                {
                    "arrivalTime": "",
                    "departure": "",
                    "departureTime": "",
                    "destination": "",
                    "trafficType": ""
                }
            ],
            "title": "北京",
            "tripDay": 13
        }
    ]
}