{
  "product": {
    "departureProvinceName": "北京",
    "departurecityName": "北京",
    "departurecountryName": "中国",
    "returnCityName": "北京",
    "childAgeBegin": "",
	"childAgeEnd": "",
	"childHeightBegin": "",
	"childHeightEnd": "",
	"childHasTraffic": "",
	"childHasBed": "",
	"childRule": "",
    "dests": [
      {
        "countryName": "印度尼西亚",
        "destCityName": "民丹岛",
        "destProvinceName": ""
      }
    ],
    "markets": [
      {
      	"name": ""
      }
    ],
    "productSubtitle": "",
    "productTitle": "小资新民丹",
    "tags": [
      {
        "name": "浪漫"
      },
      {
        "name": "自在"
      }
    ],
    "themes": [
      {
        "name": "畅玩碧海蓝天"
      }
    ],
    "insuranceIncluded": "",  
    "insurance": {
        "name": "",
        "typeName": "",
        "content": ""
      }
  },
  "line": {
    "backAirports": [],
    "backTransportName": "民丹岛-新加坡-北京",
    "bookRule": "需提供护照扫描件或复印件等",
    "costExclude": "个人护照办理费用、印尼落地签费用、旅游税、酒店内部分费用、单房差费用、部分因个人原因产生的损失、行李托运损失、小费、服务包含项目未提及的其他一切费用",
    "costinclude": "行程所列酒店住宿、当地空调旅游巴士、行程中所列餐食、行程所含景点（区）门票、往返机票（经济舱）",
    "goAirports": [],
    "goTransportName": "北京-新加坡-民丹岛",
    "lineFeature": "涵盖多个著名景点，享受海边四星酒店",
    "lineTitle": "小资新民丹",
    "LineSimpleTitle": "",
    "LineSortTitle": "",
    "LineFeature": "",
    "needVisa": "",
    "passCities": [],
    "tripDays": 7,
    "tripNight": 5,
    "hotelStarName": ""
  },
  "cost": {
    "costInclude": "",
    "costExclude": "",
    "bookRule": "",
    "otherRule": "",
    "tipsContent": "",
    "lineReturns": [
      {
        "begin": "",
        "end": "",
        "cost": ""
      }
    ],
    "returnContent": "",
    "selfCosts": [
      {
        "address": "",
        "name": "",
        "fee": "",
        "stay": "",
        "remark": ""
      }
    ],
    "selfCostContent": ""
  },
  "trips": [
    {
      "breakfast": 0,
      "content": "机场集合搭乘班机飞往狮城-新加坡，抵达后乘车送至码头乘船前往民丹岛。
※【探寻萤火虫】（不少于 60 分钟）夜晚的红树林更加寂静，只有萤火虫在身边飞舞。点点萤火虫划出美妙的弧线，点缀着婆娑的树丛，像仙界的仙灵，造访人间，带来点既神秘又别有一种浪漫的气氛，令人着迷。温馨提示：
1、请提前于航班时间 3 小时抵达机场，办理出境手续及换登机牌；
2、酒店入住时间：14:00 以后，离店时间：12:00 以前。",
      "dinner": 1,
      "hotels": [
        {
          "name": "民丹岛携程四钻酒店",
          "star": "4"
        }
      ],
      "lunch": 0,
      "scenics": [],
      "scheduleTraffics": [
        {
          "arrivalTime": "",
          "departure": "机场",
          "departureTime": "",
          "destination": "民丹岛",
          "trafficType": "飞机"
        }
      ],
      "shops": [],
      "title": "北京-新加坡 参考航班：CA775 0900/1530 新加坡-民丹岛 船票时间待定 民丹岛-探寻萤火虫",
      "tripDay": 1
    },
    {
      "breakfast": 1,
      "content": "【出海浮潜】（不少于 120 分钟）民丹岛周边有很多未经开发的原生态岛屿，碧海蓝天海天一线，翡翠的海水，周围绿树环抱，漫步在细白如丝的沙滩上，静静聆听大海的声音，后体验【浮潜】一次------穿上穿着救生衣，带着面镜和呼吸管，进行浮潜。置身在湛蓝清澈见底的海水中，海底各种奇妙景象，小鱼环绕在你周围，海胆随处可见，等您一睹来它的惊艳。在此您也可自费参与其他水上或沙滩娱乐项目：香蕉船、飞鱼、甜甜圈、摩托艇、玻璃船、沙滩ATV、射箭等，让您尽情享受细白沙滩、火热骄阳的慵懒度假生活。
备注：小童 2 岁以下不能坐船上岛及浮潜，2-12 岁以及 65 周岁-69 周岁老人可以坐船上岛，须家属陪同在岛上活动，但不能参加浮潜。70 周岁以上不适宜出海（改为赠送脚底按摩），其它年龄段具体能否出海，以海军指示为准，浮潜请视个人身体情况决定。马坡岛受天气影响较大，若天气原因无法上岛，改为其他海岛浮潜。
※【东海湾休闲活动中心】（不少于 60 分钟）：东海湾是民丹岛南部最大的风景秀丽的沙滩，沙滩如银，海浪似雪，极目之处，水天相接。时有渔帆远影，渐渐钻出海平线，进入你的视野，将人的思绪，牵向远方，遥望大海听着海浪感受着海风给你带来的惬意。在这里可以体验【印尼 SPA】，在印尼，最令人享受的就是SPA了。面朝大海吹着海风，享受着芳香理疗师那双温柔的双手，以娴熟的按摩手法，配合精油和香熏来促进身体的新陈代谢，为内心囤积的压力、疲惫、惶惑找到一个出口，身、心、灵皆美是现代身处亚健康状态的都市人的梦想。怡人芳香，给人以关怀和抚慰，令您的身、心、灵达到和谐与平衡的享受，让你由内至外充满生机、神采飞扬。（因身体因素，未满12 周岁小童不建议参加此项目，由导游或领队带领在东海湾自由活动！）
温馨提示：
小童 2 岁以下不能坐船上岛及浮潜，2-12 岁以及 65 周岁-69 周岁老人可以坐船上岛，须家属陪同在岛上活动，但不能参加浮潜。70 周岁以上不适宜出海（改为赠送脚底按摩），其它年龄段具体能否出海，以海军指示为准，浮潜请视个人身体情况决定。马坡岛受天气影响较大，若天气原因无法上岛，改为其他海岛浮潜。",
      "dinner": 1,
      "hotels": [
        {
          "name": "民丹岛携程四钻酒店",
          "star": "4"
        }
      ],
      "lunch": 1,
      "scenics": [
        {
          "consumingTime": "120",
          "description": "民丹岛周边有很多未经开发的原生态岛屿，碧海蓝天海天一线，翡翠的海水，周围绿树环抱，漫步在细白如丝的沙滩上，静静聆听大海的声音，后体验【浮潜】一次------穿上穿着救生衣，带着面镜和呼吸管，进行浮潜。置身在湛蓝清澈见底的海水中，海底各种奇妙景象，小鱼环绕在你周围，海胆随处可见，等您一睹来它的惊艳。在此您也可自费参与其他水上或沙滩娱乐项目：香蕉船、飞鱼、甜甜圈、摩托艇、玻璃船、沙滩ATV、射箭等，让您尽情享受细白沙滩、火热骄阳的慵懒度假生活。",
          "name": "出海浮潜"
        },
        {
          "consumingTime": "60",
          "description": "东海湾是民丹岛南部最大的风景秀丽的沙滩，沙滩如银，海浪似雪，极目之处，水天相接。时有渔帆远影，渐渐钻出海平线，进入你的视野，将人的思绪，牵向远方，遥望大海听着海浪感受着海风给你带来的惬意。在这里可以体验【印尼 SPA】，在印尼，最令人享受的就是SPA了。面朝大海吹着海风，享受着芳香理疗师那双温柔的双手，以娴熟的按摩手法，配合精油和香熏来促进身体的新陈代谢，为内心囤积的压力、疲惫、惶惑找到一个出口，身、心、灵皆美是现代身处亚健康状态的都市人的梦想。怡人芳香，给人以关怀和抚慰，令您的身、心、灵达到和谐与平衡的享受，让你由内至外充满生机、神采飞扬。",
          "name": "东海湾休闲活动中心"
        }
      ],
      "scheduleTraffics": [],
      "shops": [],
      "title": "出海浮潜-东海湾-体验印尼 SPA",
      "tripDay": 2
    },
    {
      "breakfast": 1,
      "content": "※【观音山梅峰寺】 (不少 于 30 分钟)。占地面积大，您可以在此礼佛，或许愿，了解华人的信仰，据当地华人讲遇天气好，可以怀着心愿求上一签，有求必应。
※【珍珠馆】（ 约 90 分钟）了解印尼龙目岛金珍珠以及印尼红珊瑚，砗磲等海洋珍宝制品。※【海边下午茶+无边泳池】（不少于 30 分钟）面朝大海，在泳池边打卡拍照，漫步于沙滩上，轻叩一杯清茶，品一口风味小点，岛上的生活就是这么惬意！
※【红树林生态之旅】 (不少于 45 分钟) 生态之旅带您回归自然，探索民丹岛度假胜地中的红树林。乘坐快艇顺着河道漫游，可以看到红树林错综密集的根系壮观景象。 除了可以在此观赏到各种罕见的野生植物外，还可以近距离观看银叶猴、 蜥蜴、 翠鸟等珍稀动物让您充分感受原生态自然的魅力。
※【黄金沙丘】（约 120 分钟）相传南洋时期，人们在采金矿的时候，没有把挖出来的沙子处理好，长年累月，日晒雨淋形成了大大小小的形状各异的沙丘，最奇特的是沙丘会随着阳光的折射而变化颜色，放眼望去好似一片金黄色的沙漠，雨水沉积形成了一片片 Tiffany 蓝的小湖泊，许多慕名而来的游客都喜欢在此留影。你可以说是探秘民丹的特殊的沙漠与海洋，也可以说是寻觅南洋遍地是黄金的踪迹黄金沙丘 ，甚至被国人称为民丹岛的小九寨。神秘之处等你来探索。推荐自费：豪华海鲜大餐
【龙虾豪华海鲜大餐】【420 元/人】 海域辽阔，海产品非常丰富，这里的海鲜肉质鲜甜肥美且全野生，美味的龙虾，辣蟹、海鱼、海参或醉虾等等（菜单已导游推荐为准！）。更有民丹的特产珍珠锣或念做Gong Gong(海蜗牛)，它只生长在民丹岛和巴淡岛周围。这里的产品物美价廉，品类丰富，尤其是新鲜的海产。",
      "dinner": 0,
      "hotels": [
        {
          "name": "民丹岛携程四钻酒店",
          "star": "4"
        }
      ],
      "lunch": 1,
      "scenics": [
        {
          "consumingTime": "30",
          "description": "占地面积大，您可以在此礼佛，或许愿，了解华人的信仰，据当地华人讲遇天气好，可以怀着心愿求上一签，有求必应。",
          "name": "观音山梅峰寺"
        },
        {
          "consumingTime": "90",
          "description": "了解印尼龙目岛金珍珠以及印尼红珊瑚，砗磲等海洋珍宝制品。",
          "name": "珍珠馆"
        },
        {
          "consumingTime": "30",
          "description": "面朝大海，在泳池边打卡拍照，漫步于沙滩上，轻叩一杯清茶，品一口风味小点，岛上的生活就是这么惬意！",
          "name": "海边下午茶+无边泳池"
        },
        {
          "consumingTime": "45",
          "description": "生态之旅带您回归自然，探索民丹岛度假胜地中的红树林。乘坐快艇顺着河道漫游，可以看到红树林错综密集的根系壮观景象。 除了可以在此观赏到各种罕见的野生植物外，还可以近距离观看银叶猴、 蜥蜴、 翠鸟等珍稀动物让您充分感受原生态自然的魅力。",
          "name": "红树林生态之旅"
        },
        {
          "consumingTime": "120",
          "description": "相传南洋时期，人们在采金矿的时候，没有把挖出来的沙子处理好，长年累月，日晒雨淋形成了大大小小的形状各异的沙丘，最奇特的是沙丘会随着阳光的折射而变化颜色，放眼望去好似一片金黄色的沙漠，雨水沉积形成了一片片 Tiffany 蓝的小湖泊，许多慕名而来的游客都喜欢在此留影。你可以说是探秘民丹的特殊的沙漠与海洋 ，也可以说是寻觅南洋遍地是黄金的踪迹黄金沙丘 ，甚至被国人称为民丹岛的小九寨。神秘之处等你来探索。",
          "name": "黄金沙丘"
        }
      
      ],
      "scheduleTraffics": [],
      "shops": [],
      "title": "民丹岛-观音山梅峰寺-珍珠馆-海边下午茶+无边泳池-红树林生态之旅-黄金沙丘",
      "tripDay": 3
    },
    {
      "breakfast": 1,
      "content": "这是一个没有 morning call 的早上，享用早餐后开始一天的悠闲之旅。",
      "dinner": 0,
      "hotels": [
        {
          "name": "民丹岛携程四钻酒店",
          "star": "4"
        }
      ],
      "lunch": 0,
      "scenics": [],
      "scheduleTraffics": [],
      "shops": [],
      "title": "民丹岛全天自由活动",
      "tripDay": 4
    },
    {
      "breakfast": 1,
      "content": "粉红清真寺-民丹岛-新加坡 船票时间待定 新加坡-圣淘沙岛",
      "dinner": 0,
      "hotels": [
        {
          "name": "巴厘岛海边酒店",
          "star": "4"
        }
      ],
      "lunch": 1,
      "scenics": [
        {
          "consumingTime": "",
          "description": "（外观）本地网红景点，全岛唯一一处粉红色装饰的清真寺；外觀全塗上粉紅色，從遠眺望已經相當吸睛。而寺內同樣為圓項設計，用了不少粉色系的幾何圖案，呼應清真寺的外觀。而這所清真寺最特別的則是寺內花窗，花窗上用了回教符號的設計，有別於平時教堂所見的，更有另一番風味！",
          "name": "粉红清真寺"
        },
        {
          "consumingTime": "60",
          "description": "圣淘沙岛的【名胜世界】和【节庆大道】作为亚洲顶级一站式综合娱乐城和独一无二的家庭度假胜地，名胜世界集吃喝玩乐、购物住宿于一身，让时尚年轻一族、全家大小、企业会奖等都可于此欢度悠闲假期。名胜世界是云顶新加集团坡耗资 65.9 亿新元兴建发展的项目，占地 49 公顷，使新加坡晋升为全球主要的休闲胜地之一。综合娱乐城于 2010 年 1 月开业，两年内接待游客超过 3000 万人次，著名的新加坡环球影城就坐落于此。岛内汇集多家连锁酒店、餐厅于一起，以及名胜世界。",
          "name": "圣淘沙岛"
        }
      ],
      "scheduleTraffics": [],
      "shops": [],
      "title": "粉红清真寺-民丹岛-新加坡 船票时间待定 新加坡-圣淘沙岛",
      "tripDay": 5
    },
    {
      "breakfast": 1,
      "content": "※【鱼尾狮公园】（约 30 分钟）坐落于市内新加坡河畔，是新加坡的标志和象征。鱼身，象征着新加坡从小渔村谦卑起步。狮头，则代表了新加坡最早期的名称，“Singapura” （新加坡拉），马来语中，意指 “狮城”。在这里，请您充分发挥您的想象力摆出各种不同造型的 POSE 与鱼尾狮亲密合影吧！
※【滨海湾花园】（不含室内花园门票）(约 30 分钟)，擎天大树位于滨海南花园内，设计灵感是来源于热带雨林中的优势树种，结合了成年树的外形和功能，不仅可支持植物的生长，还能通过环境可持续性的特征，模拟树木的生态功能。这些擎天大树就好像是垂直的花园，它垂直展示了热带攀缘植物、附生植物和蕨类植物，制造出令人惊叹的元素。擎天大树的树冠
白天可以为游人遮荫，晚上可以为游人照明。树冠上安装了光伏电池，白天时吸收太阳能，到晚上就可以供电照明了。夜幕降临之后，五彩的灯光和投射多媒体，将这座垂直花园打扮得妖娆多姿。
※【珠宝店】(约 60-90 分钟)选购精美天然钻石，天然红宝石，天然蓝宝石，天然祖母绿，坦桑石、时来运转等饰品。指定时间乘车前往机场。",
      "dinner": 0,
      "hotels": [],
      "lunch": 1,
      "scenics": [
        {
          "consumingTime": "30",
          "description": "坐落于市内新加坡河畔，是新加坡的标志和象征。鱼身，象征着新加坡从小渔村谦卑起步。狮头，则代表了新加坡最早期的名称，“Singapura” （新加坡拉），马来语中，意指 “狮城”。在这里，请您充分发挥您的想象力摆出各种不同造型的 POSE 与鱼尾狮亲密合影吧！",
          "name": "鱼尾狮公园"
        },
        {
          "consumingTime": "30",
          "description": "（不含室内花园门票）(约 30 分钟)，擎天大树位于滨海南花园内，设计灵感是来源于热带雨林中的优势树种，结合了成年树的外形和功能，不仅可支持植物的生长，还能通过环境可持续性的特征，模拟树木的生态功能。这些擎天大树就好像是垂直的花园，它垂直展示了热带攀缘植物、附生植物和蕨类植物，制造出令人惊叹的元素。擎天大树的树冠
白天可以为游人遮荫，晚上可以为游人照明。树冠上安装了光伏电池，白天时吸收太阳能，到晚上就可以供电照明了。夜幕降临之后，五彩的灯光和投射多媒体，将这座垂直花园打扮得妖娆多姿。",
          "name": "滨海湾花园"
        }
      ],
      "scheduleTraffics": [],
      "shops": [
      	{
      	  "address": "",
      	  "shopName": "珠宝店",
      	  "shopProduct": "精美天然钻石，天然红宝石，天然蓝宝石，天然祖母绿，坦桑石、时来运转等饰品",
      	  "stay": "90",
      	  "remark": ""
      	}
      
      ],
      "title": "鱼尾狮公园-滨海湾花园擎天大树-珠宝店",
      "tripDay": 6
    }
  ],
  "cal": []
}