{
    "content": "This is a good example.",
    "metadata": {
        "label": "positive"
    },
    "other": "hello world"
}