{"product": {"departureProvinceNam": "北京", "departurecityName": "北京", "departurecountryName": "中国", "dests": [{"continentName": "亚洲", "countryName": "印度尼西亚", "destCityName": "巴厘岛", "destProvinceName": ""}], "markets": [], "productSubtitle": "", "productTitle": "自在巴厘-海边四星版", "tags": [{"code": "1", "name": "浪漫"}, {"code": "1", "name": "自在"}], "themes": [{"code": "1", "name": "巴厘岛休闲度假"}]}, "line": {"additionalTerm": "行程可能因当地情况调整，自由活动期间相关责任自负等", "backAirports": [], "backTransportName": "巴厘岛-新加坡-北京", "bookRule": "需提供护照扫描件或复印件等", "calString": "", "costExclude": "个人护照办理费用、印尼落地签费用、旅游税、酒店内部分费用、单房差费用、部分因个人原因产生的损失、行李托运损失、小费、服务包含项目未提及的其他一切费用", "costinclude": "行程所列酒店住宿、当地空调旅游巴士、行程中所列餐食、行程所含景点（区）门票、往返机票（经济舱）", "goAirports": [], "goTransportName": "北京-新加坡-巴厘岛", "lineFeature": "涵盖多个著名景点，享受海边四星酒店", "lineReturns": [], "lineTitle": "自在巴厘-海边四星版", "passCities": [], "retumnContent": "根据行程开始前的不同时间扣除相应比例费用", "selfCostContent": "", "selfCosts": [], "serviceStandard": "酒店住宿安排、餐饮安排等", "shopContent": "", "tipsContent": "", "tripDays": 7, "tripNight": 5, "tripString": ""}, "trips": [{"breakfast": 0, "content": "在北京首都机场集合，前往巴厘岛，住飞机上。", "dinner": 0, "hotels": [], "lunch": 0, "scenics": [], "scheduleTraffics": [{"arrivalTime": "", "departure": "北京首都机场", "departureTime": "", "destination": "巴厘岛", "trafficType": "飞机"}], "stores": [], "title": "北京首都机场集合前往巴厘岛", "tripDay": 1}, {"breakfast": 0, "content": "从北京经新加坡转机抵达巴厘岛，游览情人崖、库塔海滩、洋人街", "dinner": 1, "hotels": [{"name": "巴厘岛海边酒店", "star": "4"}], "lunch": 1, "scenics": [{"consumingTime": "", "description": "", "name": "情人崖"}, {"consumingTime": "", "description": "", "name": "库塔海滩"}, {"consumingTime": "", "description": "", "name": "洋人街"}], "scheduleTraffics": [{"arrivalTime": "", "departure": "北京", "departureTime": "", "destination": "新加坡", "trafficType": ""}, {"arrivalTime": "", "departure": "新加坡", "departureTime": "", "destination": "巴厘岛", "trafficType": ""}], "stores": [], "title": "巴厘岛之旅第二天", "tripDay": 2}, {"breakfast": 1, "content": "蓝梦岛+贝尼达岛双岛出海，欣赏金巴兰落日", "dinner": 0, "hotels": [{"name": "巴厘岛海边四星酒店", "star": "4"}], "lunch": 1, "scenics": [], "scheduleTraffics": [], "stores": [], "title": "蓝梦岛+贝尼达岛双岛出海，欣赏金巴兰落日", "tripDay": 3}, {"breakfast": 0, "content": "全天自由活动", "dinner": 0, "hotels": [{"name": "巴厘岛海边酒店", "star": "4"}], "lunch": 0, "scenics": [], "scheduleTraffics": [], "stores": [], "title": "Day4 自由活动", "tripDay": 4}, {"breakfast": 0, "content": "全天自由活动", "dinner": 0, "hotels": [{"name": "巴厘岛海边酒店", "star": "4"}], "lunch": 0, "scenics": [], "scheduleTraffics": [], "stores": [], "title": "自由活动日", "tripDay": 5}, {"breakfast": 1, "content": "游览海神庙、乌布皇宫、乌布小镇、德格拉朗梯田", "dinner": 0, "hotels": [{"name": "巴厘岛海边四星酒店", "star": "4"}], "lunch": 1, "scenics": [{"consumingTime": "", "description": "", "name": "海神庙"}, {"consumingTime": "", "description": "", "name": "乌布皇宫"}, {"consumingTime": "", "description": "", "name": "乌布小镇"}, {"consumingTime": "", "description": "", "name": "德格拉朗梯田"}], "scheduleTraffics": [], "stores": [], "title": "Day6 巴厘岛之旅", "tripDay": 6}, {"breakfast": 0, "content": "根据航班时间乘机返回国内行程结束。", "dinner": 0, "hotels": [], "lunch": 0, "scenics": [], "scheduleTraffics": [{"arrivalTime": "", "departure": "", "departureTime": "", "destination": "国内", "trafficType": "飞机"}], "stores": [], "title": "乘机返回国内行程结束", "tripDay": 7}], "cal": []}