{
    "product": {
        "childAgeBegin": "0",
        "childAgeEnd": "0",
        "childHasBed": 0,
        "childHasTraffic": 0,
        "childHeightBegin": "",
        "childHeightEnd": "",
        "childRule": "",
        "departureCityName": "北京",
        "departureCountryName": "中国",
        "departureProvinceNam": "",
        "dests": [
            {
                "countryName": "迪拜",
                "destCityName": "",
                "destProvinceName": ""
            }
        ],
        "insurance": [
            {
                "content": "",
                "name": "",
                "typeName": "旅游意外伤害险"
            }
        ],
        "insuranceIncluded": 0,
        "markets": [
            {
                "name": "含全餐"
            },
            {
                "name": "0购物"
            },
            {
                "name": "冬季新品"
            }
        ],
        "productSubtitle": "",
        "productTitle": "阿联酋文化、历史、现代融合 6 日之旅",
        "returnCityName": "北京",
        "tags": [
            {
                "name": ""
            }
        ],
        "themes": [
            {
                "name": "阿联酋"
            }
        ]
    },
    "line": {
        "backAirports": [
            {
                "airlineCode": "EK",
                "airlineName": "阿联酋航空",
                "arriveAirportName": "",
                "arriveTime": "22:20",
                "days": "0",
                "flightNo": "EK308",
                "flightSort": "",
                "startAirportName": "",
                "startTime": "10:50"
            }
        ],
        "backTransportName": "飞机",
        "goAirports": [
            {
                "airlineCode": "EK",
                "airlineName": "阿联酋航空",
                "arriveAirportName": "",
                "arriveTime": "11:50",
                "days": "0",
                "flightNo": "EK309",
                "flightSort": "",
                "startAirportName": "北京首都国际机场",
                "startTime": "07:25"
            }
        ],
        "goTransportName": "飞机",
        "hotelStarName": "四星",
        "lineFeature": "",
        "lineSimpleTitle": "",
        "lineSortTitle": "",
        "lineTitle": "",
        "needVisa": 1,
        "passCities": [
            {
                "cityName": "",
                "countryName": "",
                "provinceName": ""
            }
        ],
        "tripDays": "6",
        "tripNight": "5",
        "visaBasic": {
            "postAddress": "",
            "postContact": "",
            "postPhone": "",
            "visas": [
                {
                    "content": "",
                    "country": "",
                    "district": "",
                    "freeVisa": "",
                    "signPlace": ""
                }
            ]
        }
    },
    "cal": {
        "channelPut": [
            {
                "adultSalePrice": "",
                "childSalePrice": "",
                "sellRemark": ""
            }
        ],
        "departDate": [
            ""
        ]
    },
    "cost": {
        "bookRule": "",
        "costExclude": "1. 行李物品保管费用及托运行李超重费、个人消费及行程以外的自选项目 2. 因罢工、大风、大雾、航班取消或更改时间等人力不可抗拒原因所导致的额外费用 3. 旅游意外伤害保险 4. 如行李或物品丢失、被盗等意外损失费用 5. 晚用车，给司机和导游加班费用 6. 以上报价未提及的项目 7. 单人房附加费：2500 元/人全程 8. 12 岁以下小孩不占床含早餐减 1200 人民币，占床与成人同价",
        "costInclude": "1. 北京往返国际机票，团队经济舱含税； 2. 全程 5 晚国际 4 星酒店，双人间（单人报名正常与其他客人拼住，如需单间请补齐房差）【如遇出行黄金 期，夫妻默认大床房，如有特殊需求可申请调整为标间，但是不保证，以实际酒店分配房型为主。】； 3. 酒店内西式自助早餐，中式午晚餐（8 菜 1 汤），当地特色餐，游览期间每人每天 1 瓶矿泉水； 4. 行程所列景点游览大门票；【卢浮宫（不含讲解）+总统府+豪森城堡套票（因自身原因放弃其中任意一个 不退费）、亚特兰蒂斯水族馆、1 小时豪车体验、迪拜沙漠冲沙、伊斯兰文明博物馆】 5. 司机，导游工资；司机饭费、油费、陆桥费、停车费等； 6. 空调旅游巴士（包括接送机及游览期间，全天用车 12 小时，半天用车 6 小时）； 7. 迪拜政府征收 Tourism Dirham-4 星酒店每晚 15 迪拉姆。 8. 境外司机导游服务费。",
        "lineReturns": [
            {
                "begin": "",
                "cost": "",
                "end": ""
            }
        ],
        "otherRule": "",
        "returnContent": "1. 参团以到 2000 元/人订金为准，并需至少于出发前 14 天付清尾款； 2. 行程开始前 29 日至 15 日，按旅游费用总额的 5%；以及实际产生的损失（例如不可取消的特殊酒店、 签证、机票、船票等） 3. 行程开始前 14 日至 7 日，按旅游费用总额的 20%；以及实际产生的损失（例如不可取消的特殊酒店、 签证、机票、船票等） 4. 行程开始前 6 日至 4 日，按旅游费用总额的 50%；以及实际产生的损失（例如不可取消的特殊酒店、 签证、机票、船票等） 5. 行程开始前 3 日至 1 日，按旅游费用总额的 60%； 以及实际产生的损失（例如不可取消的特殊酒店、 签证、机票、船票等） 6. 行程开始当日，按旅游费用总额的 70%。 以及实际产生的损失（例如不可取消的特殊酒店、签证、机票、 船票等） 7. 如果发生签证被拒签将被扣酒店、机票、签证费及所有实际已发生费用。",
        "selfCostContent": "",
        "selfCosts": [
            {
                "address": "",
                "fee": "",
                "name": "",
                "remark": "",
                "stay": ""
            }
        ],
        "shopContent": "",
        "shops": [
            {
                "address": "",
                "remark": "",
                "shopName": "",
                "shopProduct": "",
                "stay": ""
            }
        ],
        "tipsContent": ""
    },
    "trips": [
        {
            "breakfast": 1,
            "content": "",
            "dinner": 1,
            "hotels": [
                {
                    "name": "",
                    "star": "四星"
                }
            ],
            "lunch": 1,
            "scenes": [
                {
                    "consumingTime": "外观约 10 分钟",
                    "description": "",
                    "name": "Jumeirah 海滨天然浴场"
                },
                {
                    "name": "Jumeirah 清真寺",
                    "description": "",
                    "consumingTime": "外观约 10 分钟"
                },
                {
                    "name": "蓝水岛",
                    "description": "，迪拜新地标-Bluewater 位于 JBR 海岸线 300 米处，靠近迪拜的 Marina 一边，通过谢赫扎耶德路和一条 65 米海滩人行与陆地相连",
                    "consumingTime": "途径车览"
                },
                {
                    "name": "Ain Dubai 迪拜眼",
                    "description": "蓝水岛上建有全球最大的摩天轮，以及购物中心、公寓楼和 海滩别墅等。高 210 米，重 1805 吨，相当于 4 个 A380 飞机的重量。“迪拜眼”将成为迪拜的 又一个标志性的目的地，360 度俯瞰迪拜，让游客和居民俯瞰迪拜美景和其壮观的天际线。  抵达后阿布扎比前往餐厅用晚餐，晚餐后返回酒店休息。",
                    "consumingTime": "途径车览"
                }
            ],
            "scheduleTraffics": [
                {
                    "arrivalTime": "11:50",
                    "departure": "北京",
                    "departureTime": "04:30",
                    "destination": "迪拜",
                    "trafficType": "飞机"
                }
            ],
            "title": "北京（首都）-迪拜 - 阿布扎比",
            "tripDay": 1
        },
        {
            "breakfast": 1,
            "content": "",
            "dinner": 1,
            "hotels": [
                {
                    "name": "",
                    "star": "四星"
                }
            ],
            "lunch": 1,
            "scenes": [
                {
                    "consumingTime": "入内参观约 45 分钟",
                    "description": "阿布扎比最古老、 最重要的历史遗址，由四个紧密相关的部分组成：历史建筑豪森宫殿、阿布扎比文化基金会、国民 咨询理事会大楼以及工匠之家。以文化遗址正式向公众开放为契机，展示阿布扎比深厚的历史文化 底蕴。它由两个标志性建筑组成：一是公元 1795 年左右建造的内殿，二是建于 20 世纪 40 年代 的外殿。它在不断变化的城市中保持着原有的模样，代表了当地人的心灵和精神，见证了阿布扎比 的精彩历史。",
                    "name": "豪森城堡 Qasr Al Hosn"
                },
                {
                    "name": "Heritage Village 民俗村",
                    "description": "漫长的海岸线-白沙、阳光，使您仿如置身于夏 威夷；",
                    "consumingTime": "入内约 15 分钟"
                },
                {
                    "name": "阿布扎比文化东方酋长宫殿酒店",
                    "description": "阿布扎比标志性酒店和建筑；酋长皇宫酒店位于阿 拉伯联合酋长国首都阿布扎比（Abu Dhabi）的西北的海岸边，斥资 30 亿美元修建，该酒店被认 为“简直是为国王而建的”",
                    "consumingTime": "车览"
                },
                {
                    "name": "阿提哈德塔酒店",
                    "description": "速度与激情拍摄地",
                    "consumingTime": "车览"
                },
                {
                    "name": "阿布扎比总统府",
                    "description": "-一座全新打造的文化地标“国家宫殿”（Qasr Al Watan）， 总统府是当今阿联酋内阁和阿联酋最高权力机构联邦最高委员会的官方会议场所，也是正式国事访 问和各国首脑活动的举办地。随着它向公众开放，参观者将有机会对阿联酋的政权制度和价值理念 进行深入的了解，探究保存完好的文化传统遗产。",
                    "consumingTime": "入内约 1.5 小时"
                },
                {
                    "name": "阿布扎比卢浮宫博物馆",
                    "description": "您可以在穹顶下的步道上漫步并俯瞰大海。 直径 180 米的巨大穹顶由近 8000 个独特的金属星星构成，这些星星组成复杂的几何图形。当阳 光透过穹顶射下来时，穹顶下会呈现出富有动感的光之雨，令人联想起阿联酋绿洲上婆娑重叠的棕 榈树。在这里光影与文化艺术珍品的穿梭下，它可以令人们了解到相应的国家、历史和地理环境， 但又不只是平庸地诠释了人类文化发展的进程。",
                    "consumingTime": "入内参观约 1.5 小时"
                },
                {
                    "name": "谢赫扎耶德清真寺",
                    "description": "世界第三大阿布扎比最大清真寺。【注： 谢赫扎伊德清真寺入内参观时男士需穿着有领衬衫及长裤，女士不能穿露肩的上衣及短裙，请客人 提前准备合格服装，以免到时不能入内参观 ，此景点为免费开放；如遇朝拜或休息日则改为外观， 不退费用）",
                    "consumingTime": "约 1.5 小时"
                }
            ],
            "scheduleTraffics": [
                {
                    "arrivalTime": "",
                    "departure": "",
                    "departureTime": "",
                    "destination": "",
                    "trafficType": ""
                }
            ],
            "title": "阿布扎比",
            "tripDay": 2
        },
        {
            "breakfast": 1,
            "content": "",
            "dinner": 1,
            "hotels": [
                {
                    "name": "",
                    "star": ""
                }
            ],
            "lunch": 1,
            "scenes": [
                {
                    "consumingTime": "停留休息约 30 分钟",
                    "description": "多辆造型特色的房车，或是礼品店，或是餐厅，还有 儿童游乐园，小镇四周围墙充满涂鸦，充满浓郁的美式风情。",
                    "name": "房车小镇"
                },
                {
                    "name": "迪拜棕榈岛",
                    "description": "亚特兰蒂斯酒店，带您感受棕榈岛这项突破人类工程史的伟大计划。  随后入内参观亚特兰蒂斯酒店",
                    "consumingTime": ""
                },
                {
                    "name": "“失落的空间”水族馆",
                    "description": "在棕榈岛亚特 兰蒂斯（Atlantis the Palm）酒店中的“失落的空间”水族馆（The Lost Chambers Aquarium） 里，你将穿行在四周环绕着各种海洋生物的玻璃隧道中，在迷人的水下世界遇见鲨鱼、黄貂鱼、水 虎鱼、龙虾和极小的海马等等。 水下隧道按照亚特兰蒂斯失落之城的主题设计，高度再现由船骸 和废墟构成的失落文明；在这里，你将在十大美丽房间中遇见最令人惊异、且最色彩斑斓的水下生 物组合。 在这座水族馆中，有 20 多种海洋生物展品，还有一处触摸箱，你可以在里面捡到海星 或是抚摸海参。如果你很想知道海鳝究竟是一种蛇还是一种鱼，或者想知道如何辨别石斑鱼的性别， 那么请登记参加幕后之旅活动，与水族馆的动物专家们一起揭晓海底深处的奥秘，亲自了解鱼类医 院、水过滤系统以及其它有关如何饲养 65,000 多种海洋动物的趣闻。",
                    "consumingTime": "入内参观约 1 小时"
                },
                {
                    "name": "迪拜沙漠冲沙",
                    "description": "搭乘旅游巴士前往沙漠冲沙集合点，换乘 4WD 越野吉普车进入金色的沙漠进行 冒险家游戏—冲沙；这里有阿拉伯风情的骆驼农场，在沙丘顶峰停留片刻，欣赏沙漠日落；然后 进入沙漠营帐，可以穿着阿拉伯民族服饰拍照，品尝阿拉伯特色的水烟，绘制阿拉伯民族手绘，晚 餐安排阿拉伯风味简餐。欣赏当地特色舞蹈表演。",
                    "consumingTime": ""
                }
            ],
            "scheduleTraffics": [
                {
                    "arrivalTime": "",
                    "departure": "",
                    "departureTime": "",
                    "destination": "",
                    "trafficType": ""
                }
            ],
            "title": "阿布扎比 - 迪拜",
            "tripDay": 3
        },
        {
            "breakfast": 1,
            "content": "",
            "dinner": 1,
            "hotels": [
                {
                    "name": "",
                    "star": "四星"
                }
            ],
            "lunch": 1,
            "scenes": [
                {
                    "consumingTime": "含艺术博物馆约 1 小时，如遇闭馆则停留 30 分钟",
                    "description": "是阿 拉伯重要的历史文化遗产腹地，也是沙迦文明的起源地。它集文化风俗、建筑艺术和古老遗迹为一 体，再现了沙迦的辉煌历史。",
                    "name": "沙迦之心（Heart of Sharjah）"
                },
                {
                    "name": "沙迦艺术博物馆",
                    "description": "这里是中东海湾地区规 模最大的艺术博物馆。原汁原味的伊斯兰美学建筑，展示 500 余件出自阿拉伯及国际知名和新兴 艺术家手笔的绘画和雕塑，甚至还有沙迦酋长殿下的私人珍藏，捍卫了从历史经典到现在流行的阿 拉伯艺术瑰宝。",
                    "consumingTime": "入内 20 分钟"
                },
                {
                    "name": "伊斯兰文明博物馆",
                    "description": "是阿联酋首家伊斯兰文化博物馆，坐落于沙迦市区西部。馆内展室分为上下两层，来自伊 斯兰国家的 5000 余件精美艺术品可让游客对伊斯兰世界有较为系统的了解。",
                    "consumingTime": "入内约 1 小时，如遇周五或节假日闭馆，改为外观，无 退费"
                },
                {
                    "name": "AL SEEF 阿拉伯历史文化街区",
                    "description": "坐落在熙攘的迪拜湾（Dubai Creek） 之畔，建筑风格以仿旧的传统阿拉伯风格建筑为特色，是迪拜非常受欢迎的休闲区之一。阿塞夫街 区透出浓厚的历史气息，游客们如果想要尽情购物、享用美餐和寻找下榻之处，这里也是不容错过 的选择。阿塞夫区每一栋建筑的外立面都经过仿旧改造，从售货摊档甚至到星巴克，满眼都是迪拜 过去的样貌，浓浓的复古风情赏心悦目",
                    "consumingTime": "游览约 30 分钟"
                },
                {
                    "name": "迪拜传统的水上的士 （ABRA）",
                    "description": "搭乘传统工具，体验古时候早期的阿拉伯人往返迪拜运河两岸的场景",
                    "consumingTime": "约 5 分钟"
                }
            ],
            "scheduleTraffics": [
                {
                    "arrivalTime": "",
                    "departure": "",
                    "departureTime": "",
                    "destination": "",
                    "trafficType": ""
                }
            ],
            "title": "迪拜 - 沙迦 - 迪拜",
            "tripDay": 4
        },
        {
            "breakfast": 1,
            "content": "",
            "dinner": 1,
            "hotels": [
                {
                    "name": "",
                    "star": "四星"
                }
            ],
            "lunch": 1,
            "scenes": [
                {
                    "consumingTime": "入内含登塔约 1 小时",
                    "description": "这里是迪拜的又一地标建筑. “金 相框”的正式名称叫“迪拜之框”，始建于 2013 年，坐落于扎比尔公园，高度约 150 米，宽 93 米。最令人称奇的是其外表全部贴金，总造价高达 1.6 亿迪拉姆（约合 3 亿人民币）。建筑物内部 共分 50 层，设有一条霓虹灯通道通往未来展览馆，游客可观赏有关未来五十年阿联酋发展的展览。 可以从“相框”顶部眺望德伊勒古城至谢赫扎耶德路一带的壮阔景观。",
                    "name": "迪拜黄金相框"
                },
                {
                    "name": "未来博物馆",
                    "description": "",
                    "consumingTime": "约 30 分钟"
                },
                {
                    "name": "Dubai Mall 迪拜购物中心",
                    "description": "全世界最大的购物 中心，相当于 50 个足球场，内拥有超过百余个风味美食店铺，1200 多家品牌；拥有全球最大水 族馆，逾万种海洋生物。",
                    "consumingTime": "不少于 4 小时"
                },
                {
                    "name": "世界第一高塔-Burj Dubai 哈利法塔",
                    "description": "如有时间可登上（需额外付费）位于第 124 层 楼高的景观台 At the Top，举目所见尽是超现代化的摩天大楼，在天气好的時候，更可以远眺 80 公里远的美景",
                    "consumingTime": ""
                },
                {
                    "name": "迪拜音乐喷泉",
                    "description": "",
                    "consumingTime": ""
                }
            ],
            "scheduleTraffics": [
                {
                    "arrivalTime": "",
                    "departure": "",
                    "departureTime": "",
                    "destination": "",
                    "trafficType": ""
                }
            ],
            "title": "",
            "tripDay": 5
        },
        {
            "breakfast": 1,
            "content": "",
            "dinner": 0,
            "hotels": [
                {
                    "name": "",
                    "star": ""
                }
            ],
            "lunch": 0,
            "scenes": [
                {
                    "consumingTime": "",
                    "description": "",
                    "name": ""
                }
            ],
            "scheduleTraffics": [
                {
                    "arrivalTime": "22:20",
                    "departure": "迪拜",
                    "departureTime": "10:50",
                    "destination": "北京",
                    "trafficType": "飞机"
                }
            ],
            "title": "迪拜-北京",
            "tripDay": 6
        }
    ]
}