{
    "product": {
        "childAgeBegin": "0",
        "childAgeEnd": "0",
        "childHasBed": 0,
        "childHasTraffic": 0,
        "childHeightBegin": "",
        "childHeightEnd": "",
        "childRule": "",
        "departureCityName": "",
        "departureCountryName": "中国",
        "departureProvinceNam": "",
        "dests": [
            {
                "countryName": "",
                "destCityName": "",
                "destProvinceName": "巴厘岛"
            }
        ],
        "insurance": [
            {
                "content": "",
                "name": "境外旅游意外险",
                "typeName": ""
            }
        ],
        "insuranceIncluded": 0,
        "markets": [
            {
                "name": "交通航班"
            },
            {
                "name": "舒适住宿"
            },
            {
                "name": "畅玩海域"
            },
            {
                "name": "独特享受"
            },
            {
                "name": "网红打卡"
            },
            {
                "name": "新兴热门"
            },
            {
                "name": "精选景点"
            },
            {
                "name": "特色美食"
            },
            {
                "name": "肆意畅玩"
            }
        ],
        "productSubtitle": "",
        "productTitle": "【悦享】心动巴厘岛5晚7天",
        "returnCityName": "",
        "tags": [
            {
                "name": ""
            }
        ],
        "themes": [
            {
                "name": "心动巴厘岛5晚7天"
            }
        ]
    },
    "line": {
        "backAirports": [
            {
                "airlineCode": "SQ",
                "airlineName": "",
                "arriveAirportName": "",
                "arriveTime": "22：55",
                "days": "0",
                "flightNo": "SQ945",
                "flightSort": "",
                "startAirportName": "",
                "startTime": " 20：15"
            },
            {
                "airlineCode": " SQ",
                "airlineName": "",
                "arriveAirportName": "",
                "arriveTime": "06：35",
                "days": "",
                "flightNo": "SQ810",
                "flightSort": "",
                "startAirportName": "",
                "startTime": "00：30"
            }
        ],
        "backTransportName": "飞机",
        "goAirports": [
            {
                "airlineCode": "SQ",
                "airlineName": "",
                "arriveAirportName": "",
                "arriveTime": "15：50 ",
                "days": "0",
                "flightNo": "SQ811",
                "flightSort": "",
                "startAirportName": "",
                "startTime": " 09：25"
            },
            {
                "airlineCode": "SQ",
                "airlineName": "",
                "arriveAirportName": "",
                "arriveTime": "20：40",
                "days": "",
                "flightNo": "SQ946",
                "flightSort": "",
                "startAirportName": "",
                "startTime": " 17：45"
            }
        ],
        "goTransportName": "飞机",
        "hotelStarName": "五星",
        "lineFeature": "交通航班：精选五星航空新加坡航空转机，享受豪华五星的空中服务 舒适住宿：全程5晚连住当地五星酒店，轻松舒适 畅玩海域：特别安排蓝梦岛+贝妮达岛双岛游，饱揽双重美景 独特享受：火山之巅，美景无限，与京达马尼火山共进午餐 网红打卡：乌布地区AlasHarum梯田观景俱乐部 新兴热门：打卡潘达瓦海滩-一路向海的隐秘悬崖 精选景点：乌布皇宫｜乌布市场｜网红秋千｜库塔洋人街 特色美食：火山景观餐｜金巴兰落日BBQ｜特色脏鸭餐 肆意畅玩：2天自由活动，纯玩无购物",
        "lineSimpleTitle": "",
        "lineSortTitle": "",
        "lineTitle": "",
        "needVisa": 0,
        "passCities": [
            {
                "cityName": "",
                "countryName": "新加坡",
                "provinceName": ""
            }
        ],
        "tripDays": "7",
        "tripNight": "5",
        "visaBasic": {
            "postAddress": "",
            "postContact": "",
            "postPhone": "",
            "visas": [
                {
                    "content": "",
                    "country": "",
                    "district": "",
                    "freeVisa": "0",
                    "signPlace": ""
                }
            ]
        }
    },
    "cal": {
        "channelPut": [
            {
                "adultSalePrice": "",
                "childSalePrice": "",
                "sellRemark": ""
            }
        ],
        "departDate": [
            ""
        ]
    },
    "cost": {
        "bookRule": "",
        "costExclude": "1. 护照费、印尼落地签费用（36美金/人），国际旅游税15万印尼盾； 2. 单间差费用，12岁以下可以不占床；酒店住宿若出现单男单女，旅行社会按照报名先后的顺序安排 同性客人同住，若客人不接受此种方式或经协调不能安排的，客人须在出发前补单房差费用； 3. 出入境的行李海关课税，超重行李的托运费、管理费等； 4. 旅游费用包含内容以外的所有费用： （1）一切私人费用：例如交通工具上非免费餐饮费、转机/火车时用餐、洗衣、理发、电话、饮料、烟酒、 付费电视、行李搬运、邮寄、购物、行程列明以外的用餐或宴请等； （2）自由活动期间的餐食费及交通费； 5. 行程中未提到的其它费用：如特殊门票、游船（轮）、缆车、地铁票等费用； 6. 因个人原因滞留产生的一切费用； 7. 因气候或飞机、车辆、船只等交通工具发生故障导致时间延误或行程变更引起的经济损失和责任； 8. 行李在航班托运期间造成损坏的经济损失和责任。 9. 不含礼仪性小费，漂流 ，房间，spa，出海环境保护费，岛上司机帮忙拍照的小费，行李员小费等 等",
        "costInclude": "1. 北京-新加坡-巴厘岛往返经济舱含税 2. 行程中所标明的5晚酒店或同级酒店双人标准间住宿 3. 行程中所列餐食； 4. 境外导游服务费，10人以上可派领队，10人或低于10人无领队服务。 5. 全程提供巴士 ，专业司机；； 6. 行程所含景点首道门票； 7. 境外旅游意外险；",
        "lineReturns": [
            {
                "begin": "",
                "cost": "",
                "end": ""
            }
        ],
        "otherRule": "此行程为旅游合同不可分割之部分，旅行社将严格按照行程执行。在不减少任何景点的前提下， 旅行社、领队或导游可根据境外情况做顺序之调整，该调整不视为违约",
        "returnContent": "",
        "selfCostContent": "",
        "selfCosts": [],
        "shopContent": "",
        "shops": [],
        "tipsContent": "1、行程中所列航班号及时间仅供参考，将根据实际情况做出合理的调整 2、行程中所注明的城市间距离，参照境外地图，仅供参考，视当地交通状况进行调整 3、请您在境外期间遵守当地的法律法规，以及注意自己的人身安全 4、此参考行程和旅游费用，我公司将根据参团人数、航班、签证及目的地国临时变化保留调整的权利 5、依照旅游业现行作业规定，本公司有权依据最终出团人数情况，调整房间分房情况 6、贵重物品(现金，护照等)请随身携带或寄放在住宿饭店的保险箱内，絶不可放在车上或房间内等，如 有遗失旅客必须自行负责，与接待旅行社责任无关 7、住宿饭店内请先观察紧急出口所在，若是饭店警报铃响，请勿慌张。并请由紧急出口迅速离开。休息 时请加扣房间内之安全锁，对陌生人不要乱开门。勿将衣物披挂在饭店的灯上，及勿在床上抽烟，烟 蒂不能乱丢，以防造成火灾形责或饭店物品损坏而要求住客赔赏 8、饭店游泳池如时间未开放及无救生人员在现场，请勿自入泳池内，否则如有意外发生须自行负责 9、搭乘船只或从事水上活动时，务必穿上救生衣，船只行走时请勿走动，切勿将手或脚放置船边受伤。 海边戏水，切勿超过安全警戒线的范围。我们必须再三声明：只有您最了解本身的身体状况，如孕妇， 心脏疾病患者，高龄者，幼龄者，高低血压病患者，或任何不适合剧烈运动之疾病患者等，絶对不适 合参加任何水上活动或浮潜或不适应于您个人体质之其它剧烈，刺激性的活动，如旅客隐瞒个人疾病 或坚持参加任何活动而引致意外，一切后果旅客自行负责 10、团体活动时不要离队，严禁境外脱团 11、与野生动物合照时，切勿作弄或拔动物须毛，请听从驯兽师的指导，以免因人为因素而发生意外 12、东南亚因季节性的关系，难免客人会有水土不服偶尔泻肚的状况，请尽量避免食用生冷食物，牛奶， 椰子，冰块等，食物尽量熟食，如有腹泻现象请尽速告知当团领队或导游，不要自己乱用药物"
    },
    "trips": [
        {
            "breakfast": 0,
            "content": "今日请各位贵宾于航班起飞前三小时在北京大兴机场集合，搭乘新 航国际班机前往抵达巴厘岛，导游在机场热情迎接，前往酒店入住休息， 养精蓄锐迎接次日的游览。",
            "dinner": 0,
            "hotels": [
                {
                    "name": "当地五星酒店",
                    "star": "五星"
                }
            ],
            "lunch": 0,
            "scenes": [],
            "scheduleTraffics": [
                {
                    "arrivalTime": "15：50",
                    "departure": "北京",
                    "departureTime": " 09：25",
                    "destination": "新加坡",
                    "trafficType": "飞机 当地用车"
                },
                {
                    "departure": "新加坡",
                    "departureTime": "17：45",
                    "destination": "巴厘岛",
                    "arrivalTime": "20：40",
                    "trafficType": "飞机 当地用车"
                }
            ],
            "title": "北京-新加坡-巴厘岛",
            "tripDay": 1
        },
        {
            "breakfast": 1,
            "content": "早餐后开始今天丰富多彩的旅程",
            "dinner": 1,
            "hotels": [
                {
                    "name": "当地五星酒店",
                    "star": "五星"
                }
            ],
            "lunch": 1,
            "scenes": [
                {
                    "consumingTime": "",
                    "description": "是座活火山，京打马尼位于巴厘岛中部北边 山区，离登巴萨68公里，是以海拔1717米的巴都鲁山为中心的高原地 区，是岛上少有的避暑纳凉休闲圣地。",
                    "name": "京打玛尼地区的巴图尔火山"
                },
                {
                    "name": "德格拉朗梯田秋千俱乐部",
                    "description": "是周杰伦的稻 香 MV 和茱莉亚罗伯茨主演的《eat,pray,love》的取景地。园内一共有 4 座高低不同的秋千，高度从10米到300公尺不等，而造型鸟巢更是多 达6座之多。荡出去，梯田层层叠叠，仿佛山水画一般地美。这里更有 一条独特的空中玻璃走廊，从上面走过真是刺激万分。（秋千游玩需自 理）",
                    "consumingTime": ""
                },
                {
                    "name": "乌布市场",
                    "description": "来一同感受下当地的特色传统集市。这里以遍布各 种特色商品店和雅致的咖啡馆闻名，不去乌布可以说你不曾来过巴厘岛， 街边小店里总是隐藏着各种令人流连忘返的精致，这种细节到骨子里的 文艺，是在安逸美丽的环境下生长的独有文化。",
                    "consumingTime": ""
                },
                {
                    "name": "乌布皇宫",
                    "description": "，作为乌布的地标建筑是每一个来到乌布旅游的游客 必须打卡的旅游景点。皇宫建成于16 世纪，由著名的艺术家们一手设 计，整座宫殿气势恢宏，皇宫内精致的手工雕刻和金箔装饰处处显现着 奢华的气息，吸引着许许多多的艺术爱好者们前来参观学习。",
                    "consumingTime": ""
                }
            ],
            "scheduleTraffics": [
                {
                    "arrivalTime": "",
                    "departure": "",
                    "departureTime": "",
                    "destination": "",
                    "trafficType": "当地用车"
                }
            ],
            "title": "与京打马尼火山共进午餐，网红梯田俱乐部AlasHarumBali （含门 票）- 乌布市场-乌布皇宫",
            "tripDay": 2
        },
        {
            "breakfast": 1,
            "content": "快艇往返+蓝梦岛上观光+恶魔眼 泪+贝妮达岛海上浮潜+海上独木舟+泳池畅游+岛上自助餐)+金巴兰海 D3 滩+烧烤BBQ",
            "dinner": 1,
            "hotels": [
                {
                    "name": "当地五星酒店",
                    "star": "五星"
                }
            ],
            "lunch": 1,
            "scenes": [
                {
                    "consumingTime": "",
                    "description": "位于巴厘岛东南边的  一个小岛 ，岛上大多数居民以种植海藻为生 ，这里也是巴厘岛海藻养 殖 基地 ，蓝梦岛海水清澈无污染 ，水下生物放眼望去 ，清晰可见 ， 岛上椰 树茂盛，居民生活安 详和乐。所以蓝梦岛海域的水是清澈的， 是美丽的， 是蓝色的！",
                    "name": "蓝梦岛"
                },
                {
                    "name": "蓝梦岛环岛游 (远观梦幻海滩+打卡恶魔眼泪) ",
                    "description": "让我们乘 车在美 丽的蓝梦岛上 ，观光沿途风景 ，感受蓝梦岛的淳朴民风 ，和那百 年 未变的生态景观 ， 乡村风景简单却又令人倍感温馨。还能前往蓝梦岛 的梦幻海滩 (外观) 和令人向往的恶魔眼泪 ，登高而望 ，看海水潮起 潮 落；或看大浪击打断崖 ，在阳光照耀下 ，形成短暂的“美丽彩虹”  (因彩虹的形成 ，需要看浪和光照强度 ，不作保证一定能看到)",
                    "consumingTime": ""
                },
                {
                    "name": "岛上休闲俱乐部",
                    "description": "无边泳池的海天一色让您享受这难得的休闲时光 ， 您可以自由于俱乐部前漫步或者晒晒太阳，尽 情享受南洋火热骄阳的慵 懒度假生活。也可以换上泳衣在泳池里畅游 ，让同伴取景拍摄下您曼妙 的身姿 ，以作留念。",
                    "consumingTime": ""
                },
                {
                    "name": "金巴兰海滩观日落+沙滩 BBQ 晚餐",
                    "description": "夕阳下、烛光中、悠扬的印尼 民 歌、金巴兰海滩的魅力是无法令人抗拒的。海景落日、沙滩、歌手民 谣美食、点点烛光,无限浪漫。把巴厘岛旅游带入一个新的境界。",
                    "consumingTime": ""
                }
            ],
            "scheduleTraffics": [
                {
                    "arrivalTime": "",
                    "departure": "",
                    "departureTime": "",
                    "destination": "",
                    "trafficType": "当地用车"
                }
            ],
            "title": "蓝梦岛+贝妮达岛双岛出海一 日游  ",
            "tripDay": 3
        },
        {
            "breakfast": 1,
            "content": "全天我们彻底放松，自由活动，随心所欲，畅享巴厘海岛悠闲时光；可 以享受酒店设施，或者体验巴厘岛的美食、酒吧，在琳琅满目的各式店 铺中闲逛；也可以自由选择巴厘岛各种自费娱乐项目，更深入感受巴厘 岛旅游魅力！",
            "dinner": 0,
            "hotels": [
                {
                    "name": "当地五星酒店",
                    "star": "五星"
                }
            ],
            "lunch": 0,
            "scenes": [],
            "scheduleTraffics": [],
            "title": "巴厘岛（不含车导）",
            "tripDay": 4
        },
        {
            "breakfast": 1,
            "content": "全天我们彻底放松，自由活动，随心所欲，畅享巴厘海岛悠闲时光。 如需游玩可咨询导游（以自愿为原则），温馨提示：出门在外安全至上， 所有自费旅游活动必须经过专业安排及购买相关保险并承担相应责任， 切勿参加任何非正式持牌旅行社、网络店铺或个人组织的旅游活动。",
            "dinner": 0,
            "hotels": [
                {
                    "name": "当地五星酒店",
                    "star": "五星"
                }
            ],
            "lunch": 0,
            "scenes": [],
            "scheduleTraffics": [],
            "title": "巴厘岛（不含车导）",
            "tripDay": 5
        },
        {
            "breakfast": 1,
            "content": "",
            "dinner": 0,
            "hotels": [
                {
                    "name": "",
                    "star": ""
                }
            ],
            "lunch": 1,
            "scenes": [
                {
                    "consumingTime": "",
                    "description": "在这里，远处的海岸线与天空相连，风景如画。走在路上，也仿佛 置身画中，融入天空与海的怀抱。旅行的意义在于发现大自然的鬼斧神 工，一定要穿上高饱和度的美衣，跑跑跳跳拍出来完全是一组大片！后 前往库塔洋人街自由逛，库塔是巴厘岛的市区，这里有各式商场，大牌 聚集，也有各式小店，独具特色。此外,饭店、餐厅、酒吧林立。库塔海 滩，也是冲浪爱好者的聚集地。",
                    "name": "乌鲁瓦图.潘达瓦海滩的悬崖海景公 路"
                }
            ],
            "scheduleTraffics": [
                {
                    "arrivalTime": "22:55",
                    "departure": "巴厘岛",
                    "departureTime": " 20：15",
                    "destination": "新加坡",
                    "trafficType": "当地用车 飞机"
                },
                {
                    "departure": "新加坡",
                    "departureTime": "00：30",
                    "destination": "北京",
                    "arrivalTime": "06：35",
                    "trafficType": "飞机"
                }
            ],
            "title": "潘达瓦海滩-最美沿海公路 库塔洋人街 送机",
            "tripDay": 6
        },
        {
            "breakfast": 0,
            "content": "",
            "dinner": 0,
            "hotels": [],
            "lunch": 0,
            "scenes": [],
            "scheduleTraffics": [],
            "title": "北京",
            "tripDay": 7
        }
    ]
}