{
    "product": {
        "childAgeBegin": "0",
        "childAgeEnd": "0",
        "childHasBed": 0,
        "childHasTraffic": 0,
        "childHeightBegin": "",
        "childHeightEnd": "",
        "childRule": "",
        "departureCityName": "北京",
        "departureCountryName": "中国",
        "departureProvinceNam": "",
        "dests": [
            {
                "countryName": "",
                "destCityName": "",
                "destProvinceName": ""
            }
        ],
        "insurance": [
            {
                "content": "",
                "name": "",
                "typeName": ""
            }
        ],
        "insuranceIncluded": 0,
        "markets": [
            {
                "name": "土耳其深度"
            }
        ],
        "productSubtitle": "",
        "productTitle": "欧亚大陆交汇·东西文明交融 土耳其经典深度12天",
        "returnCityName": "北京",
        "tags": [
            {
                "name": "土耳其"
            }
        ],
        "themes": [
            {
                "name": "土耳其经典深度12天"
            }
        ]
    },
    "line": {
        "backAirports": [
            {
                "airlineCode": "CZ",
                "airlineName": "中国南方航空公司",
                "arriveAirportName": "",
                "arriveTime": "06:00",
                "days": "0",
                "flightNo": "CZ680",
                "flightSort": "",
                "startAirportName": "",
                "startTime": "15:55"
            }
        ],
        "backTransportName": "",
        "goAirports": [
            {
                "airlineCode": "CZ",
                "airlineName": "中国南方航空公司",
                "arriveAirportName": "",
                "arriveTime": "05:35",
                "days": "0",
                "flightNo": "CZ679",
                "flightSort": "",
                "startAirportName": "",
                "startTime": "00:30"
            }
        ],
        "goTransportName": "",
        "hotelStarName": "",
        "lineFeature": "",
        "lineSimpleTitle": "",
        "lineSortTitle": "",
        "lineTitle": "",
        "needVisa": 1,
        "passCities": [
            {
                "cityName": "",
                "countryName": "",
                "provinceName": ""
            }
        ],
        "tripDays": "",
        "tripNight": "",
        "visaBasic": {
            "postAddress": "",
            "postContact": "",
            "postPhone": "",
            "visas": [
                {
                    "content": "",
                    "country": "",
                    "district": "",
                    "freeVisa": "0",
                    "signPlace": ""
                }
            ]
        }
    },
    "cal": {
        "channelPut": [
            {
                "adultSalePrice": "",
                "childSalePrice": "",
                "sellRemark": ""
            }
        ],
        "departDate": [
            ""
        ]
    },
    "cost": {
        "bookRule": "",
        "costExclude": "1. 行李物品保管费用及托运行李超重费、个人消费及行程以外的自选项目 2. 因罢工、大风、大雾、航班取消或更改时间等人力不可抗拒原因所导致的额外费用 3. 旅游意外伤害保险 4. 如行李或物品丢失、被盗等意外损失费用 5. 晚用车，给司机和导游加班费用 6. 以上报价未提及的项目 7. 境外特色项目（行程后附） 8. 特别要求单间差：4000 元/人/全程酒店单间 9. 境外司机导游服务费：200 美金/人（机场现付领队）,2 岁以下婴儿免司机导游服务费（以回团日期计算 年龄 ）",
        "costInclude": "1. 北京大兴国际机场往返国际团队机票经济舱，伊斯坦布尔/安卡拉，伊兹密尔/伊斯坦布尔经济舱，含税 2. 8 晚 5 星酒店（卡帕多奇亚升级两晚国际五星）+费特希耶精品酒店，标准双人间 3. 土耳其旅游签证费 4. 酒店内西式自助早餐，行程中所注：当地午餐；中式晚餐（晚餐：八菜一汤，10 人一桌，如人数减少，则会根据实 际人数做适当调整）；酒店晚餐（西式套餐或酒店自助餐） (用餐时间在飞机或船上以机船餐为准，不再另补，如因自身原因放弃用餐，则餐费不退) 5. 行程所列景点首道门票 6. 司机，中文导游工资；司机饭费、油费、陆桥费、停车费 7. 行程游览过程中每天每人 1 瓶矿泉水 8. 空调旅游巴士（包括接送机及游览期间）",
        "lineReturns": [
            {
                "begin": "",
                "cost": "",
                "end": ""
            }
        ],
        "otherRule": "1. 单人房附加费：4000 元/人 2. 12 岁以下小孩不占床含早餐减 800 人民币，占床与成人同价 3. 境外司机导游服务费：200 美金/人（机场现付领队）,2 岁以下婴儿免司机导游服务费（以回团日期计算年 龄 ）",
        "returnContent": "1. 参团以到 3000 元/人订金为准，并需于出发前 14 天付清尾款； 2. 行程开始前 29 日至 15 日，按旅游费用总额的 5%；以及实际产生的损失（例如不可取消的特殊酒店、签 证、机票等） 3. 行程开始前 14 日至 7 日，按旅游费用总额的 20%；以及实际产生的损失（例如不可取消的特殊酒店、签 证、机票等） 4. 行程开始前 6 日至 4 日，按旅游费用总额的 50%；以及实际产生的损失（例如不可取消的特殊酒店、签 证、机票等） 5. 行程开始前 3 日至 1 日，按旅游费用总额的 60%； 以及实际产生的损失（例如不可取消的特殊酒店、签 证、机票等）。 6. 行程开始当日，按旅游费用总额的 70%。 以及实际产生的损失（例如不可取消的特殊酒店、签证、机票 等） ★以上损失明晰为团队特殊约定，请签在合同附加条款中！",
        "selfCostContent": "",
        "selfCosts": [
            {
                "address": "卡帕多奇亚洞穴剧场观看土耳其当地民族舞、肚皮舞表演，民族舞源 自土耳其北方、黑海沿岸，风格硬朗明快；肚皮舞为中东地区特色， 舞娘热情奔放；整个表演时长约为 1.5 小时，是一场展现土耳其文化 的综合性的文艺表演，让你能亲身体验土耳其独有的文化魅力和传统 艺术。 费用包含：肚皮舞表演、饮料 1 杯、往返接送。 特别说明： 1.成人与儿童同价； 2.该项目至少提前一天预订，5 人起订。 3.表演时间一般为晚 8 点-10 点",
                "fee": "65USD/ 人",
                "name": "土耳其之夜 [卡帕多奇亚]",
                "remark": "对于体力要 求较低，老 少皆宜；",
                "stay": "约 2 小时"
            },
            {
                "address": "费用包含：浴室门票、往返接送。 特别说明：1.成人与儿童同价； 2.该项目至少提前一天预订，5 人起订。 3.洗浴时间约 30 分钟。",
                "fee": "75USD/ 人",
                "name": "土耳其浴 [卡帕多奇亚]",
                "remark": "对于体力要 求较低，老 少皆宜；",
                "stay": "约 30 分 钟"
            },
            {
                "address": "",
                "fee": "100USD/ 人",
                "name": "吉普车越野【卡 帕多奇亚】 CAP JEEP SAFARI",
                "remark": "费用包含：吉普车费，酒店往返接送车费 特别说明： 参加者年龄不小于 10 岁。每辆吉普车最多可乘坐 4pax。吉普车项目 的标准游玩时间是 90 分钟到 120 分钟不等，主要驾驶到普通大巴车 无法抵达的爱情谷，玫瑰谷，红谷，欧塔西沙和 eski hastane 谷等。 本产品有一定惊险刺激性，不接受患有高血压、心脏病以及年龄在七 十周岁及以上的老人预订",
                "stay": "1.5-2 小 时"
            },
            {
                "address": "",
                "fee": "85USD/人",
                "name": "山地摩托车 ATV [卡帕多奇亚",
                "remark": "费用包含：山地摩托车每人一台，酒店往返接送车费 特别说明：1）本产品 ATV 驾驶者年龄需 16 周岁及以上 2）本产品不接受患有高血压、心脏病以及年龄在七十周岁及以上的 老人预订 3），项目时长 2 小时",
                "stay": "约 2 小时"
            },
            {
                "address": "",
                "fee": "120USD/ 人",
                "name": "老爷车体验 【卡帕多奇亚】",
                "remark": "乘车行驶在卡帕的峡谷之间，穿越喀斯特地貌，享受驾驶老爷车的乐 趣，通常会游览爱情峡谷、玫瑰谷、迪夫里特谷等景点，并拍照留念， 深入了解卡帕多奇亚的自然景观文化遗产。 费用包含：老爷车车费，酒店往返接送车费 特别说明： 参加者年龄不小于 10 岁。每辆老爷车最多可乘坐 4pax。项目游玩时 间 90 分钟到 120 分钟之间。儿童与成人同价",
                "stay": "1.5-2 小 时"
            },
            {
                "address": "",
                "fee": "70USD/人",
                "name": "安塔利亚游船 [安塔利亚]",
                "remark": "费用包含：安塔利亚游艇码头登船，您将欣赏到从海上看到的卡勒伊 奇奥斯曼风格的建筑和罗马遗迹的迷人景色。这艘船将沿海岸线行 驶，为您提供安塔利亚老城的优美风光及全景视野。经过 20-30 分 钟的巡游，抵达杜顿瀑布附近，稍作停留，拍照留念后返程。 特别说明： 1）本项目参与者儿童与成人同价",
                "stay": "60-90 分钟"
            },
            {
                "address": "",
                "fee": "300USD/ 人",
                "name": "土耳其热气球 [卡帕多奇亚]",
                "remark": "费用说明：（价格已含保险费及热气球证书） 项目说明：成人与儿童同价 年龄限制：7 周岁-70 周岁之间方可参加 18 岁未成年儿童须有成年家属陪同，方可参加！ 1. 土耳其众多公司经营热气球项目，质量良莠不齐，售卖价格波 动较大。热气球属于有一定危险的项目，我司只选用当地运营时 间长，质量可靠保障的公司，并包含保险费用。 2. 整个热气球行程大约 2 个小时（其中飞行时间约 1 小时）。 3. 热气球公司规定 12 岁以下儿童不宜参加该项目；请客人务必 根据自身情况选择是否参加该项目，如有恐高、心脏病等症状不 适宜参加热气球项目。 4. 该项目由热气球公司统一安排接送及飞行安排，中文导游不陪 同。【热气球购买说明】： 1、 由于土耳其热气球名额有限以及天气原因影响，国内随团款 报名的热气球客人不能保证一定安排在第一天飞行，因名额 已满或者天气原因不能飞行，则原价退还，不承担违约赔偿 责任，请提前知晓，谢谢理解！ 2、 国内报名热气球的客人如因名额已满或天气原因改签棉花堡 飞行，费用不退境外签字确认同意改签棉花堡，如不改棉花 堡飞行，费用回国后退回，不承担违约赔偿责任，请提前知 晓，谢谢理解！",
                "stay": "约 2.5 小 时"
            },
            {
                "address": "",
                "fee": "80USD/人",
                "name": "土耳其之夜 [伊斯坦布尔]",
                "remark": "费用包含：肚皮舞表演、往返接送。 特别说明：1.成人与儿童同价； 2.该项目至少提前一天预订，5 人起订。 3.表演时间一般为晚 8 点-10 点",
                "stay": "约 2 小时"
            },
            {
                "address": "",
                "fee": "170USD/ 人",
                "name": "滑翔伞 【棉花堡】",
                "remark": "费用说明：（价格已含保险费） 项目说明：成人与儿童同价 体重要求：25-110 公斤 年龄限制：5 岁以上可以飞行 1. 整个行程大约 2-3 个小时（其中飞行时间约 30-45 分钟）。 2.请客人务必根据自身情况选择是否参加该项目，如有恐高、心脏病 等症状不适宜参加热气球项目。 3. 该项目由滑翔伞公司统一安排接送及飞行安排，中文导游不陪同。 注意事项： 4. 滑翔伞公司取消：滑翔伞项目全年均有，如遇恶劣天气、滑翔伞 质量欠佳等突发事件，滑翔伞公司将以保证客人安全为原则取消该项 目。如遇取消飞行安排，费用全退。",
                "stay": "约 2-3 小 时"
            },
            {
                "address": "",
                "fee": "250USD/ 人",
                "name": "棉花堡热气球 [棉花堡]",
                "remark": "费用说明：（价格已含保险费） 项目说明：成人与儿童同价 年龄限制：7 周岁-70 周岁之间方可参加 18 岁未成年儿童须有成年家属陪同，方可参加！ 1. 土耳其众多公司经营热气球项目，质量良莠不齐，售卖价格波 动较大。热气球属于有一定危险的项目，我司只选用当地运营时 间长，质量可靠保障的公司，并包含保险费用。 2. 整个热气球行程大约 2 个小时（其中飞行时间 40-60 分钟）。 3. 热气球公司规定 12 岁以下儿童不宜参加该项目；请客人务必 根据自身情况选择是否参加该项目，如有恐高、心脏病等症状不 适宜参加热气球项目。 4. 该项目由热气球公司统一安排接送及飞行安排，中文导游不陪 同",
                "stay": "约 2.5 小 时"
            },
            {
                "address": "",
                "fee": "210USD/ 人",
                "name": "滑翔伞 【费特希耶】",
                "remark": "费用说明：（价格已含保险费） 项目说明：成人与儿童同价 1.整个行程大约 2-3 个小时（其中飞行时间约 30-45 分钟）。 2.请客人务必根据自身情况选择是否参加该项目，如有恐高、心脏病 等症状不适宜参加热气球项目。 3. 该项目由滑翔伞公司统一安排接送及飞行安排，中文导游不陪同。 注意事项： 1.滑翔伞公司取消：滑翔伞项目全年均有，如遇恶劣天气、滑翔伞质 量欠佳等突发事件，滑翔伞公司将以保证客人安全为原则取消该项 目。如遇取消飞行安排，费用全退。 2.滑翔处于高空，气温较低，建议适当添衣，且光照强烈风力很大， 建议自备护目墨镜； 3.滑翔前上高山是一条蜿蜒盘旋的小路，滑翔中旋转动作可能有不 适，建议晕车的客人提前备好晕车药；",
                "stay": "约 2-3 小 时"
            }
        ],
        "shopContent": "",
        "shops": [
            {
                "address": "",
                "remark": "",
                "shopName": "",
                "shopProduct": "",
                "stay": ""
            }
        ],
        "tipsContent": "1. 根据《旅游法》规定，旅行者不得脱团，如走行程中擅自脱团、离团、滞留等，旅行社将向公安机关、旅游主管部门、 我国驻外机构报告，由此产生的一切法律后果由旅游者承担。 2. 我社保留因地接旺季涨价、酒店变更、汇率变化或其他不可抗力原因而调整最终报价和行程的权利。 3. 散客拼团，凡单人或单数（例如三人）报名而未能安排同房，须缴纳单人房差或拼住二人、三人间或套房（四人间）， 因酒店旺季房间紧张，我社有权力提前说明情况并调整夫妻及亲属的住宿安排，或调整安排三人间或四人间住宿，请 给予理解。 4. 行程中有部分景点，列明入内参观，如博物馆、神殿等，如遇事故、休息、关闭维修等导致未能入内参观，则退回有 关门票费用，客人不得在团归后争议投诉追讨。 5. 旺季出发（例如遇佛牙节、圣诞节等）将有附加费，请报名时查询。 6. 酒店大床房间数有限，若有需要请在预订时说明，大床房或标准间房型须依入住当日实际 Check In 情形而定。 7. 散客拼团，凡单人或单数（例如三人）报名而未能安排同房，须缴纳单人房差或拼住三人间，我社有权利提前说明情 况并调整夫妻及亲属住宿安排，或调整安排三人间，请给予理解。 8. 建议购买旅游意外险。 9. 全程请游客注意人身及产品安全，不要前往不安全的地方，自由活动不要单独行动。老人、儿童需有家人陪伴及照 顾。 10. 不要参加高风险活动。参加任何项目请您量力而行。 11. 持外籍护照或任何非中国大陆居民护照的旅行成员，务必持有并携带有效中国多次往返签证和外籍护照原件及必备的 旅行证件。 12. 所有参团客人必须如实填写【健康调查表】，若填写内容与实际情况不符或有隐瞒由客人承担一切相关法律责任。 13. 所有参团客人必须认真阅读【参团须知及安全风险提示告知书】并签字，对客人未能遵守风险告知事项，未能采取 积极主动措施防范风险发生，所造成的损害，由客人自行承担一切责任。 14. 贵重物品(现金，护照等)请随身携带或寄放在住宿饭店的保险箱内，絶不可放在车上或房间内等，如有遗失旅客必须 自行负责，与接待旅行社责任无关。 15. 饭店游泳池如时间未开放及无救生人员在现场，请勿自入泳池内，否则如有意外发生须自行负责。 16.65 岁以上包括 65 岁老年人报名需强制购买境外紧急救援医疗 300,000 元以上及紧急医疗转院和转运回国 1,000,000 万以上的保险。请自行购买并提供保单电子版给我社！或我社可协助客人代购保险：保费 200 元/人。"
    },
    "trips": [
        {
            "breakfast": 0,
            "content": "21：00 北京【大兴机场】集合",
            "dinner": 0,
            "hotels": [
                {
                    "name": "",
                    "star": ""
                }
            ],
            "lunch": 0,
            "scenes": [
                {
                    "consumingTime": "",
                    "description": "",
                    "name": ""
                }
            ],
            "scheduleTraffics": [
                {
                    "arrivalTime": "",
                    "departure": "",
                    "departureTime": "",
                    "destination": "",
                    "trafficType": ""
                }
            ],
            "title": "北京",
            "tripDay": 1
        },
        {
            "breakfast": 1,
            "content": "00：30 搭乘中国南方航空公司航班 CZ679 飞往伊斯坦布尔 06：10 抵达伊斯布坦布尔，导游接机  后搭乘航班前往土耳其的首都-安卡拉（内陆航班较多以实际出票时间为准），它的名称来自当地所盛产的安哥拉羊 而得名。此城市为土耳其的首都，也是第二大城市，更是在安纳托利亚的中心点，其重要性可想而知。  参观【安纳托利亚文明博物馆】（约 1 小时），又名赫梯博物馆，馆内展品主要为赫梯时期的文物以及史前的石器和 青铜器。博物馆的建筑原本是奥斯曼时期的客栈和商场，建于 1464 年，后经历过火灾，土耳其共和国成立后，重新 修葺，改为博物馆，1968 年正式向公众开放。  我们将带您造访【土耳其国父陵墓纪念馆】（约 1 小时），该纪念馆是为了纪念现代土耳其的建立者穆斯塔法-凯末 尔-阿塔图尔克而修建的，他推翻了土耳其的君主制度，发表了共和国宣言，是土耳其的第一任总统，使土耳其朝现 代化、独立化迈进。  前往【安卡拉城堡】（约 40 分钟），位于旧城山上，在这里自由漫步会有很多乐趣，保存完好的厚城墙和蜿蜒的街 道让人着迷，在这里可以俯瞰安卡拉全城。  晚餐后，入住酒店休息",
            "dinner": 1,
            "hotels": [
                {
                    "name": "",
                    "star": "五星"
                }
            ],
            "lunch": 1,
            "scenes": [
                {
                    "consumingTime": "",
                    "description": "",
                    "name": ""
                }
            ],
            "scheduleTraffics": [
                {
                    "arrivalTime": "06:10",
                    "departure": "北京",
                    "departureTime": "00:30",
                    "destination": "伊斯坦布尔",
                    "trafficType": "飞机"
                }
            ],
            "title": "北京 伊斯坦布尔 - 安卡拉",
            "tripDay": 2
        },
        {
            "breakfast": 1,
            "content": "早餐后乘车前往卡帕多奇亚，途径【图兹湖盐湖】（约 20 分钟）游览，土耳其中部的内陆咸水湖，这里被称为土耳 其的“天空之境”。面积与水深随季节变换而变化。通常南北长约 80 公里，东西宽约 50 公里，面积近 1,500 平方 公里。春季湖面可扩大到 2,500 平方公里。夏季湖面缩小，水深不到 1 米。  随后继续乘车前往卡帕多奇亚（行车约 3 小时）——它是世界上最壮观的“风化区”，触目所及尽是被“吹残”后的 天然石雕。卡帕多奇亚奇石林，此地奇特之天然奇景，举世闻名，其大约于三百万年前，由于火山爆发，熔岩及火山 灰覆盖该地，后经长期风化侵蚀，成为现在特殊地形。千姿百态的石头，各种稀奇古怪的造型，使人感叹是否来到了 外星球美国的科幻大片《星球大战》曾在此取景。由于风景独特，联合国现已将该区列入“世界遗产”的名册内。  前往【格莱美露天博物馆】（Goreme Openair Muzeum ）（入内游览约 1 小时）1985 年被列入世界文化与自然 混合遗产。格莱美露天博物馆是土耳其最著名的旅游点之一，此处最大的特点是平地上有着许多形状奇特的小山峰拔 地而起，有的成了圆锥形，有的则成了圆柱形和蘑菇形，有的上罩圆锥形石块，像是头上带了顶帽子，千奇百怪。造 成这地区奇特的地理环境，始于公元 6 世纪时期基督徒为了躲避穆斯林的迫害而逃到这个地方，并于地下建房屋、教 堂，经过十多个世纪的风化和天然侵蚀，形成一种非常显著的笋状石柱和烟囱状的石岩，并环绕着古老的村庄和一系 列的山脉，蔚为壮观。特殊的人为与自然相配合的现象，成为了一奇妙的建筑世界，所以一般人称为“奇石区”。  随后前往【鸽子谷】（约 30 分钟）的岩石上布满了密密麻麻的鸽子洞，据说古代人用来收集鸽子粪作肥料，是讲究 的天然环保场，山谷之上两颗年头不久的枝叉众多的树上，一棵挂满了蓝眼睛，另一棵则是当地最著名的陶器制品， 这里是留影的好地点。  之后前往卡帕多奇亚当地知名酒庄【Turasan Winery】（约 30 分钟），开启红酒品尝之旅，尽情享受精致的葡萄 酒和小吃在温馨的环境中所带来的口感，从浓郁的红葡萄酒到清爽的白葡萄酒，都能在室内光影交错中提升您的味蕾， 搭配精选的美食小吃，每一口都更加美味，与葡萄酒的风味相得益彰。  之后前往酒店入住并用晚餐",
            "dinner": 1,
            "hotels": [
                {
                    "name": "国际五星酒店 BARCELO 或自愿体验其它特色洞穴酒店",
                    "star": "五星"
                }
            ],
            "lunch": 1,
            "scenes": [
                {
                    "consumingTime": "",
                    "description": "",
                    "name": ""
                }
            ],
            "scheduleTraffics": [
                {
                    "arrivalTime": "",
                    "departure": "",
                    "departureTime": "",
                    "destination": "",
                    "trafficType": ""
                }
            ],
            "title": "安卡拉 - 卡帕多奇亚",
            "tripDay": 3
        },
        {
            "breakfast": 1,
            "content": " 酒店早餐后，乘车前往当地居民家中，体味热情好客的土耳其当地人民的真实生活，并在当地居民家中【品尝土耳其 特色红茶】（约 40 分钟）。之后参观【蘑菇谷】，【骆驼岩】，【乌奇萨要塞】，【猎人谷】（共约 2 小时）。乌 奇萨要塞实际上是在一块 60 米高的巨大岩石上开凿出的要塞，并以此为中心形成的小聚居地。在岩石的表面密密麻 麻地分布着大小不一的洞穴，这些都是鸽子窝，样子十分奇特。简直就是一件现代主义的艺术品。  午餐特别升级洞穴餐厅内享用陶雍炖肉料理（Uranos Sarikaya）。  之后前往【世界文化遗产- Kaymakli underground 凯马克利地下城参观】（约 30 分钟），迄今为止，在卡帕多奇 亚已经发现的地下城多达 36 座，是最具人气的地下城。这座地下城规模宏大，共有 1200 间石头小房子，可居住 1.5 万人。 【热气球购买说明】： 1、 由于土耳其热气球名额有限以及天气原因影响，国内随团款报名的热气球客人不能保证一定安排在第一天飞行，因名 额已满或者天气原因不能飞行，则原价退还，不承担违约赔偿责任，请提前知晓，谢谢理解！ 国内报名热气球的客人如因名额已满或天气原因改签棉花堡飞行，费用不退境外签字确认同意改签棉花堡，如不改棉花 堡飞行，费用回国后退回，不承担违约赔偿责任，请提前知晓，谢谢理解！",
            "dinner": 1,
            "hotels": [
                {
                    "name": "国际五星酒店 BARCELO 或自愿体验其它特色洞穴酒店",
                    "star": "五星"
                }
            ],
            "lunch": 1,
            "scenes": [
                {
                    "consumingTime": "",
                    "description": "",
                    "name": ""
                }
            ],
            "scheduleTraffics": [
                {
                    "arrivalTime": "",
                    "departure": "",
                    "departureTime": "",
                    "destination": "",
                    "trafficType": ""
                }
            ],
            "title": "卡帕多奇亚",
            "tripDay": 4
        },
        {
            "breakfast": 1,
            "content": "酒店早餐后，乘车前往孔亚（行车约 3.5 个小时），途中游览途中参观孔亚的【梅夫拉纳博物馆】（约 45 分钟）， 博物馆的前身是伊斯兰苏菲教派旋转苦行僧侣修行之处，该教派通过在祈祷时的不断旋转，意图连接上天和人间，通 过他们的手传达信息。2005 年被联合国教科文组织宣布该教团的萨玛仪式是人类口头和非物质遗产的杰作。该教派 创始人杰拉雷丁·鲁米葬于此。  午餐品尝当地特色披萨，之后继续乘车前往安塔利亚（行车约 3 小时）。  途径【阿斯潘多斯古城】（约 40 分钟），古城位于安塔利亚塞里克区的 belkaks 村，古城的核心景点为一座有着数 千年历史，且被誉为迄今保留最完好的古罗马剧场，除此之外古城还有一个竞技场、集市以及一座公元 3 世纪的天主 教堂。  抵达后入住酒店休息，晚餐在酒店内享用",
            "dinner": 1,
            "hotels": [
                {
                    "name": "",
                    "star": "五星"
                }
            ],
            "lunch": 1,
            "scenes": [
                {
                    "consumingTime": "",
                    "description": "",
                    "name": ""
                }
            ],
            "scheduleTraffics": [
                {
                    "arrivalTime": "",
                    "departure": "",
                    "departureTime": "",
                    "destination": "",
                    "trafficType": ""
                }
            ],
            "title": "卡帕多奇亚 - 孔亚 - 安塔利亚",
            "tripDay": 5
        },
        {
            "breakfast": 1,
            "content": " 酒店早餐后，乘车前往【安塔利亚卡勒依奇历史街区】（约 1 个小时），漫步在卡奇雷历史街区中，仿佛回到了奥斯 曼时代，置身在街区中，历史气息铺面而来，在这里历史与现代的融合会让人迷失，今夕何夕的感触会不时涌上心头。  随后驱车沿【D400 公路】前往费特希耶，D400 公路被誉为全球最美十大公路之一，沿着地中海行驶在其间，一边 是海水，一边是山崖，大自然的壮美毫不吝啬的展现在你的面前，顿觉心旷神怡。  途中游览【卡什小镇】（约 1.5 小时），抵达后游览卡什小镇（约 1 小时），是土耳其一个让人觉得舒服惬意的海边 小镇。小镇历史悠久，整个村镇都是石制的中世纪房屋，另外小镇还有各种打发休闲时光的户外运动，帆船口出海， 看看古迹，吹吹海风会非常的舒服，顺便在小镇中央的位置选一家餐厅，看着海边落日，吃着当地美食，感觉惬意无 比。  之后驱车前往费特希耶，抵达后入住酒店，享用晚餐后休息。",
            "dinner": 1,
            "hotels": [
                {
                    "name": "",
                    "star": ""
                }
            ],
            "lunch": 1,
            "scenes": [
                {
                    "consumingTime": "",
                    "description": "",
                    "name": ""
                }
            ],
            "scheduleTraffics": [
                {
                    "arrivalTime": "",
                    "departure": "",
                    "departureTime": "",
                    "destination": "",
                    "trafficType": ""
                }
            ],
            "title": "安塔利亚 –D400 公路- 费特希耶",
            "tripDay": 6
        },
        {
            "breakfast": 1,
            "content": "酒店早餐后，上午自由活动，尽享海边风情（不含车、导游）。 推荐项目：死海厄吕代尼兹海滩上的滑翔伞。像小鸟一样飞翔，俯瞰绿宝石海岸线的美景。 【见行程后附件：行程外可额外购买特色项目】 午餐后乘车前往帕姆卡莱（行车时长约 4 小时），抵达后入住酒店，享用晚餐并休息。",
            "dinner": 1,
            "hotels": [
                {
                    "name": "",
                    "star": "五星"
                }
            ],
            "lunch": 1,
            "scenes": [
                {
                    "consumingTime": "",
                    "description": "",
                    "name": ""
                }
            ],
            "scheduleTraffics": [
                {
                    "arrivalTime": "",
                    "departure": "",
                    "departureTime": "",
                    "destination": "",
                    "trafficType": ""
                }
            ],
            "title": "费特希耶-帕姆卡莱",
            "tripDay": 7
        },
        {
            "breakfast": 1,
            "content": "酒店早餐后，前往参观土耳其著名温泉度假区 - 【棉花堡】（游览约 60 分钟）。1988 年被列入世界文化与自然混 合遗产。棉花堡的地下温泉水不断从地底涌出,含有丰富矿物质如石灰等，经过长年累月，石灰质聚结而形成棉花状之 岩石，层层叠叠，构成自然壮观的岩石群和水池，之后游览【HIEROPOLIS 希拉波利斯古城】（约 60 分钟），希拉 波利斯位于棉花堡之上，建于公元前 190 年，因当地有丰富的温泉资源，古代罗马、希腊的贵族将这里当做疗养胜地。 这里有古代公墓、大浴室、圆形剧场、阿波罗神庙遗址、希拉波利斯博物馆和古温泉等景点依次由北至南散落其间。  午餐享用当地烤肉餐，后乘车前往库萨达斯（正常行车约 3 个小时）。  抵达后前往参观【希林杰小镇】（游览约 40 分钟），这里有（小番红花城）的美称，却没有过度观光化，而保有纯 洁的本质，传统的白墙红瓦房舍以及蜿蜒的石板路古意盎然。 后入住酒店，享用晚餐后休息",
            "dinner": 1,
            "hotels": [
                {
                    "name": "",
                    "star": "五星"
                }
            ],
            "lunch": 1,
            "scenes": [
                {
                    "consumingTime": "",
                    "description": "",
                    "name": ""
                }
            ],
            "scheduleTraffics": [
                {
                    "arrivalTime": "",
                    "departure": "",
                    "departureTime": "",
                    "destination": "",
                    "trafficType": ""
                }
            ],
            "title": "帕姆卡莱 - 库萨达斯",
            "tripDay": 8
        },
        {
            "breakfast": 1,
            "content": "抵达后前往【以弗所古城】（约 2 小时）2015 年加入世界文化遗产名录。以弗所是土耳其最有观光价值的古城，也是 目前世上保存的最好也最大的古罗马城市遗址。观光客在以弗所可以看到大理石街道、商店、市集、图书馆、柱廊大 街、哈德良神殿、剧场、浴场、妓院等古迹。该城就像是时光隧道，是今人可以直接走入的古罗马城市，而且是最美 丽的一座。 午餐后乘车前往【阿拉恰特小镇】（游览约 1 小时），阿拉恰特是最具土耳其本地特色的小镇之一，独特的地中海风 情、建筑、葡萄园以及风车是它的名片。徜徉在海边的小镇，海风吹拂，体会着当地的风情，也许才是旅行的真谛所 在。 后送往伊兹密尔机场，搭乘航班飞往伊斯坦布尔（内陆航班较多以实际出票时间为准）。",
            "dinner": 1,
            "hotels": [
                {
                    "name": "",
                    "star": "五星"
                }
            ],
            "lunch": 1,
            "scenes": [
                {
                    "consumingTime": "",
                    "description": "",
                    "name": ""
                }
            ],
            "scheduleTraffics": [
                {
                    "arrivalTime": "",
                    "departure": "",
                    "departureTime": "",
                    "destination": "",
                    "trafficType": ""
                }
            ],
            "title": "库萨达斯 - 伊兹密尔  伊斯坦布尔",
            "tripDay": 9
        },
        {
            "breakfast": 1,
            "content": "酒店早餐后前往游览【圣索菲亚大教堂】（入内约 1 小时），拜占庭帝国时代建筑物的最高杰作，教堂以一位名为索 菲亚的圣人而命名，在希腊语里的意思是“上帝的智慧”，被艺术家和历史学家评为“世界第八大奇迹”。【圣索菲 亚教堂逢周一休息，如遇关闭，则前后调整一天参观】。 游览【蓝色清真寺】（游览约 30 分钟）苏丹艾哈迈德清真寺是土耳其的国家清真寺，也是土耳其最大城市及奥斯曼帝 国首都伊斯坦布尔的清真寺古迹。苏丹艾哈迈德清真寺是其中一个因室内砖块所用的颜色而被称为蓝色清真寺的清真 寺。 苏丹艾哈迈德清真寺建于苏丹艾哈迈德一世统治时的 1609 年至 1616 年。随后参观古罗马竞技场、埃及方尖碑、 罗马方尖碑、青铜蛇纹柱（外观约 20 分钟）  午安特别安排海峡景观餐厅特色烤鱼餐  后游览【托普卡泊老皇宫】（游览约 2 小时），托普卡泊宫是奥斯曼帝国时期的皇宫。它是奥斯曼帝国的政治中心， 伊斯坦布尔托普卡泊宫每天约有五千人来这里参观，每年接待参观者达二百五十万人，它是欧洲参观人数最多的博物 馆，是今天伊斯坦布尔最重要的历史古迹之一。【老皇宫逢周二不接受参观，如遇关闭，则前后调整一天参观】。 之后游览集市“大巴扎”感受富有民族特色的当地集市，伊斯坦布尔的大巴扎集市，是世界上最大的室内集市之一。 位于伊斯坦布尔旧城中心位置，有近 550 年的历史，每天接待的客人大约在 25 万人次以上，在这里可以感受当地的 民族特色，欣赏各类手工艺品等，是感受当地民俗风情的重要窗口。  享用晚餐后，前往酒店休息",
            "dinner": 1,
            "hotels": [
                {
                    "name": "",
                    "star": "五星"
                }
            ],
            "lunch": 1,
            "scenes": [
                {
                    "consumingTime": "",
                    "description": "",
                    "name": ""
                }
            ],
            "scheduleTraffics": [
                {
                    "arrivalTime": "",
                    "departure": "",
                    "departureTime": "",
                    "destination": "",
                    "trafficType": ""
                }
            ],
            "title": "伊斯坦布尔",
            "tripDay": 10
        },
        {
            "breakfast": 1,
            "content": "酒店早餐后，乘船游览美丽的博斯普鲁斯海峡欣赏海峡两岸的美丽风光，乘船穿越亚欧跨海大桥（约 60 分钟），博斯 普鲁斯海峡是一个介于欧洲与亚洲之间的海峡。它长约 30 公里，最宽处宽约 3700 米，最窄处宽约 700 米。它北连 黑海，南通马尔马拉海，土耳其第一大城伊斯坦布尔即隔着博斯普鲁斯海峡与小亚细亚半岛相望，是黑海沿岸国家出 海第一关口，也是连接黑海以及地中海的唯一航道。  前往【奥塔科伊清真寺】（约 30 分钟），正式名称为迈吉德大清真寺，地理位置依山傍水，山就在不远处，水就在 眼前，环境十分优美，两根宣礼塔高高耸立，不同角度呈现出不同的美感。  午餐后，乘车前往机场。 15：55 搭乘中国南方航空公司航班 CZ680 飞往北京",
            "dinner": 0,
            "hotels": [
                {
                    "name": "",
                    "star": ""
                }
            ],
            "lunch": 1,
            "scenes": [
                {
                    "consumingTime": "",
                    "description": "",
                    "name": ""
                }
            ],
            "scheduleTraffics": [
                {
                    "arrivalTime": "06:00",
                    "departure": "伊斯坦布尔",
                    "departureTime": "15:55",
                    "destination": "北京",
                    "trafficType": "CZ680"
                }
            ],
            "title": "伊斯坦布尔  北京",
            "tripDay": 11
        },
        {
            "breakfast": 0,
            "content": "抵达北京，结束本次愉快的旅程。",
            "dinner": 0,
            "hotels": [
                {
                    "name": "",
                    "star": ""
                }
            ],
            "lunch": 0,
            "scenes": [
                {
                    "consumingTime": "",
                    "description": "",
                    "name": ""
                }
            ],
            "scheduleTraffics": [
                {
                    "arrivalTime": "",
                    "departure": "",
                    "departureTime": "",
                    "destination": "",
                    "trafficType": ""
                }
            ],
            "title": "北京",
            "tripDay": 12
        }
    ]
}