{
    "product": {
        "childAgeBegin": "0",
        "childAgeEnd": "0",
        "childHasBed": 0,
        "childHasTraffic": 0,
        "childHeightBegin": "",
        "childHeightEnd": "",
        "childRule": "",
        "departureCityName": "上海",
        "departureCountryName": "中国",
        "departureProvinceNam": "",
        "dests": [
            {
                "countryName": "芬兰",
                "destCityName": "赫尔辛基",
                "destProvinceName": ""
            }
        ],
        "insurance": [
            {
                "content": "",
                "name": "",
                "typeName": "境外旅行人身意外伤害医疗保险（含紧急救援）"
            }
        ],
        "insuranceIncluded": 0,
        "markets": [
            {
                "name": "极光"
            }
        ],
        "productSubtitle": "",
        "productTitle": "北欧四国+塔林+冰岛南部全境 12 天极光之旅",
        "returnCityName": "上海",
        "tags": [
            {
                "name": ""
            }
        ],
        "themes": [
            {
                "name": "北欧"
            }
        ]
    },
    "line": {
        "backAirports": [
            {
                "airlineCode": "HO",
                "airlineName": "吉祥航空",
                "arriveAirportName": "PVG",
                "arriveTime": "06:35",
                "days": "+1",
                "flightNo": "HO1608",
                "flightSort": "",
                "startAirportName": "HEL",
                "startTime": "16:55"
            }
        ],
        "backTransportName": "飞机",
        "goAirports": [
            {
                "airlineCode": "HO",
                "airlineName": "吉祥航空",
                "arriveAirportName": "HEL",
                "arriveTime": "14:00",
                "days": "0",
                "flightNo": "HO1607",
                "flightSort": "",
                "startAirportName": "PVG",
                "startTime": "09:30"
            }
        ],
        "goTransportName": "飞机",
        "hotelStarName": "四星",
        "lineFeature": "",
        "lineSimpleTitle": "",
        "lineSortTitle": "",
        "lineTitle": "",
        "needVisa": 1,
        "passCities": [
            {
                "cityName": "赫尔辛基",
                "countryName": "芬兰",
                "provinceName": ""
            },
            {
                "countryName": "爱沙尼亚",
                "provinceName": "",
                "cityName": "塔林"
            },
            {
                "countryName": "斯德哥尔摩",
                "provinceName": "",
                "cityName": ""
            },
            {
                "countryName": "挪威",
                "provinceName": "",
                "cityName": "奥斯陆"
            },
            {
                "countryName": "丹麦",
                "provinceName": "",
                "cityName": "哥本哈根"
            },
            {
                "countryName": "冰岛",
                "provinceName": "",
                "cityName": "雷克雅未克"
            }
        ],
        "tripDays": "12",
        "tripNight": "10",
        "visaBasic": {
            "postAddress": "",
            "postContact": "",
            "postPhone": "",
            "visas": [
                {
                    "content": "",
                    "country": "",
                    "district": "",
                    "freeVisa": "0",
                    "signPlace": ""
                }
            ]
        }
    },
    "cal": {
        "channelPut": [
            {
                "adultSalePrice": "",
                "childSalePrice": "",
                "sellRemark": ""
            }
        ],
        "departDate": [
            ""
        ]
    },
    "cost": {
        "bookRule": "",
        "costExclude": "单间差 8900 元人民币/人/全程（不含游轮及火车单间差额费用，具体补差数额请单独咨询） 依照旅游行业现行作业规定，本公司有权依据最终出团人数情况，调整房间分房情况（包括夫妻分开住宿或加床）； 如您有特殊需求，请在出团前及时告知我社，如因此产生的一切费用，需您自身承担。 证件相关 护照及其它身份证件的办理费用 酒店相关 酒店内电话、传真、洗熨、收费电视、饮料、行李搬运等私人费用 不可抗力 因不可抗拒的客观原因（如天灾、战争、罢工等）、航空公司航班延误或取消、领馆签证延误、报名人数不足等特 殊情况，我公司有权取消或变更行程，一切超出费用（如在外延期签证费、住、食及交通费、国家航空运价调整等） 我公司有权加差价 税费 航空公司、巴士公司、邮轮公司、境外火车公司等交通工具的燃油税，服务税等上涨价格部份，如遇上 涨，我司 将进行追补差价，请您理解。 其它 1.全程中费用自理的景点所产生的一切费用及其他例如特种门票（夜总会、博览会、缆车等）； 2.旅游者因违约、自身过错、自由活动期间内自身行为或自身疾病引起的人身和财产损失； 3.转机/火车时用餐及产生的其它费用",
        "costInclude": "服务包含项目： 机票 全程国际段及中间段机票（经济舱） 签证 欧洲国家邀请函及签证费（部分欧洲国家对中国免签或者有条件免签） 境外服务费 境外司导服务费 酒店 行程中所标注的欧洲当地星级标准酒店及早餐 用餐 早餐：酒店内早餐，游轮上为游轮自助早餐 午/晚餐：行程中所标注午、晚餐以及当地特色餐 主要以中式餐食为主，用餐标准为 6 菜一汤或自助形式中餐；特色餐为西式二道式或自助式 用车 全程提供专业旅行巴士，专业欧洲司机（车型根据团队人数确定） 导服 全程专业中文领队门票 行程中所列景点首道门票 (所列景点均为行程不可分割部分，如遇堵车，天气恶劣等不可抗力因素导致无法游览，概不退款) 保险 我社为客人参保的保险为境外旅行人身意外伤害医疗保险（含紧急救援），具体分项详见保单。对于高龄客人《旅 游法》有明确规定，超过 70 岁老人参团请务必提供三甲医院开具的《健康证明》且需要签订《免责协议》；各大 保险公司对高龄客人有特殊规定，70-80 岁的保额为正常保额的 50%，80-85 岁的保额为正常保额的 25%，85 岁 以上无法购买保险，且同一保险公司无法重复购买保险。高龄客人务必自行购买足额保险，并携带好保险单原件。",
        "lineReturns": [
            {
                "begin": "",
                "cost": "",
                "end": ""
            }
        ],
        "otherRule": "",
        "returnContent": "①如遇天气、战争、罢工、地震等人力不可抗力因素无法游览，我社将按照旅行社协议，退还未游览景点门票费用，但赠送项 目费用不退； ②游客因个人原因临时自愿放弃游览，酒店住宿、餐、车等费用均不退还；",
        "selfCostContent": "",
        "selfCosts": [
            {
                "address": "",
                "fee": "",
                "name": "",
                "remark": "",
                "stay": ""
            }
        ],
        "shopContent": "",
        "shops": [
            {
                "address": "",
                "remark": "",
                "shopName": "",
                "shopProduct": "",
                "stay": ""
            }
        ],
        "tipsContent": "*我社根据航班、签证及前往国家的交通、天气等情况保留对行程修改的权利，最终行程以出团通知为准！  失信提示：各大航空公司最新规定，国家最高人民法院发布为失信人的，失信人不得乘坐飞机。如游客属失信人，请报名前务 必向旅行社说明。如未提前说明，出票前发现为失信人，签证，地接及其他相关损失由失信人全部承担；机票出票后发现为失信 人，机票及地接全损，所有产生的相关损失由失信人自行承担，且我社保留相关追诉权利，谢谢合作！！国家法院失信人验证网 站为：http://shixin.court.gov.cn/  销签提示：当您从欧洲离境时，一定检查海关是否给您的护照盖了清晰的离境章，它是您已经回到中国的唯一凭证。如果没有 盖章或者章不清晰无法辨认将会导致使馆要求您面试销签，由此造成不必要的损失，非常抱歉只能由本人承担！请您谅解的同时 也请您自己务必仔细留意！"
    },
    "trips": [
        {
            "breakfast": 0,
            "content": "全体团员于上海浦东机场国际出发处集合，领队将带领办理登机、出关手续。搭乘吉祥航空国际航班，直飞芬 兰首都赫尔辛基，开启一段奇幻北欧之旅。抵达后游览赫尔辛基，晚餐后入住酒店休息。",
            "dinner": 1,
            "hotels": [
                {
                    "name": "",
                    "star": "四星"
                }
            ],
            "lunch": 0,
            "scenes": [
                {
                    "consumingTime": "",
                    "description": "赫尔辛基的一大名胜，是为了纪念芬兰的大音乐家西贝柳斯而建，公园 内鲜花怒放碧草如茵，是市民休憩的好地方，公园有巨大的管风琴雕塑和西贝柳斯先生的头像雕塑。",
                    "name": "西贝柳斯公园"
                },
                {
                    "name": "颂歌图书馆",
                    "description": "这座屋顶呈起伏状的玻璃和木制建筑位于芬兰议会对面，建造所用芬兰云 杉木材排列起来有 160 公里长。这是一座文学之屋，也是一座技术之屋、音乐之屋和电影之屋。",
                    "consumingTime": ""
                },
                {
                    "name": "赫尔辛基阿莫斯瑞克斯",
                    "description": "是芬兰国家美术馆的分馆，由美国建筑家霍尔设计，落成于 1998 年，采用优美的曲线造型，用于收藏、展示当代美术的作品。",
                    "consumingTime": ""
                },
                {
                    "name": "岩石教堂",
                    "description": "是世界上唯一一座建在岩石中的教堂。岩石教堂位于赫尔辛基市中心坦佩利 岩石广场，由建筑师添姆和杜姆苏马连宁兄弟（Suomalaimen 兄弟）在 1969 年设计建造的。建造在掏空的 岩石中的岩石教堂，教堂为圆顶，教堂顶部的玻璃屋顶以铜网架支撑，直径 24 米，外部墙壁以铜片镶饰，内 壁则完全保持了天然的花岗岩石壁纹理，其余的壁面仍保有原始的岩石风味，教堂入口走廊为隧道状，入口处 则涂以混凝土，整座教堂如同着陆的飞碟一般，趣味独具。",
                    "consumingTime": ""
                },
                {
                    "name": "乌斯彭斯基大教堂",
                    "description": "它是北欧最大的俄罗斯东正教教堂，由俄罗斯建筑师设计， 完成于 1868 年",
                    "consumingTime": ""
                },
                {
                    "name": "赫尔辛基之眼",
                    "description": "距离乌斯彭斯基教堂不远处的赫尔辛基之眼是芬兰的新地标。蓝色与白色交织的摩 天轮完美地融入在天空与大海之间。",
                    "consumingTime": ""
                },
                {
                    "name": "赫尔辛基大教堂",
                    "description": "大教堂矗立于参议院广场中心，教堂所在的高地高出海平面 80 多米，一眼望去， 希腊廊柱支撑的乳白色教堂主体和淡绿色青铜圆顶的钟楼十分醒目，宏伟的气势和精美的结构使其成为芬兰建 筑史上的经典，也成为赫尔辛基市的地标性建筑。",
                    "consumingTime": ""
                },
                {
                    "name": "赫尔辛基大学",
                    "description": "赫尔辛基大学以其悠久的历史，丰富的藏书，一流的设备， 齐备的专业以及杰出的 成就，闻名欧洲。它同时也是芬兰在国际上享有盛誉的著名高等学府。",
                    "consumingTime": ""
                },
                {
                    "name": "南码头露天市场",
                    "description": "漫步于此，看看码头上停泊的开往瑞典、俄罗斯等国的大型豪华邮轮，这里的集市也是 赫尔辛基人气最旺的地方。",
                    "consumingTime": ""
                }
            ],
            "scheduleTraffics": [
                {
                    "arrivalTime": "14:00",
                    "departure": "上海",
                    "departureTime": "9：30",
                    "destination": "赫尔辛基",
                    "trafficType": "飞机/汽车"
                }
            ],
            "title": "上海-赫尔辛基",
            "tripDay": 1
        },
        {
            "breakfast": 1,
            "content": "酒店早餐后乘船前往爱沙尼亚首都塔林，“波罗的海的明珠“塔林是爱沙尼亚共首都和主要港口，分为新城和 老城，三面环水，风景秀丽。塔林老城是波罗的海唯一保存着中世纪外貌和格调的城市。后搭乘塔林客游轮前 往斯德哥尔摩，夜宿游轮上。",
            "dinner": 1,
            "hotels": [
                {
                    "name": "豪华游轮",
                    "star": "二人内舱"
                }
            ],
            "lunch": 1,
            "scenes": [
                {
                    "consumingTime": "",
                    "description": "是塔林最大和最高的圆顶东正教堂。大教堂位于 塔林上城，是一座建于 19 世纪的俄罗斯东正教教堂，以 13 世纪抗击条顿骑士团入侵的亚历山大•涅夫斯基而 命名",
                    "name": "亚历山大·涅夫斯基主教座堂"
                },
                {
                    "name": "托姆比亚城堡",
                    "description": "初建于 13 世纪，1935 年重建，它一直是统治者权力的象征，成功的征服者都会把 代表他们的旗帜插在上面。",
                    "consumingTime": ""
                },
                {
                    "name": "塔林老城",
                    "description": "被联合国教科文组织公布为世界文化遗产之一，塔林老城是保存至今最完好的欧洲 中世纪城堡，城中保留着许多中世纪教堂，是北欧目前唯一保持着中世纪建筑风格和外表的城市。",
                    "consumingTime": ""
                },
                {
                    "name": "塔林市政厅",
                    "description": "位于拉科雅广场旁，建于 14 世纪早期，是一座哥特式建筑，塔林市的象征——守护者 托马斯从 1530 年起就屹立在市政厅的楼顶。整个广场和市政厅会因为货摊、音乐会、舞蹈和中世纪主题狂欢 而活跃起来",
                    "consumingTime": ""
                }
            ],
            "scheduleTraffics": [
                {
                    "arrivalTime": "09:30",
                    "departure": "赫尔辛基",
                    "departureTime": "07:30",
                    "destination": "塔林",
                    "trafficType": "汽车/游轮"
                }
            ],
            "title": "赫尔辛基-塔林-斯德哥尔摩",
            "tripDay": 2
        },
        {
            "breakfast": 1,
            "content": "游轮上享用丰富的海鲜自助早餐后，抵达素有“北方威尼斯”之称的斯德哥尔摩。这是一座既古老又年轻、既 典雅又繁华的城市。它的老城区已有 700 多年的历史，由于免受战争的破坏而保存良好，现在保持着古香古色 的风格。全天游览后乘车前往瑞典小镇，抵达后入住酒店休息",
            "dinner": 1,
            "hotels": [
                {
                    "name": "",
                    "star": "四星"
                }
            ],
            "lunch": 1,
            "scenes": [
                {
                    "consumingTime": "",
                    "description": "坐落在梅拉伦湖边，砖红的墙面和规整的造型，从各个角度看过去都透着庄 严简约的美。诺贝尔奖每年在这里举办晚宴，其中的蓝厅是评定诺贝尔奖后举行盛大宴会的地方。",
                    "name": "斯德哥尔摩市政厅"
                },
                {
                    "name": "斯德哥尔摩老城区",
                    "description": "斯德哥尔摩老城区建立于 13 世纪，距今已有 700 多年的历史，城内有中世纪小巷、圆 石街道和古式的建筑，深受北日耳曼式风格影响。漫步在老城街道，古老的教堂，悠长悠长的鹅卵石小巷，空 气中氤氲着咖啡的香气，让时间停留。老城区除了历史遗迹外，还有许多咖啡馆、餐厅和手工艺品店。瑞典王 宫、斯德哥尔摩大教堂和诺贝尔博物馆也聚集于此。",
                    "consumingTime": ""
                },
                {
                    "name": "斯塔万根大街",
                    "description": "当地人更喜欢叫它海滨大道，位于这里岸边的高级住宅区的独特建筑会让您流 连忘返，还有这里也是 1897 年斯德哥尔摩世界博览会的举办地。",
                    "consumingTime": ""
                },
                {
                    "name": "斯德哥尔摩皇宫",
                    "description": "这是目前世界上最大的皇家宫殿。在现在皇宫所在地址上的第一座建筑是建于 13 世纪的一座以塔楼为中心的城堡。",
                    "consumingTime": ""
                },
                {
                    "name": "斯德哥尔摩大教堂",
                    "description": "老城区里最古老的教堂，瑞典砖砌哥特式建筑的重要例证",
                    "consumingTime": ""
                },
                {
                    "name": "诺贝尔博物馆",
                    "description": "位于市中心老城区广场边，建于诺贝尔奖百年之际—2001 年。这里也是唯一可以购 买和品尝到诺贝尔奖晚宴指定冰激凌的地方，您不可错过。",
                    "consumingTime": ""
                },
                {
                    "name": "斯德哥尔摩地铁",
                    "description": "斯德哥尔摩以其艺术装饰闻名，我愿称之为流动的视觉盛宴。它是斯德哥尔摩旅 行必不可少的体验！可以说是世界上最长的艺术博物馆，在一百多个地铁站内人们都能欣赏到不同艺术家的作 品，每座地铁站的站台、墙壁及大厅的风格设计都无一相同，各有特色。",
                    "consumingTime": ""
                },
                {
                    "name": "瑞典特色肉丸餐",
                    "description": "这是瑞典标志性的美食，咬一口香浓可口，又不会觉得油腻，真的是美味的 特色美食。这个据说做的时候还是要充满爱心去做的，是很有含义的一道美食。",
                    "consumingTime": ""
                }
            ],
            "scheduleTraffics": [
                {
                    "arrivalTime": "",
                    "departure": "",
                    "departureTime": "",
                    "destination": "",
                    "trafficType": "汽车"
                }
            ],
            "title": "斯德哥尔摩-瑞典小镇",
            "tripDay": 3
        },
        {
            "breakfast": 1,
            "content": "早餐后乘车前往挪威首都奥斯陆游览，奥斯陆南临奥斯陆湾，三面被群山环绕，整个城市与绿色的大自然和谐 地融为一体。途径瑞典中部风景秀丽的城市卡尔斯塔德。抵达游览奥斯陆，晚餐后入住酒店休息。",
            "dinner": 1,
            "hotels": [
                {
                    "name": "",
                    "star": "四星"
                }
            ],
            "lunch": 1,
            "scenes": [
                {
                    "consumingTime": "",
                    "description": "维纳恩湖呈东北—西南方向延伸，最深处有 97 米，面积约 5550 平方公里。众多的河流、 湖泊、绿地，还有充足的阳光，让卡尔斯塔德增添不少灵气。",
                    "name": "维纳恩湖湖区"
                },
                {
                    "name": "皇宫",
                    "description": "这座王宫的修建最早是由国王卡尔十四世提出来，经过了 4 年时间才完成修建。",
                    "consumingTime": ""
                },
                {
                    "name": "奥斯陆歌剧院",
                    "description": "是挪威的新地标建筑。奥斯陆歌剧院诠释的是权威和美丽，作为文化中心，来到新 歌剧院也就宣告着您真正来到了挪威。",
                    "consumingTime": ""
                },
                {
                    "name": "新蒙克博物馆",
                    "description": "这是一座为纪念现代表现主义绘画的先驱——挪威著名画家爱德华·蒙克而建 的博物馆，是世界上最大的单一艺术家博物馆之一。这座高 58 米、有 13 层楼的博物馆包括 11 个展厅，分布 在 7 个楼层，馆内收藏了超过 4.2 万艺术品和物件，光是蒙克的笔记、绘画、素描和照片就有约 2.8 万件， 占据了展览空间的一半以上。蒙克最为世人所熟知的就",
                    "consumingTime": ""
                },
                {
                    "name": "阿克尔码头",
                    "description": "这里是曾经是奥斯陆港湾的仓库，后改造成现代建筑并在海边设计出一条行人步 道。不少的餐厅、时装店、咖啡屋、电影院、银行聚集在这里，餐厅还特意留出了大量的露天座位给爱上奥斯 陆好天气的人们。入夜后，灯火亮起后更加魅力非凡，人们可以在此休闲小憩也可以在这里享受美好的晚餐。 休息日时这里更是热闹非凡，而到了夏天，沿海湾的小摊纷纷露天经营，也别具风味。",
                    "consumingTime": ""
                },
                {
                    "name": "维格兰雕塑公园",
                    "description": "园内石雕形象，男女老少栩栩如生，喜怒哀乐淋漓尽致，表现了人从出生至 死亡的各个时期的情况，给人许多有关人生的启示，因而得名 “人生旅途公园”。",
                    "consumingTime": ""
                },
                {
                    "name": "斗兽场电影博物馆",
                    "description": "奥斯陆市最古老的电影院之一 ，它见证了奥斯陆市的历史变迁 ，承载了无数 电影的记忆和故事 。作为一座拥有近百年历史的建筑 ，Colosseum Kino 见证了电影工业的发展和变革，从 黑白无声 片到今天的 3D 高清电影，它一直在不断演绎着电 影的魅力 。Colosseum Kino 的建筑风格融合 了现 代和传统元素 ，使其在奥斯陆市中独具特色 。它 拥有独特的外观 ，主立面采用了现代化的设计 ，而 建筑的侧面则保留了一些传统的建筑元素 。 其 建筑结构稳固 ，气势恢宏 ，给人以深刻的印象。",
                    "consumingTime": ""
                },
                {
                    "name": "北极冰虾品鉴",
                    "description": "北欧因为临近北大西洋海岸，所以这里盛产海鲜，尤以北极冰虾最为鲜美。这 里的冰虾因为出产的环境更为冷酷，所以味道更为鲜甜，同时由此衍生出来的北欧虾青素更是深受全球游客喜 欢的保健品",
                    "consumingTime": ""
                }
            ],
            "scheduleTraffics": [
                {
                    "arrivalTime": "",
                    "departure": "",
                    "departureTime": "",
                    "destination": "",
                    "trafficType": "汽车"
                }
            ],
            "title": "瑞典小镇-奥斯陆",
            "tripDay": 4
        },
        {
            "breakfast": 1,
            "content": "酒店早餐后，乘车前往哥德堡，哥德堡是瑞典西南最美丽的海港城市，也是瑞典第二大城市，同时更是沃尔沃 汽车的发源地。晚餐后入住酒店休息。",
            "dinner": 1,
            "hotels": [
                {
                    "name": "",
                    "star": "四星"
                }
            ],
            "lunch": 1,
            "scenes": [
                {
                    "consumingTime": "",
                    "description": "哥德堡旧码头的所在地。在旧码头旁的白色帆船维京号，是世界上少有的幸存下 来的四桅杆帆船。它建造于 1906 年，最早是艘水手的训练船，如今改作饭店和餐馆。",
                    "name": "小博门码头"
                },
                {
                    "name": "哥德堡歌剧院",
                    "description": "建于 1994 年，世界上设备最先进的歌剧院之一。整个建筑为暗红色，从哥塔河上望 过去，仿佛是一只即将启航的海盗船，非常瑰丽。",
                    "consumingTime": ""
                },
                {
                    "name": "古斯塔夫二世广场",
                    "description": "哥德堡最大的广场，也是市政厅广场。广场中间竖着一座雕像——瑞典国王古斯塔夫阿 道夫二世的雕像。",
                    "consumingTime": ""
                }
            ],
            "scheduleTraffics": [
                {
                    "arrivalTime": "",
                    "departure": "",
                    "departureTime": "",
                    "destination": "",
                    "trafficType": "汽车"
                }
            ],
            "title": "奥斯陆-哥德堡",
            "tripDay": 5
        },
        {
            "breakfast": 1,
            "content": "早餐后，乘车前往丹麦首都哥本哈根，哥本哈根有 1000 多年的历史，是北欧最吸引人的城市之一，是文化底 蕴深厚，且融合了多种风格的国际化大都市。游览结束后入住酒店休息。",
            "dinner": 1,
            "hotels": [
                {
                    "name": "",
                    "star": "四星"
                }
            ],
            "lunch": 1,
            "scenes": [
                {
                    "consumingTime": "",
                    "description": "两岸分别是丹麦的西兰岛和瑞典的马尔默，也是连接波罗的海和大西洋的三条丹麦 海峡之一，是世界上最繁忙的河道之一。海峡上还有厄勒海峡大桥连接两国。全程跨度 16 公里，连接丹麦的 哥本哈根和瑞典第三大城市马尔默，是目前世界上已建成的承重量最大的斜拉索桥。在桥上可以远眺到马尔默 著名建筑旋转大楼。",
                    "name": "厄勒海峡大桥"
                },
                {
                    "name": "小美人鱼雕像",
                    "description": "让人不禁联想起安徒生笔下那流传百世的悲剧童话故事",
                    "consumingTime": ""
                },
                {
                    "name": "哥本山",
                    "description": "全丹麦最好的露天滑雪场攀岩和徒步圣地 。",
                    "consumingTime": ""
                },
                {
                    "name": "吉菲昂喷泉",
                    "description": "建于 1908 年的一组雕塑群，为嘉士伯捐助。表现了有关哥本哈根所在的西兰岛形成的神话故 事。",
                    "consumingTime": ""
                },
                {
                    "name": "腓特烈教堂",
                    "description": "是丹麦最大的铜绿色圆顶教堂，与阿美琳堡王宫隔路相望。由于大量使用了丹麦和挪 威出产的大理石，因此当地人称之为“大理石教堂”。",
                    "consumingTime": ""
                },
                {
                    "name": "阿美琳堡宫",
                    "description": "这座大型建筑是坚实要塞与华丽宫殿的绝妙组合。这主要应归功于克里斯汀四世时的 著名建筑大师汉斯·斯汀文寇，是他在 17 世纪初时对这座古堡进行了大规模的扩建和装饰",
                    "consumingTime": ""
                },
                {
                    "name": "丹麦宪法之父克里斯蒂安十世国王雕像",
                    "description": "他不但是丹麦的国王，同时也是冰岛王国唯一一名国王。丹麦克朗 上也铸有他的头像。",
                    "consumingTime": ""
                },
                {
                    "name": "新港码头",
                    "description": "虽然叫新码头，实际上已经有 330 多年历史的古运河道。如今码头运河岸边五颜六 色的房子，保留了原有的风貌，曾吸引无数名人在此居住过。虽然如今的帆船已经无法驶出运河，但却成了哥 本哈根一道独特的风景。",
                    "consumingTime": ""
                },
                {
                    "name": "安徒生铜像",
                    "description": "安徒生被誉为“现代童话之父”，为世界上千万儿童编织了美丽的童年。人们为了纪念安徒生， 在哥本哈根市政厅旁边做了一尊约 3 米高的安徒生铜像。每天都有不少路过的游客会抬起头瞻仰大师的面容， 或与其拍照留念。",
                    "consumingTime": ""
                },
                {
                    "name": "天鹅湖",
                    "description": "哥本哈根的市区有一处天然湖区(Søerne)，由五座小桥分成五段，又因为常年有许多 天鹅在湖中嬉戏，因此又得名“天鹅湖”。天鹅湖周长 6 公里，是哥本哈根人喜爱的休闲区域。在湖边，在阳 光里，在凉爽的春风里，你会看到湖边的长椅上相拥相依的情侣，沿着湖畔晨跑的哥本哈根人，还有青青绿草 地上正在分享早午餐的两三好友。",
                    "consumingTime": ""
                }
            ],
            "scheduleTraffics": [
                {
                    "arrivalTime": "",
                    "departure": "",
                    "departureTime": "",
                    "destination": "",
                    "trafficType": "汽车"
                }
            ],
            "title": "哥德堡-哥本哈根",
            "tripDay": 6
        },
        {
            "breakfast": 1,
            "content": "酒店早餐后乘内陆航班飞往冰岛首都雷克雅未克，开启一段奇幻冰火之旅。抵达后开始我们对冰岛游览。冰岛 首都是全世界最北的首都。这里是冰岛最大的港口城市，西面临海，北面和东面被高山环绕，受北大西洋暖流 影响，气候温和 。全部是冰岛闻名于世界的天然景观，是所有前来冰岛观光的必游之地。游览后入住酒店休息",
            "dinner": 1,
            "hotels": [
                {
                    "name": "",
                    "star": "四星"
                }
            ],
            "lunch": 0,
            "scenes": [
                {
                    "consumingTime": "",
                    "description": "位于雷克雅未克中心。是冰岛最大的教堂，同时也以 74.5 米高 成为冰岛第六高的建筑。教堂以冰岛著名的牧师及诗人哈格的名字命名。由建筑师撒穆勒森在 1937 年设计， 整体建设工作从 1945 年开始直到 1986 年结束。作为市区最重要的地标，在市区的任何角落都可以看到它显 著的高塔。",
                    "name": "哈尔格林姆斯教堂"
                },
                {
                    "name": "托宁湖",
                    "description": "是位于雷克雅未克市中心的一个小湖，尽管它并不是冰岛最大的湖泊，但是确实最有名的一个。雷 克雅未克市政厅就坐落在湖边，因为地热的缘故，即使在冬天湖面也不会结冰，所有沪上绘有很多鸭子、海鸥、 天鹅等野生动物会在这里过冬 。",
                    "consumingTime": ""
                },
                {
                    "name": "天空之湖温泉",
                    "description": "2021 年开幕，座落在雷克雅维克近郊的⼤西洋海 滨，⽐邻繁华的首都圈，长达 70 公尺的地热温泉，让旅客泡在热水里，眼睛同时享受⼤海的清涼，感觉是浪 漫的海洋和天空相遇之处，让自己一边沉浸在温暖无边际的地热泻湖温泉，⼀边享受壮丽的北⼤西洋印⼊眼帘。",
                    "consumingTime": ""
                },
                {
                    "name": "太阳航海者",
                    "description": "位于雷克雅未克北边的海岸旁，是这座“无烟城市”的重要标志。",
                    "consumingTime": ""
                },
                {
                    "name": "克林顿热狗",
                    "description": "热狗摊 1930 年开始卖热狗，目前已被世界各地的游客列入冰岛必吃美食，更享 有冰岛“Nation Food”美名，店名翻译成英文是“ Best Hot Dog in Town”全城最好吃的热狗。而美国前 总统克林顿，也是这里的忠实粉丝，两次到访冰岛，都来排队买热狗吃，因此，这家热狗摊也被亲切地称为“克 林顿热狗”。",
                    "consumingTime": ""
                },
                {
                    "name": "珍珠楼",
                    "description": "位于雷克雅未克市区半岛的南方，是整个半岛的至高点。推荐在黄昏的时候前来这里俯瞰 整个雷克雅未克市区和港湾的美景。这里原先是人们在高处储存地热水的地方，将地下采集的热水储存在这里， 利用高地落差可以供应给全市使用",
                    "consumingTime": ""
                }
            ],
            "scheduleTraffics": [
                {
                    "arrivalTime": "14:50",
                    "departure": "哥本哈根",
                    "departureTime": "11:45",
                    "destination": "雷克雅未克",
                    "trafficType": "飞机/汽车"
                }
            ],
            "title": "哥本哈根-雷克雅未克",
            "tripDay": 7
        },
        {
            "breakfast": 1,
            "content": "",
            "dinner": 1,
            "hotels": [
                {
                    "name": "",
                    "star": ""
                }
            ],
            "lunch": 1,
            "scenes": [
                {
                    "consumingTime": "",
                    "description": "叫作\"盖策\"是冰岛语的译音。冰岛是一个间歇泉非常集中的国家。",
                    "name": "间歇泉"
                },
                {
                    "name": "黄金瀑布",
                    "description": "位于首都雷克雅未克市东北，人称瀑布\"皇后\"。她是冰岛最大的断层瀑布，宽约 2500 米，其 水势分成两段，总高差 70 多米，气势磅礴，景色壮观。2002 年中国国家主席江泽民访冰时，特地来这里观赏瀑布。",
                    "consumingTime": ""
                },
                {
                    "name": "辛格维利尔国家公园",
                    "description": "\"世界最古老的民主议会会址\"之称。公元 930 年，辛格维利尔平原上成立的露天议 会，标志着冰岛作为一个独立国家的存在。后来这里成为冰岛人民庆贺之地。",
                    "consumingTime": ""
                },
                {
                    "name": "大裂缝",
                    "description": "这里有奇特的自然景观，它是欧亚与美洲板块的分界之地，欧亚大陆犹如被大地之神高高举起， 使得两大板块的落差有十多米。",
                    "consumingTime": ""
                },
                {
                    "name": "辛格瓦尔德拉湖",
                    "description": "这是冰岛最大的天然湖泊，面积有 84 平方公里，湖水清澈照人，波平如镜，弯弯的水 泊平静怡然，让人流连忘返。",
                    "consumingTime": ""
                },
                {
                    "name": "冰岛羊肉汤",
                    "description": "冰岛羊肉世界驰名，这里的羊由于地处寒冷地带，所以肉质肥瘦适宜，又加上羊 在这里常年吃麝香草，所以羊肉炖煮之后异常鲜美，加上佐以土豆，胡萝卜等蔬菜简单炖煮，喝上一口立刻让 冰岛的寒冷消失不见。",
                    "consumingTime": ""
                },
                {
                    "name": "冰岛追光",
                    "description": "冰岛全境都可以看见极光。尤其是在冰岛小镇，受到的光污染要比首都雷克雅未克小很多，在 导游带领下看极光是一个不错的选择。导游会根据云层的分布，以及极光的指数等选择合适的时间带领大家观 测极光。",
                    "consumingTime": ""
                }
            ],
            "scheduleTraffics": [
                {
                    "arrivalTime": "",
                    "departure": "",
                    "departureTime": "",
                    "destination": "",
                    "trafficType": "汽车"
                }
            ],
            "title": "雷克雅未克-黄金圈 - 冰岛南部小镇",
            "tripDay": 8
        },
        {
            "breakfast": 1,
            "content": "",
            "dinner": 1,
            "hotels": [
                {
                    "name": "",
                    "star": ""
                }
            ],
            "lunch": 0,
            "scenes": [
                {
                    "consumingTime": "",
                    "description": "每一场蓝冰洞之旅都是一次独一无二的探险旅程，只有亲身经历过才知道这世上还有 如此真实的幻象世界。旅行团前往的冰洞通常埋藏在深处，需要由当地受过专业训练的冰洞导游带领大家才能 到达。您一定要穿着温暖舒适、适合冰川活动的衣物及裤子，舒适的登山鞋也是必备物品。建议您随身携带一 个双肩包，装上少许零食和水。我们会提供专业的冰川器材，比如头盔、冰爪鞋(套在登山鞋外)。如果您怕冷， 请也戴手套、薄帽子(戴在头盔下面)。",
                    "name": "蓝冰洞"
                },
                {
                    "name": "杰古沙龙冰河湖",
                    "description": "是冰岛最大、最著名的冰河湖。湖底深达 200 米，也是冰岛的第二大深湖。 冰河湖的湖水湛蓝、清澈，很多形状各异的超大冰块飘浮于湖面。著名的好莱坞电影《古墓丽影》、《蝙蝠侠 诞生》和两部詹姆斯·邦德系列电影《谁与争锋》、《铁金刚勇战大狂魔》等都曾在此取景拍摄。",
                    "consumingTime": ""
                },
                {
                    "name": "钻石冰沙滩",
                    "description": "位于杰古沙龙冰河湖东南入海口，是由于冰川融化的水而汇聚形成的，每天都会 有不同的冰块被冲刷岸上，像钻石一样的冰块，四处散落在这一片黑色的火山灰沙滩上，在自然光的照耀下， 显得格外的晶莹剔透，形成钻石沙滩的独特景观。",
                    "consumingTime": ""
                }
            ],
            "scheduleTraffics": [],
            "title": "冰岛南部小镇-瓦特纳冰原-冰岛南部小镇",
            "tripDay": 9
        },
        {
            "breakfast": 1,
            "content": "",
            "dinner": 1,
            "hotels": [
                {
                    "name": "",
                    "star": "四星"
                }
            ],
            "lunch": 1,
            "scenes": [
                {
                    "consumingTime": "",
                    "description": "自 1973 年起就永远的停留在冰岛南岸一望无际的黑色沙原上，它 已经出现在多个世界著名艺人的 MV 音乐录影带里。",
                    "name": "DC3 飞机残骸"
                },
                {
                    "name": "黑沙滩",
                    "description": "这片黑沙滩泛着乌亮的光泽，一望无际，非常壮观。站在这里，眺望如画般的雷尼斯 德朗盖石柱群。石柱傲然耸立，不断接受着北大西洋翻滚海浪的侵蚀。",
                    "consumingTime": ""
                },
                {
                    "name": "玄武岩柱群",
                    "description": "坐落于冰岛南部的雷尼斯佳尔山脚下。据传说，3 名巨人试图将一艘三桅帆船拉上 岸，但没有成功。黎明时分，他们在阳光照射后变成了石柱。",
                    "consumingTime": ""
                },
                {
                    "name": "塞里雅兰瀑布",
                    "description": "这个瀑布修长秀美，从悬崖倾泻而下，瀑布后还有一个隐蔽的洞穴。如果天气 晴好的话，还可以走到瀑布后面去从另一个全新视角赏景。",
                    "consumingTime": ""
                },
                {
                    "name": "斯科加瀑布",
                    "description": "又称森林瀑布，这个瀑布比塞里雅兰瀑布更宽阔，而且也是由埃亚菲亚德拉冰盖 的冰川融水而成，冰盖覆盖着艾雅法拉火山，世人都不会忘记 2010 年那场遮天蔽日的艾雅法拉火山大爆发。",
                    "consumingTime": ""
                },
                {
                    "name": "蓝湖温泉",
                    "description": "蓝湖湖底的白色物质是高含量的二氧化硅泥，二氧化硅有护肤作 用，在湖中游完泳，全身肌肤会紧绷。当地人把蓝湖当作\"天然的美容院\"。将身体浸泡在 30 度的蓝湖水里， 闭上双眼，身心完全地放松，充分享受大自然的赐予，所有旅途的劳顿都将一扫而光。",
                    "consumingTime": ""
                }
            ],
            "scheduleTraffics": [
                {
                    "arrivalTime": "",
                    "departure": "",
                    "departureTime": "",
                    "destination": "",
                    "trafficType": "汽车"
                }
            ],
            "title": "冰岛南部小镇-维克-雷克雅未克",
            "tripDay": 10
        },
        {
            "breakfast": 1,
            "content": "酒店早餐后前往机场，搭乘航班经赫尔辛基转机返回上海",
            "dinner": 0,
            "hotels": [
                {
                    "name": "",
                    "star": ""
                }
            ],
            "lunch": 0,
            "scenes": [],
            "scheduleTraffics": [
                {
                    "arrivalTime": "06:35+1",
                    "departure": "雷克雅未克",
                    "departureTime": "16：55",
                    "destination": "上海",
                    "trafficType": "飞机"
                }
            ],
            "title": "雷克雅未克-赫尔辛基-上海",
            "tripDay": 11
        },
        {
            "breakfast": 0,
            "content": "航班于北京当地时间 06:35 安抵上海浦东机场，请您保留好往返登机牌连同护照一起交给领队进行使馆销签， 便于使馆为您留下良好的出入境记录，方便您再次出国。感谢您此次旅程的支持与配合，在此结束愉快的北欧 之旅！",
            "dinner": 0,
            "hotels": [],
            "lunch": 0,
            "scenes": [
                {
                    "consumingTime": "",
                    "description": "",
                    "name": ""
                }
            ],
            "scheduleTraffics": [
                {
                    "arrivalTime": "",
                    "departure": "",
                    "departureTime": "",
                    "destination": "",
                    "trafficType": ""
                }
            ],
            "title": "上海",
            "tripDay": 12
        }
    ]
}