{
    "product": {
        "childAgeBegin": "0",
        "childAgeEnd": "2",
        "childHasBed": 0,
        "childHasTraffic": 0,
        "childHeightBegin": "",
        "childHeightEnd": "",
        "childRule": "",
        "departureCityName": "北京",
        "departureCountryName": "中国",
        "departureProvinceNam": "",
        "dests": [
            {
                "countryName": "",
                "destCityName": "",
                "destProvinceName": ""
            }
        ],
        "insurance": [
            {
                "content": "",
                "name": "",
                "typeName": ""
            }
        ],
        "insuranceIncluded": 0,
        "markets": [
            {
                "name": "奢享"
            },
            {
                "name": "俄罗素"
            }
        ],
        "productSubtitle": "",
        "productTitle": "伊尔库茨克+奥利洪岛+利岛 蓝冰深度9日",
        "returnCityName": "北京",
        "tags": [
            {
                "name": "伊尔库茨克"
            },
            {
                "name": "奥利洪岛"
            },
            {
                "name": "利镇"
            }
        ],
        "themes": [
            {
                "name": "蓝冰深度9日"
            }
        ]
    },
    "line": {
        "backAirports": [
            {
                "airlineCode": "HU",
                "airlineName": "中国国际航空",
                "arriveAirportName": "PEK",
                "arriveTime": "02:05",
                "days": "+1",
                "flightNo": "HU7968",
                "flightSort": "",
                "startAirportName": "IKT",
                "startTime": "23:05"
            }
        ],
        "backTransportName": "飞机",
        "goAirports": [
            {
                "airlineCode": "HU",
                "airlineName": "中国国际航空",
                "arriveAirportName": "IKT",
                "arriveTime": "21:05",
                "days": "0",
                "flightNo": "HU7967",
                "flightSort": "",
                "startAirportName": "PEK",
                "startTime": "18:05"
            }
        ],
        "goTransportName": "飞机",
        "hotelStarName": "四星",
        "lineFeature": "",
        "lineSimpleTitle": "",
        "lineSortTitle": "",
        "lineTitle": "",
        "needVisa": 0,
        "passCities": [
            {
                "cityName": "",
                "countryName": "",
                "provinceName": ""
            }
        ],
        "tripDays": "",
        "tripNight": "",
        "visaBasic": {
            "postAddress": "",
            "postContact": "",
            "postPhone": "",
            "visas": [
                {
                    "content": "",
                    "country": "",
                    "district": "",
                    "freeVisa": "1",
                    "signPlace": ""
                }
            ]
        }
    },
    "cal": {
        "channelPut": [
            {
                "adultSalePrice": "",
                "childSalePrice": "",
                "sellRemark": ""
            }
        ],
        "departDate": [
            ""
        ]
    },
    "cost": {
        "bookRule": "",
        "costExclude": "1、单间差费用：3600 元/人（全程）； 2、护照办理费用； 3、航空意外险及延误险（建议游客自行购买）； 4、境内地面服务费用：如机场接送等；行李物品保管费及托运行李超重费； 5、酒店内电话、传真、洗熨、收费电视、饮料、、理发、饮料、烟酒、行李搬运等私人费用； 6、服务项目未提到的其他一切费用，例如特种门票（博览会、缆车等）； 7、旅游费用不包括旅游者因违约、自身过错、自由活动期间内行为或自身疾病引起的人身和财产损失； 8、交通延误、取消等意外事件或战争、罢工、自然灾害等不可抗力导致的额外费用； 9、航空公司燃油税上涨价格部份，如遇上涨则追补差价。",
        "costInclude": "1、机票：北京/伊尔库茨克往返国际机票，团队经济舱，含机场建设税，团队机票确定后不可退改，航班信息最终 以出团通知为准； 2、签证：俄罗斯团队旅游免签名单； 3、住宿：伊尔库茨克当地四星酒店双人间，利镇及奥岛特色酒店双人间，散拼团无法指定酒店，无法保证房型， 不保证夫妻住一间房，如有特殊原因需要拼住，请配合领队工作，感谢您的理解与支持； 4、导游：全程中文讲解，优秀中文领队陪同； 5、交通：境外进口旅游巴士及外籍司机；奥岛为越野车； 6、用餐：正餐为俄式正餐或中餐 8 菜一汤，升级一顿格鲁吉亚餐及俄式烤串；利镇及奥岛为俄餐和野炊； 7、门票：行程中所列景点首道门票即：雪地摩托、狗拉雪橇、俄式桑拿、塔利茨木制博物馆、贝加尔湖博物馆、 切尔斯基山缆车、奥岛北线一日游、奥岛南线一日游、爱国者射击馆、苏",
        "lineReturns": [
            {
                "begin": "",
                "cost": "",
                "end": ""
            }
        ],
        "otherRule": "1、行程说明： （1）本社有权根据景点及交通状况调整行程游览先后顺序，但游览内容不会减少，标准不会降低； （2）行程景点实际游览最短时间，以行程中标注时间为准；行程中标明“入内参的景点时间行程中的描述，时间 仅供参考，实际时间以具体行程游览时间为准；“停留参观”的景点时间我社可根据具体行程安排做适当的调整； “外观”及“远观”的景点均不入内，停留时间视具体游览时间情况而定。“途径”的景点均不下车； （3）景区首道门票是指只有购买才能进入景区范围的门票，不包括景区内单独收费的门票； （4）根据当地法律规定，导游和司机每天工作时间不得超过 10 小时。请务必严格遵守游览时间安排， 避免耽误行程。 （5）根据国际航班团队搭乘要求，团队通常须提前 3-3.5 小时到达机场办理登机手续，故国际段航班在当地下 15 点前（含 15 点），晚间 23：00 点前（含 23：00 点）起飞的，行程均不含午餐或晚餐； 2、酒店标准： （1）行程中已标明酒店的星级标准为当地酒店评定标准； （2）俄罗斯人办理酒店入住手续的速度比较慢，请您在酒店大堂耐心等待。在办理入住手续时，您的护照及入境 卡留在酒店前台统一加盖落地签证章。此时护照及入境卡不能马上归还给您。请见谅！俄罗斯对外国人的证件管理 非常严格，没带护照不能到街上去。如有事外出请向您的领队说明， 由领队以妥善方式解决。在世界各地都有不 太善良的人，没带护照上街容易让俄罗斯比较没有职业道德的警察勒索，请注意； （3）俄罗斯宾馆内不配备一次性洗漱用品、拖鞋、开水壶 (瓶) 。部分酒店有收费电视服务，在您入住酒店前请向 导游问询，以免产生不必要的费用； （4）入住宾馆后，为了中国形象请不要穿着睡衣走出房间； （5）俄罗斯三、四星级酒店俄式电梯没有开关门的按键，须等电梯自动开关门，而且三、四星级酒店大堂都比较 小，无商场，电梯每次只能乘坐两个人和行李，请您注意安全； （6）由于环保、历史悠久、气候等原因，俄罗斯较多酒店无空调设备； （7）酒店的无线网络 (WIFI) 是增值服务或暂无，因为房间位置不同信号也有强弱。旅游团队酒店房间都是事先预 定好；很难调换房间。由此给您带来的不便敬请见谅。 （8）俄罗斯酒店的早餐比较简单，通常提供的早餐只有面包、咖啡、茶、果汁等； （9）中世纪的欧洲人都是半卧而眠，他们认为如果平躺就死掉了，所以床都比较短窄。这个历史习惯影响到现在的 欧洲床依旧不大。建议您不要同孩子一起睡一张床，影响您的休息。通常每个标准间可以接待两大人带一个 2 岁以 下儿童 (不占床) ，具体费用根据所报团队情况而定；若一个大人带一个 2 岁以下儿童参团，建议住一标间， 以免 给其他游客休息造成不便；",
        "returnContent": "",
        "selfCostContent": "",
        "selfCosts": [
            {
                "address": "",
                "fee": "",
                "name": "",
                "remark": "",
                "stay": ""
            }
        ],
        "shopContent": "",
        "shops": [
            {
                "address": "",
                "remark": "",
                "shopName": "",
                "shopProduct": "",
                "stay": ""
            }
        ],
        "tipsContent": "1、语言：俄罗斯通用语言为俄语。外语有法语、德语、英语等，但是应用不是很广泛。 2、货币：俄罗斯通用货币为卢布。美元在有些地方可以使用。现俄罗斯境内暂不支持微信、支付宝、万事达、visa 等支付方式，建议客人携带纯银联卡或自身携带 3 千民币的现金或卢布。 3、出入境与海关： （1）出入境：需要填写入境和出境移民卡，可在飞机上向乘务员索取，入境时上交入境卡给边检人员，出境卡必 须妥善保管以便出境时上交。 （2）边防机构：是否准予出境和入境，为边防机构的行政权利。如因游客自身原因被边防机构拒绝出入境的，相 关责任和费用由游客自行承担。 （3）海关申报单：入境过海关，如有申报物品请填写申报单，并走红色通道，海关申报单请妥善保管。出境再填 出境申报单，与入境申报单一起交海关官员，申报单填报现金数目必须比入境时少。如现金不超过 10000 美元， 无需申报。无携带海关要求申报物品可走绿色通道。海关人员有时会清点和检查游客的现金数目和行李。当地的货 币、珍贵文物、古董木刻、二战勋章等均不能携带出境。尺寸较大的油画带出境外，须到俄罗斯文化部办理手续， 时间较长，故请谨慎购买。 4、气候与衣着：俄罗斯属于大陆性 气候，分为春夏秋冬四个季节。冬季 寒冷漫长，夏季凉爽短暂。冬季室内 温暖，外出需携带保暖的外套、棉鞋、手套和帽子；夏季早晚温差大，中午穿一件夏衣即可，早晚需加一件普通外 套，需携带雨伞、驱蚊器、轻便鞋等适用夏季出行的用品。 5、宾馆须知： （1）俄罗斯宾馆 24 小时备有冷热水，便于洗漱。但房间里无饮用开水，需要到走廊自取或者找楼层服务人员索要。 （2）酒店一般不配备牙刷、香皂、拖鞋，以上物品请自备。 （3）插头全俄统一为圆插头，需自带电源转换插座（欧标），电压为 220 伏。喜欢喝茶的客人需自带加热器。 （4）宾馆软硬件设施比中国差一些、床较窄。由于环保、历史、欧洲气候较温和等原因，较多酒店无空调。 （5）房间内收费电视及酒水属个人自费项目，每离开一家酒店请尽早将个人的小帐结清，以便团队准时出发。 （6）不要把贵重物品和现金放在房间里，入睡前要插门。不要给陌生人开门。 （7）酒店住宿若出现单男或单女，旅行社会按照报名先后的顺序安排同性客人同住，若客人不接受此种方式或经 协调最终不能安排的，客人须在出发前补单房差入住单人房。 （8）大部分宾馆为无烟宾馆，吸烟客人需到酒店指定地点吸烟，否则会收到重罚。 6、文明旅游：文明出游是每个游客应尽的义务。 （1）公共场所禁止吸烟、大声喧哗、随地吐痰和乱扔垃圾，如有违反会收到法律惩罚。。 （2）应当注意的旅游目的地相关法律、法规和风俗习惯、宗教禁忌，依照中国法律不宜参加的活动等相关信息导 致的一切责任和后果，旅行社不承担责任。"
    },
    "trips": [
        {
            "breakfast": 0,
            "content": "请各位贵宾在北京首都国际机场集合，办理登机手续后搭乘国际航班飞往“东方巴黎”之称的伊尔库茨克，开 启蓝冰之旅，抵达后进行面包蘸盐欢迎仪式，身穿传统服装的俄罗斯姑娘手捧中间嵌着一碟盐的圆面包迎上前，以 古老待客习俗欢迎远道而来的客人。结束后入住酒店休息。",
            "dinner": 0,
            "hotels": [
                {
                    "name": "",
                    "star": "四星"
                }
            ],
            "lunch": 0,
            "scenes": [
                {
                    "consumingTime": "",
                    "description": "",
                    "name": ""
                }
            ],
            "scheduleTraffics": [
                {
                    "arrivalTime": "",
                    "departure": "",
                    "departureTime": "",
                    "destination": "",
                    "trafficType": ""
                }
            ],
            "title": "北京-伊尔库茨克",
            "tripDay": 1
        },
        {
            "breakfast": 1,
            "content": "早餐后驱车前往利斯特维扬卡小镇，途经【塔利茨露天木制建筑博物馆】(入内不少于 1 小时)博物馆里几乎所 有的建筑都是原汁原味的木头建成的，古朴而醇厚，在木屋中可以看到古老纺车、高板床和俄式炉灶等等。冬季， 西伯利亚的大地被大雪覆盖，零下三十多度的严寒之中，在利斯特维扬卡小镇的冰雪世界里体验【雪地摩托】（不 少于 20 分钟）带来的快感。特别赠送【俄罗斯传统桑拿汗蒸】体验战斗民族的洗浴文化。前往利镇森林深处的【木 屋餐厅】享用特色俄式餐。晚餐后入住酒店休息",
            "dinner": 1,
            "hotels": [
                {
                    "name": "",
                    "star": ""
                }
            ],
            "lunch": 1,
            "scenes": [
                {
                    "consumingTime": "",
                    "description": "",
                    "name": ""
                }
            ],
            "scheduleTraffics": [
                {
                    "arrivalTime": "",
                    "departure": "",
                    "departureTime": "",
                    "destination": "",
                    "trafficType": ""
                }
            ],
            "title": "伊尔库茨克/利斯特维扬卡小镇",
            "tripDay": 2
        },
        {
            "breakfast": 1,
            "content": "早餐后参观【贝加尔湖博物馆】（入内不少于 40 分钟）这里展示和介绍了贝加尔湖生态圈，包括周边和水面 一下直至 1700 米深水范围内生长和生活的动植物，唯一一种生活在淡水中的海豹也在这个博物馆安家落户。乘 坐【狗拉雪橇】（体验 1 公里）亲自体验俄罗斯原汁原味的生活常态。在贝加尔湖冰面上自由驰骋，俄罗斯特有的 西伯利亚雪橇犬在前面奔跑，呼啸的风声在耳边划过，同时欣赏贝加尔湖冬日独特的美景，仿佛自己也已经迷失在 白雪世界中。乘坐【切尔斯基山缆车】（上下两程约 1 个小时）从空中观赏贝加尔湖， 感受纯净的蓝融化你的世界。 游览【小镇鱼市场】（不少于 20 分钟）感受当地人的生活，欣赏贝加尔湖的美景，感受贝加湖河畔给您带来的片刻 宁静。晚餐享用【俄式烤串】后入住酒店休息。",
            "dinner": 1,
            "hotels": [
                {
                    "name": "",
                    "star": ""
                }
            ],
            "lunch": 1,
            "scenes": [
                {
                    "consumingTime": "",
                    "description": "",
                    "name": ""
                }
            ],
            "scheduleTraffics": [
                {
                    "arrivalTime": "",
                    "departure": "",
                    "departureTime": "",
                    "destination": "",
                    "trafficType": ""
                }
            ],
            "title": "利斯特维扬卡小镇",
            "tripDay": 3
        },
        {
            "breakfast": 1,
            "content": "酒店早餐后，驱车前往【奥利洪岛】奥利洪岛是贝加尔湖最大的岛屿，又是萨满教的中心，此处景色奇丽壮观， 拥有迷幻的日落日出（路程 250 公里，4-5 小时车程）。途中品尝特色的布里亚特餐，餐后继续前行。抵达小海码 头，换乘越野四驱巴士前往贝加尔湖第一大岛。抵达后可前往萨满山观看贝加尔湖的日落，湖光日落，掀开奥利洪 岛的第一篇章！",
            "dinner": 1,
            "hotels": [
                {
                    "name": "",
                    "star": ""
                }
            ],
            "lunch": 1,
            "scenes": [
                {
                    "consumingTime": "",
                    "description": "",
                    "name": ""
                }
            ],
            "scheduleTraffics": [
                {
                    "arrivalTime": "",
                    "departure": "",
                    "departureTime": "",
                    "destination": "",
                    "trafficType": ""
                }
            ],
            "title": "利斯特维扬卡小镇/奥利洪岛/胡日耳小镇",
            "tripDay": 4
        },
        {
            "breakfast": 1,
            "content": "酒店早餐后乘坐越野车前往奥利洪岛最北端【合波角】，沿途中经过哈兰茨、鳄鱼岛、人脸山、三兄弟山，抵 达最北端合波角，越野巴士奔驰在一望无际的冰面上，感受从未有的浩瀚感觉！（视天气情况而定，若是天气够冷， 越野车将开近冰面）体验冰上伏特加。午餐野炊后返回胡日耳小镇，入住酒店休息。夜晚可自由选择去拍冰上星空。 温馨提示：一般 1-3 月，越野车能开到结冰湖面，但是每年的结冰期会不同，因此，能否开到冰上，要看每个 批次的具体天气情况 ，如果冰面厚度不够，将乘坐气垫船上岛。",
            "dinner": 1,
            "hotels": [
                {
                    "name": "",
                    "star": ""
                }
            ],
            "lunch": 1,
            "scenes": [
                {
                    "consumingTime": "",
                    "description": "",
                    "name": ""
                }
            ],
            "scheduleTraffics": [
                {
                    "arrivalTime": "",
                    "departure": "",
                    "departureTime": "",
                    "destination": "",
                    "trafficType": ""
                }
            ],
            "title": "胡日耳小镇/北线",
            "tripDay": 5
        },
        {
            "breakfast": 1,
            "content": "清晨可自行在酒店附近观赏日出，早餐后探秘风情万种的【奥利洪岛南线】。换乘岛上特有的俄罗斯汽车前往 位于奥利洪岛南端的小海（约 3.5 小时），欣赏与北线截然不同的湖岸风光。流连在贝加尔湖梦幻冰景世界中，尽 情拍摄冰裂、气泡冰、冰柱以及冰乳洞等奇特景观。途中会路过独立的小岛，这里是岛上信奉萨满教信徒的祈福地， 小岛中心伫立着一个小型佛塔，四周随风飘舞的彩色祈福带，给岛上又增添了一丝神秘色彩。行程结束后返回胡日 尔小镇，晚餐后入住酒店休息。 温馨提示：冰乳洞等冰雪为自然景观，景观效果受当年温度、光照等影响，以实际观赏效果为准。冬季如果冰 面坚固，当地汽车通过冰面上岛，如果冰面厚度不够，将乘坐气垫船上岛。",
            "dinner": 1,
            "hotels": [
                {
                    "name": "",
                    "star": ""
                }
            ],
            "lunch": 1,
            "scenes": [
                {
                    "consumingTime": "",
                    "description": "",
                    "name": ""
                },
                {
                    "name": "",
                    "description": "",
                    "consumingTime": ""
                }
            ],
            "scheduleTraffics": [
                {
                    "arrivalTime": "",
                    "departure": "",
                    "departureTime": "",
                    "destination": "",
                    "trafficType": ""
                }
            ],
            "title": "胡日耳小镇/南线",
            "tripDay": 6
        },
        {
            "breakfast": 1,
            "content": "清晨可自行前往萨满石、萨满柱拍摄日出。酒店早餐后返回伊尔库茨克市内，一路上欣赏美丽的雾凇，被积雪 覆盖的草原，沿途中品尝布里亚特特色餐。伊尔库茨克地标建筑【欧洲之家】（外观不少于 15 分钟）伊尔库茨克建 筑历史名胜，建于 19 世纪，目前保留的是 1905 年修善后的样子，最具特色的是木雕刻花边装饰，又叫“花边房 子”，是伊尔库茨克的旅游名片。参观【苏卡乔夫庄园】（入内不少于 30 分钟）始建于 1882 年。这里曾经是伊尔 库茨克文化与精神中心，学者、作家、画家、音乐家及戏剧家的聚集地，它的主人是市长苏卡乔夫，著名的慈善家、 科学与艺术的赞助人及伊尔库茨克美术馆的奠基人。晚餐后入住酒店休息。",
            "dinner": 1,
            "hotels": [
                {
                    "name": "",
                    "star": "四星"
                }
            ],
            "lunch": 1,
            "scenes": [
                {
                    "consumingTime": "",
                    "description": "",
                    "name": ""
                }
            ],
            "scheduleTraffics": [
                {
                    "arrivalTime": "",
                    "departure": "",
                    "departureTime": "",
                    "destination": "",
                    "trafficType": ""
                }
            ],
            "title": "胡日耳小镇/伊尔库茨克",
            "tripDay": 7
        },
        {
            "breakfast": 1,
            "content": "早餐后参观伊尔库茨克中心，观览城市 350 多年的历史遗迹。游览【基洛夫广场】（不少于 30 分钟）。外观【政 府大楼】（外观不少于 15 分钟）及【波兰天主堂】（外观不少于 20 分钟）。参观伊尔库茨克两个最古老的石头建筑 【救主教堂（斯帕斯克教堂）】（外观不少于 30 分钟）和【主显节大教堂（博戈亚夫列涅大教堂）】（外观不少于 30 分钟）。逛逛当地人最喜欢的地区【爱情桥】（不少于 15 分钟）和【安加拉河边】（不少于 15 分钟）。游览【伯哈 伯夫先生纪念碑】（外观不少于 15 分钟）。参观【姿娜明斯克修道院】（入内不少于 30 分钟）是东西伯利亚地区 唯一的东正教女子修道院，也是该地区最古老的修道院之一。参观【喀山圣母大教堂】（入内不少于 30 分钟） 是 一座东正教教堂，也是伊尔库茨克最华美的教堂，有着童话般的红墙圆顶，里面像宫殿一样辉煌。1975 年，喀山 圣母大教堂被俄罗斯联邦政府认定为重点文物保护单位。 前往【爱国者射击俱乐部】（每人 20 发子弹）体验实弹 射击的激情。晚餐享用格鲁吉亚餐。行程结束后前往机场办理登机手续，后搭乘国际航班飞往北京。",
            "dinner": 1,
            "hotels": [
                {
                    "name": "",
                    "star": ""
                }
            ],
            "lunch": 1,
            "scenes": [
                {
                    "consumingTime": "",
                    "description": "",
                    "name": ""
                }
            ],
            "scheduleTraffics": [
                {
                    "arrivalTime": "02:05",
                    "departure": "伊尔库茨克",
                    "departureTime": "23:05",
                    "destination": "北京",
                    "trafficType": "飞机"
                }
            ],
            "title": "伊尔库茨- 北京",
            "tripDay": 8
        },
        {
            "breakfast": 0,
            "content": "当天抵达北京，结束愉快旅程！",
            "dinner": 0,
            "hotels": [
                {
                    "name": "",
                    "star": ""
                }
            ],
            "lunch": 0,
            "scenes": [
                {
                    "consumingTime": "",
                    "description": "",
                    "name": ""
                }
            ],
            "scheduleTraffics": [
                {
                    "arrivalTime": "",
                    "departure": "",
                    "departureTime": "",
                    "destination": "",
                    "trafficType": ""
                }
            ],
            "title": "北京",
            "tripDay": 9
        }
    ]
}