{
    "product": {
        "childAgeBegin": "0",
        "childAgeEnd": "6",
        "childHasBed": 0,
        "childHasTraffic": 0,
        "childHeightBegin": "",
        "childHeightEnd": "",
        "childRule": "",
        "departureCityName": "北京",
        "departureCountryName": "中国",
        "departureProvinceNam": "",
        "dests": [
            {
                "countryName": "",
                "destCityName": "",
                "destProvinceName": ""
            }
        ],
        "insurance": [
            {
                "content": "",
                "name": "境外旅行医疗及紧急救援保险》",
                "typeName": ""
            }
        ],
        "insuranceIncluded": 1,
        "markets": [
            {
                "name": "臻品欧洲"
            }
        ],
        "productSubtitle": "波西米亚狂想曲",
        "productTitle": "东欧小巴尔干世界遗产之旅 克罗地亚+奥捷斯匈+塞尔维亚+波黑+斯洛文尼亚8国14天",
        "returnCityName": "北京",
        "tags": [
            {
                "name": "世界遗产之旅"
            }
        ],
        "themes": [
            {
                "name": "东欧"
            }
        ]
    },
    "line": {
        "backAirports": [
            {
                "airlineCode": "HU",
                "airlineName": "中国国际航空公司",
                "arriveAirportName": "PEK",
                "arriveTime": "05:20",
                "days": "+1",
                "flightNo": "HU7938",
                "flightSort": "",
                "startAirportName": "PRG",
                "startTime": "14:00"
            }
        ],
        "backTransportName": "飞机",
        "goAirports": [
            {
                "airlineCode": "HU",
                "airlineName": "中国国际航空公司",
                "arriveAirportName": "PRG",
                "arriveTime": "06:45",
                "days": "0",
                "flightNo": "HU7937",
                "flightSort": "",
                "startAirportName": "PEK",
                "startTime": "02:50"
            }
        ],
        "goTransportName": "",
        "hotelStarName": "四星",
        "lineFeature": "",
        "lineSimpleTitle": "",
        "lineSortTitle": "",
        "lineTitle": "",
        "needVisa": 1,
        "passCities": [
            {
                "cityName": "",
                "countryName": "",
                "provinceName": ""
            }
        ],
        "tripDays": "14",
        "tripNight": "11",
        "visaBasic": {
            "postAddress": "",
            "postContact": "",
            "postPhone": "",
            "visas": [
                {
                    "content": "",
                    "country": "",
                    "district": "",
                    "freeVisa": "0",
                    "signPlace": ""
                }
            ]
        }
    },
    "cal": {
        "channelPut": [
            {
                "adultSalePrice": "",
                "childSalePrice": "",
                "sellRemark": ""
            }
        ],
        "departDate": [
            ""
        ]
    },
    "cost": {
        "bookRule": "",
        "costExclude": "1. 护照办理费； 2. 未成年人及特殊人群公证、认证费用； 3. 签证录指纹所产生的交通食宿费由客人自理； 4. 团费报价以双人间核算，欢迎您结伴参加。若单 数报名，须酌收全程单人间差价 120 欧元/人/ 晚（备注：自然分房不保证夫妻同房、成年子 女与父母同方）；（补单人间差价所入住房型, 为单人间，若要求入住大床房或者标间，则需 要再增加费用(具体请咨询您报名社),我们协助 您与同性团友拼房为第一原则，特殊情况有可 能同家属或兄妹等情况的异性拼房。如出现单 男单女还有可能轮流拆分夫妻，敬请配合。若 能顺利拼房，则免收单方差。如不能，我司保留收取单方差的权利。请知晓。 5. 各项私人额外费用，如洗衣、理发、电话、饮料、 付费电视、行李搬运等； 6. 行李海关课税，超重行李费、航空保险费等； 7. 行程包含内容外的所有观光项目和自费活动（包 括这些活动的用车，司机，导游费用等）",
        "costInclude": "1. 往返国际团队经济舱机票（含税）； 2. 团队签证费； 3. 全程欧洲甄选四星级酒店双人标准间住宿，升级一 晚五星酒店（含欧陆式早餐）； 4. 行程所列顿午晚正餐：11 顿正餐 中式 6 菜 1 汤， 包含 5 大特色餐：维也纳炸猪排餐&塞尔维亚烤肉 餐&斯普利特鳟鱼餐&克罗地亚海鲜餐&克罗地亚 烤乳猪餐，包含（用餐时间在飞机或船上以机船餐 为准，不再另退餐费 5. 全程游览大巴； 6. 中文优秀领队服务； 7. 意外险（最高限额人民币 30 万）如果您在旅途中 有任何不适或发生医疗事故而产生医疗服务，请您务必保管好医院的诊断证明、处方、发票原件等相 关单据，以便回国后向保险公司索赔。长途飞行＋ 境外比较奔波。80 岁以上的老人不收。70-79 岁 请根据自己身体状况参团，需要提供以下材料：1. 家属陪同2.健康证明3.签署免责书4.建议购买高额 保险，特殊情况单独详询！ 8. 全程酒店税 9. 含境外司机和导游服务费：",
        "lineReturns": [
            {
                "begin": "",
                "cost": "",
                "end": ""
            }
        ],
        "otherRule": "",
        "returnContent": "1. 一旦成功报名后或成功留位后，我公司即会为签证做准备，确认后进行机票留位及地接社确认酒店留房，并 准备机票预定单及酒店订单；因此，无论此时送签与否，客人退团我司收取机票及酒店定金损失；此时客 人可换人而不产生损失。 2. 送签后任何情况取消，损失全款！可根据实际情况退还为支付的餐费和部分可退的门票费用！ *特别说明： 旅游者拒签导致无法出行，只收取拒签费用，但送签后因旅游者未按照领馆约定时间按指纹而导致的拒签，收 取订金损失",
        "selfCostContent": "",
        "selfCosts": [
            {
                "address": "",
                "fee": "",
                "name": "",
                "remark": "",
                "stay": ""
            }
        ],
        "shopContent": "",
        "shops": [
            {
                "address": "",
                "remark": "",
                "shopName": "",
                "shopProduct": "",
                "stay": ""
            }
        ],
        "tipsContent": "1. 某些免税商店支持现场退税，但仍需要机场海关盖章，并且将退税单投入专用退税邮筒； 2. 买到商品后，请认真检查，跨境退换货手续十分繁复； 3. 购物属个人行为，若因特殊原因造成无法退税，旅行社不承担相关退税和赔偿责任； 4. 海关盖退税章时有可能抽查退税商品，因此退税前，勿将商品托运； 5. 请您妥善保管好全部购物凭证和税单，一旦破损或丢失将无法补办； 6. 合理选择退税方式以便给回程航班值机和乘机留出足够的时间； 7. 邮寄税单之前先将税单拍照留底。"
    },
    "trips": [
        {
            "breakfast": 0,
            "content": "提前 4 小时抵达北京首都国际机场集合，随后乘机前往目的地，抵达后精彩的旅程就要开始了… 行程说明：因出境手续繁杂，为确保您的顺利登机，请务必于出发前 4 小时准时到达指定地点统一集合",
            "dinner": 0,
            "hotels": [
                {
                    "name": "",
                    "star": ""
                }
            ],
            "lunch": 0,
            "scenes": [
                {
                    "consumingTime": "",
                    "description": "",
                    "name": ""
                }
            ],
            "scheduleTraffics": [
                {
                    "arrivalTime": "",
                    "departure": "",
                    "departureTime": "",
                    "destination": "",
                    "trafficType": ""
                }
            ],
            "title": "北京首都国际机场集合",
            "tripDay": 1
        },
        {
            "breakfast": 0,
            "content": "飞机抵达后，开始我们浪漫的欧洲之旅",
            "dinner": 1,
            "hotels": [
                {
                    "name": "",
                    "star": "四星"
                }
            ],
            "lunch": 0,
            "scenes": [
                {
                    "consumingTime": "",
                    "description": "维也纳是奥地利首都，以“音乐之都”闻名遐迩。这里建有众多的音乐厅、歌剧院，是诸如 舒伯特、老约翰•施特劳斯、小约翰•施特劳斯等音乐大师的故乡。在维也纳听一场音乐会成为很多人来 到这里的初衷。维也纳长期作为奥地利帝国的首都，众多的宫殿宅邸和博物馆体现着这座城市深厚的文 化底蕴，游客们在参观古老建筑和精美展览的同时，也是深入了解奥地利的过程",
                    "name": "维也纳"
                },
                {
                    "name": "美泉宫",
                    "description": "它曾是神圣罗马帝国、奥地利帝国、奥匈帝国和 哈布斯堡王朝家族的皇宫， 同时也是茜茜公主的最爱，传说 1612 年神圣罗马帝国皇帝马蒂亚斯狩猎于此，饮用此处泉水，清爽甘 洌，遂命此泉为“美泉”，此后“美泉”成为这一地区的名称。美泉宫及其花园在 1996 年被联合国教 科文组织列入《世界文化遗产名录》",
                    "consumingTime": ""
                },
                {
                    "name": "金色大厅",
                    "description": "令全世界多少音乐爱好者神往，其辉煌震撼的建筑风格和华丽璀璨的音响效果使 其无愧于金色的美称，可谓是世界上音响效果最出色的音乐厅",
                    "consumingTime": ""
                },
                {
                    "name": "霍夫堡宫",
                    "description": "霍夫堡宫位于维也纳市中心，这片壮观的建筑群从 13 世纪开始就是哈布斯堡皇 室的居住地。霍夫堡宫从 13 世纪起不断被皇室扩建，形成了现在我们看到的富丽雄伟的皇宫建筑群， 好似一座城中之城",
                    "consumingTime": ""
                },
                {
                    "name": "国立歌剧院",
                    "description": "国家歌剧院是世界上数一数二的大型歌剧院，是以音乐之都享誉世界的维 也纳的主要象征，素有“世界歌剧中心”之称。有很多知名的作曲家、指挥家和舞蹈家在此演出",
                    "consumingTime": ""
                },
                {
                    "name": "维也纳中央咖啡馆",
                    "description": "前往维也纳中央咖啡馆，中央咖啡馆自 1876 年开业以来，一直是伟大诗人、思 想家、音乐家以及风云人物的重要聚会场所。哥特式的穹顶、流线形拱墙、大理石柱子和具胡年代感的 家具，都衬托了它作为维也纳受欢迎咖啡馆的优雅气质",
                    "consumingTime": ""
                }
            ],
            "scheduleTraffics": [
                {
                    "arrivalTime": "",
                    "departure": "",
                    "departureTime": "",
                    "destination": "",
                    "trafficType": ""
                }
            ],
            "title": "北京 - 布拉格 293KM- 维也纳 82KM- 布拉迪斯拉发",
            "tripDay": 2
        },
        {
            "breakfast": 1,
            "content": "",
            "dinner": 0,
            "hotels": [
                {
                    "name": "",
                    "star": "四星"
                }
            ],
            "lunch": 1,
            "scenes": [
                {
                    "consumingTime": "",
                    "description": "布拉迪斯拉发在小喀尔巴阡山麓，多瑙河畔，位于斯洛伐克和奥地利、匈牙利接壤处， 该市是哈布斯堡王朝统治下匈牙利王国的首都。布拉迪斯拉发拥有许多斯洛伐克人、匈牙利人和德意志 的历史人物，19 世纪的斯洛伐克民族运动也以此为基地",
                    "name": "布拉迪斯拉发"
                },
                {
                    "name": "布拉迪斯拉发老城",
                    "description": "布拉迪斯拉发老城的古代建筑保存得非常完好，一座座饱经沧桑的历史遗迹都在 对人们无声地讲述着它们经历过的时光与故事。在这里随处可见富有创意的店铺招牌和街头雕塑，还有 扮成雕像的形形色色的街头艺术家",
                    "consumingTime": ""
                },
                {
                    "name": "罗兰喷泉",
                    "description": "位于布拉迪斯拉发市老城中央广场上的罗兰喷泉，修建于大约 1572 年，当时作为一种老 式的消防设备，附近有拿破仑士兵雕像和法国大使馆。喷泉周边在傍晚十分会有灯光衬托，所以晚上来 这里观赏，效果更好",
                    "consumingTime": ""
                },
                {
                    "name": "布达佩斯",
                    "description": "布达佩斯是匈牙利首都，是由多瑙河两岸的城市布达和佩斯合并而成。这里有多彩浪漫的 多瑙河贯穿着整座城市，这里有数不清的中世纪建筑矗立在河畔。如果你厌倦了那些喧嚣拥挤的大都市， 那么来到布达佩斯这座静谧的中欧都城一定会让你流连忘返",
                    "consumingTime": ""
                },
                {
                    "name": "匈牙利国会大厦",
                    "description": "匈牙利国会大厦建于 20 世纪初，是匈牙利宏伟庄严的建筑之一，也是布达 佩斯的标志，具有典型新哥特式风格。大厦姿态伟岸，有两座用白石建筑的镂空高塔，内部随处可见匈 牙利历史名人的肖像以及描绘匈牙利历史事件的巨幅壁画",
                    "consumingTime": ""
                },
                {
                    "name": "链子桥",
                    "description": "链子桥又称塞切尼大桥，因其赞助人而得名，后又因铁链牵引的建造方式而被人们俗称为链 子桥。这是一座横跨多瑙河，连接布达城与佩斯城的大桥，也是城市合并后的象征和地标。桥身以锁链 为骨架，桥面两侧设有人行走道，中间可通行车辆",
                    "consumingTime": ""
                },
                {
                    "name": "英雄广场",
                    "description": "英雄广场位于布达佩斯东北部安德拉什大街的末端，是布达佩斯比较宏伟的建筑群之一， 有比较高的历史、艺术价值。英雄广场是为庆祝匈牙利建国 1000 周年而建，是来纪念经战争浩劫的匈 牙利人民和民族英雄，每逢重大节日英雄广场都会有盛大的庆祝仪式",
                    "consumingTime": ""
                },
                {
                    "name": "布达皇宫",
                    "description": "布达皇宫位于城堡山上，是布达佩斯的地标性建筑之一，曾是匈牙利王室的居室 所在。布达皇宫正门前的观景露台，是眺望匈牙利国会大厦、链子桥和多瑙河美景的好地方，夕阳西下， 华灯初上时的景致更是不容错过。目前皇宫中心部分已改为布达佩斯历史博物馆、国家图书馆和国家画 廊",
                    "consumingTime": ""
                },
                {
                    "name": "布达佩斯中央大市场",
                    "description": "这座标志性建筑建于 1897 年，这里是充满活力的匈牙利文化、历史和美食中 心，在市场可以发现各种各样的当地产品，从新鲜农产品和肉类到传统手工艺品和纪念品应有尽有",
                    "consumingTime": ""
                },
                {
                    "name": "渔人堡",
                    "description": "新哥德式和混合新罗马式建筑，位于布达佩斯城堡山东面， 因建在中世纪的渔市场和渔村的遗址上而得其名。外观雪白柔美，塔楼高耸，造型别具一格。观景台可 以远眺多瑙河、国会大厦等城市美景",
                    "consumingTime": "游览时间约 1.5 小时"
                },
                {
                    "name": "多瑙河游船",
                    "description": "蓝色多瑙河堪称是布达佩斯的灵魂，城内的著名景观建筑，几乎都聚集在河两 岸，巍峨的巴洛克式王宫，悠久的神秘教堂，高耸的国会大厦，象征七个部落的渔人堡，还有茜茜公主 钟爱的歌剧院，无论白天还是晚上，你都可以感受到布达佩斯的不同风情",
                    "consumingTime": ""
                }
            ],
            "scheduleTraffics": [
                {
                    "arrivalTime": "",
                    "departure": "",
                    "departureTime": "",
                    "destination": "",
                    "trafficType": ""
                }
            ],
            "title": "布拉迪斯拉发 194KM - 布达佩斯",
            "tripDay": 3
        },
        {
            "breakfast": 1,
            "content": "",
            "dinner": 0,
            "hotels": [
                {
                    "name": "",
                    "star": "四星"
                }
            ],
            "lunch": 1,
            "scenes": [
                {
                    "consumingTime": "",
                    "description": "这个欧洲小镇还拥有一个很有中国味道的名字叫“山丹丹”，蔡依林《马德里不思议》 mv 的取景地。小镇古色古香的小巷、圆石铺成的小道以及风情万种的咖啡馆和小店构成了圣安德烈优 雅浪漫的街景，漫步在街巷间仿佛回到了十八世纪，这份穿越时空的古朴让久居都市的人们感受到了一 份难得的闲适和安宁。蜿蜒的街道从中心广场延伸出去，沿路分布着诸多巴洛克式建筑、博物馆、画廊、 餐馆、咖啡馆和纪念品商店",
                    "name": "圣安德烈"
                },
                {
                    "name": "维谢格拉德",
                    "description": "处于多瑙河湾的心脏地区，地势险峻，历史上曾是重要的战略要塞和防御隘口。",
                    "consumingTime": ""
                },
                {
                    "name": "埃斯泰尔戈姆",
                    "description": "多瑙河湾四座秀美小镇之一，匈牙利历史上第一座都城，迄今仍为匈牙利的宗教中心。 匈牙利第一任国王圣伊斯特万 975 年在这里出生，1000 年被罗马教皇加冕为国王后定都于此，并将这 里作为天主教中心",
                    "consumingTime": ""
                },
                {
                    "name": "塞格德",
                    "description": "匈牙利的第四大城市，琼格拉德州的首府，匈牙利东南部的中心城市。由于长时间有阳光， 所以又被称为“阳光之城",
                    "consumingTime": ""
                }
            ],
            "scheduleTraffics": [
                {
                    "arrivalTime": "",
                    "departure": "",
                    "departureTime": "",
                    "destination": "",
                    "trafficType": ""
                }
            ],
            "title": "布达佩斯 22KM - 多瑙河三镇 207KM - 塞格德",
            "tripDay": 4
        },
        {
            "breakfast": 1,
            "content": "",
            "dinner": 1,
            "hotels": [
                {
                    "name": "",
                    "star": "四星"
                }
            ],
            "lunch": 0,
            "scenes": [
                {
                    "consumingTime": "",
                    "description": "又名莱克宫，具代表性的新艺术风格的建筑，是塞格德的艺术瑰宝，建于 1907 年。莱克宫楼体以珍珠色为主色调，点缀有紫罗兰色的花朵，看上去纯净美好",
                    "name": "塞格德会堂"
                },
                {
                    "name": "大教堂广场",
                    "description": "建筑师 BelaRerrich 创造出了一种由拱廊建筑环绕三边的广场，今天这三个边的建筑已 作大学、官邸和神学院之用。沿着广场周围的拱廊，有一连串人像和浮雕，匈牙利历史上著名的人物都 在这里，供后人瞻仰，著名诗人裴多菲、音乐家李斯特等均位列其中",
                    "consumingTime": ""
                },
                {
                    "name": "贝尔格莱德",
                    "description": "位于萨瓦河和多瑙河之间的丘陵中，地势险要，易守难攻，是理想的防御 要塞。然而问题是，这样的地形往往会吸引敌人的注意力，在建成 2300 年的历史中，贝尔格莱德就曾 经被摧毁和重建 40 余次。在这些堡垒后面坐落着贝尔格莱德旧城，城内不规则地分布着上两个世纪的 建筑。这些建筑演化为咖啡馆、服饰店、酒吧和饭店，在这种环境中游走，喝喝咖啡，逛逛商店，十分 惬意",
                    "consumingTime": ""
                },
                {
                    "name": "圣萨瓦大教堂",
                    "description": "Sveti Sava 大教堂是世界上迄今为止最大的东正教教堂，至今仍未完全建成。 教堂始建于 1935 年，于希特勒统治时期中断，共产党执政时期也未能继续建造。进去逛一逛，可以让 你感受到在大圆屋顶下是多么渺小",
                    "consumingTime": ""
                },
                {
                    "name": "卡莱梅格丹城堡",
                    "description": "位于萨瓦河和多瑙河汇流处的古城堡“卡莱梅格丹”是城史的最好见证， 也是贝尔格莱德标志性的游览景点与休闲场所。该城堡历史上曾经过多次修缮和扩建，至今仍可见古罗 马、奥匈帝国的建筑遗风，但目前所存大部分遗址则主要是土耳其统治时期修建的。由巨大的石块组成, 自凯尔特人统治时代就是军事重地",
                    "consumingTime": ""
                },
                {
                    "name": "南斯拉夫历史博物馆",
                    "description": "整个博物馆由三部分组成，“5 月 25 日”博物馆，老博物馆 和铁托墓。因为铁托生日是 5 月 25 日，所以主博物馆被命名为“May 25th”；由于铁托生前酷爱养花, 因此在他去世后就将他的遗体埋葬在花房中，因此铁托元帅墓别名花房,这位一代伟人的安眠之地，是一 座白色大理石砌成的长方形陵墓；老博物馆中收藏着许多昔日铁托的同志和前来参观南斯拉夫人赠送的 礼物。",
                    "consumingTime": ""
                }
            ],
            "scheduleTraffics": [
                {
                    "arrivalTime": "",
                    "departure": "",
                    "departureTime": "",
                    "destination": "",
                    "trafficType": ""
                }
            ],
            "title": "塞格德 220KM - 贝尔格莱德",
            "tripDay": 5
        },
        {
            "breakfast": 1,
            "content": "【萨拉热窝】萨拉热窝(Sarajevo)为波斯尼亚-黑塞哥维那的首都和经济、文化中心。在中部萨瓦河支流 博斯纳河上游附近。群山环抱，风景秀丽的古城。旧市区中心以产东方特色的铜、银手工艺品著名。设 有大学、科学院、博物馆等。市中心保存土耳其时代的旧建筑。城郊有帕莱、伊利扎疗养地【走访老城 经典景点】 第一次世界大战爆发地【拉丁桥】，【巴什查尔西亚老城】，【胡色贝 雷清真寺】（外观） 电影桥段【撒哈特库拉钟楼】（外观）以及【黄堡】 ★【萨拉热窝大清真寺（入内）】建于 16 世纪，由波斯尼亚第二任奥斯曼总督加齐-胡色雷贝修建，寺 中有陵墓，波斯尼亚历史上多位伟大人物长眠于此。",
            "dinner": 0,
            "hotels": [
                {
                    "name": "",
                    "star": "四星"
                }
            ],
            "lunch": 1,
            "scenes": [
                {
                    "consumingTime": "",
                    "description": "追忆“南斯拉夫”，步行穿过一段萨拉热窝战争期间最危险的隧道也就 是萨拉热窝战争隧道，感受战争时代的残酷，一切令人唏嘘。（游览时间不少于 30 分钟，入内参观）； 黄堡，以前是奥斯曼帝国时期的防御工事，用粗糙的石头建造成不规则的八边形。在 1883 年和 1903 年两次修理，这上面的小山坡还有中国人民更为熟悉的一个场景：电影《瓦尔特保卫萨拉热窝》，最 后德国军官在一个山坡上说：“Sehen Sie diese Stadt? Das ist Walter ” 这里就是军官俯瞰全城的 那个山坡，站在这里能欣赏萨拉热窝市景和下方大片的白色的墓地，景象极为壮观",
                    "name": "战争隧道博物馆"
                }
            ],
            "scheduleTraffics": [
                {
                    "arrivalTime": "",
                    "departure": "",
                    "departureTime": "",
                    "destination": "",
                    "trafficType": ""
                }
            ],
            "title": "贝尔格莱德 300KM - 萨拉热窝",
            "tripDay": 6
        },
        {
            "breakfast": 1,
            "content": "特别安排码头乘游船环游古城，只见建在海边悬崖上的城墙和城堡巍然傲立，层层叠叠的红瓦古建筑被 城墙拥入怀中，蔚蓝的天空下，湛蓝的海一望无际，依山傍海的古城完好地保留着中世纪古城的风貌，沧 桑古朴，气势恢宏而又风情万种，处处散发出地中海古城的魅力。",
            "dinner": 0,
            "hotels": [
                {
                    "name": "",
                    "star": "四星"
                }
            ],
            "lunch": 1,
            "scenes": [
                {
                    "consumingTime": "",
                    "description": "古名“拉古萨”，克罗地亚东南部港口城市，依山傍海，风景优美，是欧洲中世纪建 筑保存比较完好的一座城市，有“城市博物馆”的美称",
                    "name": "杜布罗夫尼克"
                },
                {
                    "name": "杜布罗夫尼克大教堂",
                    "description": "是一座典型的巴洛克式建筑,又名圣母升天大教堂,建筑外观极为 宏伟, 很远就能看见它那高耸的圆顶,同时它也是杜布老城的地标建筑之一",
                    "consumingTime": ""
                },
                {
                    "name": "派勒城门 Pile Gate",
                    "description": "建于 1537 年,是连接杜布罗夫尼克和派勒港口的主要入口之一 【杜布罗夫尼克城墙】(外观)，沉浸式的感受一下《权力的游戏》中的君临城",
                    "consumingTime": ""
                },
                {
                    "name": "莫斯塔尔",
                    "description": "光旖旎的波黑中世纪小城，老城中的清真寺及土耳其时期的房子。由圆形鹅石铺砌而成的 古城库君斯鲁克在老桥的两侧延伸开来，古城内满是当地工艺品店铺和当地民族的美食店，不时飘来当 地美食的香气。古城的建筑上还留有弹痕，记录着当时战争的残酷，也警醒着人们珍惜和平生活来之不 易",
                    "consumingTime": ""
                },
                {
                    "name": "古莫斯塔尔桥",
                    "description": "老桥有 427 年历史，横跨美丽的奈莱特瓦河。是波黑乃至巴尔干地区最著名景点之一， 被列入世界文化遗产",
                    "consumingTime": ""
                }
            ],
            "scheduleTraffics": [
                {
                    "arrivalTime": "",
                    "departure": "",
                    "departureTime": "",
                    "destination": "",
                    "trafficType": ""
                }
            ],
            "title": "萨拉热窝 236KM - 杜布罗夫尼克 131KM - 莫斯塔尔",
            "tripDay": 7
        },
        {
            "breakfast": 1,
            "content": "乘车前往斯普利特 漫步于斯普利特老城，游览 15 世纪威尼斯人建造的哥特式老市政厅。 【戴克里先宫】(入内) 这里是在达尔马提亚出生的罗马皇帝戴克里先的养老之地，建于公元 305 年。这 里既保有它的原始特色又不可避免地纳入了后时代发展的新元素。埃及运来的石柱，精美的雕刻、壮丽 的柱廊等,皆充分显现出 帝政时期的宫廷气派，罗马帝国皇宫的绝代风华。 午餐：鳟鱼餐 下午：乘车前往有着海风琴之称的城市---扎达尔 市区游览。走进狮门城墙,漫步在市政广场上，感受这里最奇妙的特色建筑海风琴 ，有一直铺到海里的大 理石台阶，台阶下面有许多的管子和雕刻的空腔，使得海水和海风可以在此奏出持续不断的和谐音符。 它发出的声音有像牧笛和鲸歌的 混合音。边上另一个公共艺术品“向太阳致敬”， 一个巨大圆盘白天 吸收太阳能，夜晚能够发射出五颜六色的有催眠作用的光束，如梦似幻",
            "dinner": 0,
            "hotels": [
                {
                    "name": "",
                    "star": "四星"
                }
            ],
            "lunch": 1,
            "scenes": [
                {
                    "consumingTime": "",
                    "description": "这里是在达尔马提亚出生的罗马皇帝戴克里先的养老之地，建于公元 305 年。这 里既保有它的原始特色又不可避免地纳入了后时代发展的新元素。埃及运来的石柱，精美的雕刻、壮丽 的柱廊等,皆充分显现出 帝政时期的宫廷气派，罗马帝国皇宫的绝代风华。",
                    "name": "戴克里先宫"
                }
            ],
            "scheduleTraffics": [
                {
                    "arrivalTime": "",
                    "departure": "",
                    "departureTime": "",
                    "destination": "",
                    "trafficType": ""
                }
            ],
            "title": "莫斯塔尔 145KM  斯普利特 134KM  扎达尔",
            "tripDay": 8
        },
        {
            "breakfast": 1,
            "content": "",
            "dinner": 1,
            "hotels": [
                {
                    "name": "",
                    "star": "四星"
                }
            ],
            "lunch": 0,
            "scenes": [
                {
                    "consumingTime": "",
                    "description": "又名普利特维采国家公园，公园建立于 1949 年千百年来，流动的水在石灰 石和白垩质的地形上不断钙华沉积，创造出 16 座水晶般的湖泊，点缀于密林山丘之间，瀑布和蜿蜒的水 道连接着彼此，草丛包围着湖泊，景致优雅，水如明镜，湖面遍布着各类珍惜鸟类，密林深处有熊在远 处窥伺",
                    "name": "十六湖国家公园"
                },
                {
                    "name": "萨格勒布",
                    "description": "克罗地亚的首都同时也是全国最大城市，坐落在萨瓦河畔谷地中的萨格勒布，是巴尔干半 岛，欧洲东南部重要的交通枢纽，是一座富于文化内涵的城市。是中欧历史名城，整个城市由教堂、市 政厅等古建筑组成的老城，广场、商业区、歌剧院组成的新区以及二战后发展起来的现代化市区三部分 组成，拥有多处著名景点，既是一个充满历史与文化的古城，又是一座展现勃勃生机的活力城市",
                    "consumingTime": ""
                },
                {
                    "name": "札格瑞布大教",
                    "description": "圣母升天大教堂俗称萨格勒布大教堂，是萨格勒布的地标建筑之一。教堂为哥特式 风格，在 1880 年的地震中被毁，后来于 1899 年重建。教堂内有着 13 世纪的壁画、文艺复兴时期的 靠背长椅、大理石祭坛和巴罗克风格的讲道坛。教堂是市民进行祈祷等活动的主要场",
                    "consumingTime": ""
                },
                {
                    "name": "圣马可教堂",
                    "description": "圣马可教堂位于克罗地亚萨格勒布，是一座哥特式风格建筑，里面陈列着罗地亚著名雕 塑家梅什特罗维奇的作品。教堂的屋顶是一大亮点，是用彩色瓦片装饰的，十分有个性。用马赛克砌成 的徽章，左边是克罗地亚几个大区的徽章，右边是萨格勒布市徽，非常适合拍照留念",
                    "consumingTime": ""
                }
            ],
            "scheduleTraffics": [
                {
                    "arrivalTime": "",
                    "departure": "",
                    "departureTime": "",
                    "destination": "",
                    "trafficType": ""
                }
            ],
            "title": "扎达尔 130KM - 普利特维采 149KM - 萨格勒布",
            "tripDay": 9
        },
        {
            "breakfast": 1,
            "content": "",
            "dinner": 0,
            "hotels": [
                {
                    "name": "",
                    "star": ""
                }
            ],
            "lunch": 1,
            "scenes": [
                {
                    "consumingTime": "",
                    "description": "拥有一个小巧而迷人的古老市中心、充满活力的街头咖啡文化。从卢布亚尔那城堡远眺， 美丽的市郊周边比较宁静，掩映在看起来仅有一步之遥的阿尔卑斯山高大的身影下。这里处处有着历史 的痕迹，述说着过往传奇故事，广场上的市集",
                    "name": "卢布尔雅那"
                },
                {
                    "name": "三桥",
                    "description": "三桥又称三重桥，得名于主桥和两侧的附桥。这座建于公元 13 世纪的人行桥是横跨 卢布尔雅那河上较古老的桥。1929 至 1932 年斯洛文尼亚民族的建筑师 Jože Plečnik 在原有石桥的基 础上添加了两侧的副桥而形成了今天的三重桥",
                    "consumingTime": ""
                },
                {
                    "name": "卢布尔雅那市政厅",
                    "description": "卢布尔雅那市政厅是卢布尔雅那市政府现在所在地，其主体建筑是建筑 大师 Peter Bezlaj 的作品，1719 年副楼被加盖到它的两侧。如今现市政厅设有四个展览大厅，主要展 示卢布尔雅那城市发展史，国际城际间合作等各类艺术展览",
                    "consumingTime": ""
                },
                {
                    "name": "城市广场",
                    "description": "这是卢布尔雅那的中心广场，广场不是很大，中间是建于 1751 年的巴洛克式的卡尼鄂拉 喷泉，方尖碑式的柱体底座上，雕塑着三组精美的大理石雕像。据说它们分别代表着斯洛文尼亚的三条 河流：萨瓦河（Sava)）、克尔卡河（Krka）和卢布尔雅那河广场旁的旧市政厅始建于 1718 年，是一 幢文艺复兴式的古建筑，如今里面被辟为雕塑博物馆，免费参观，除了古老的建筑和壁画（一副壁画正 是昔日卢布尔雅那的城市图）外，还陈列着不少充满想象的现代雕塑作品。而从城市广场继续前行，还 可去到建于 18 世纪的圣尼古拉大教堂，以及建于 1702 年的音乐厅",
                    "consumingTime": ""
                }
            ],
            "scheduleTraffics": [
                {
                    "arrivalTime": "",
                    "departure": "",
                    "departureTime": "",
                    "destination": "",
                    "trafficType": ""
                }
            ],
            "title": "萨格勒布 144KM - 卢布尔雅那 55KM - 布莱德湖",
            "tripDay": 10
        },
        {
            "breakfast": 1,
            "content": "特别安排乘船前往游览布莱德湖湖心小岛 湖四周葱绿的树林、明镜般的湖面、湖中给人梦幻般感觉的阿尔卑 斯山雪白的倒影，构成了布莱德湖迷人的自然风光，故人们称布莱德湖为“山上的眼睛”。",
            "dinner": 1,
            "hotels": [
                {
                    "name": "",
                    "star": "四星"
                }
            ],
            "lunch": 0,
            "scenes": [
                {
                    "consumingTime": "",
                    "description": "斯洛文尼亚著名的湖泊，更是斯洛文尼亚著名的度假圣地，被誉为全球美 的 30 个小镇之一。大约在 14000 年前由阿尔卑斯山脉的冰川地质移动而形成，故有“冰湖”之称，其景 色如同仙境一般，碧蓝的湖水和倒映在湖水中的青山，湖中小岛和岛上的教堂，湖畔峭壁上的布莱德城堡， 整个一个“人间仙境",
                    "name": "布莱德湖"
                },
                {
                    "name": "萨尔茨堡",
                    "description": "风光旖旎的巴洛克都市。萨尔茨堡是音乐天才莫扎特的出生地，莫扎特不到 36 年的短暂生命 中超过一半的岁月是在萨尔茨堡度过的",
                    "consumingTime": ""
                },
                {
                    "name": "莫扎特的故居",
                    "description": "位于萨尔茨堡老城 著名的步行街——“粮食胡同”，在这里追忆音乐天才的成长足迹。",
                    "consumingTime": ""
                },
                {
                    "name": "莫扎特广场",
                    "description": "众多游客聚集在此，这里可以听到从主教官邸传来的钟声，萨尔茨堡的筒钟乐是全世界有名",
                    "consumingTime": ""
                },
                {
                    "name": "萨尔茨堡大教堂",
                    "description": "坐落在老城区的中心地，是一座意大利风格的教堂。从 774 年 初的基础，历经一次次 的 扩建、翻新、大火损毁和重建",
                    "consumingTime": ""
                },
                {
                    "name": "主教宫广场",
                    "description": "是以巴洛克式大喷泉而闻名，是老城 大的广场，此广场亦在《音乐之声》的插曲《充满自信》 中出现过。",
                    "consumingTime": ""
                }
            ],
            "scheduleTraffics": [
                {
                    "arrivalTime": "",
                    "departure": "",
                    "departureTime": "",
                    "destination": "",
                    "trafficType": ""
                }
            ],
            "title": "布莱德湖 263KM  萨尔兹堡",
            "tripDay": 11
        },
        {
            "breakfast": 1,
            "content": "",
            "dinner": 1,
            "hotels": [
                {
                    "name": "",
                    "star": "四星"
                }
            ],
            "lunch": 0,
            "scenes": [
                {
                    "consumingTime": "",
                    "description": "又名 CK 小镇，（Cesky Krumlov）闻名于世界的美丽小镇之一，，于 1992 年被联合 国教科文组织列为世界文化遗产。伏尔他瓦河倒 S 型的河湾，将古城分为城堡区，下游谷地及旧城区 三部分。走进这座欧洲美丽的中古小城，时间仿佛停留在十八世纪，这充满中世纪迷人气息的小镇，白 墙、红瓦、石板路处处可见，令人陶醉其中。",
                    "name": "克罗姆鲁夫"
                },
                {
                    "name": "克罗姆鲁夫城堡",
                    "description": "克鲁姆洛夫城堡兴建于 1240 年，是捷克除布拉格城堡之外占地大的一个 古堡。整座城堡本身就是一幅绝美的画卷，气势磅礴，色泽艳丽，分为古堡、高塔、博物馆等几个部分。",
                    "consumingTime": ""
                },
                {
                    "name": "克罗姆鲁夫城堡花园",
                    "description": "克鲁姆洛夫城堡花园位于克鲁姆洛夫城堡骑术学校旧址上，巴洛克式的花园尽 头有一面湖水，仿若天山的湖水一样静谧祥和，是个休憩的好地方。据说，位于花园中央的瀑布喷泉， 有捷克美泉之称。",
                    "consumingTime": ""
                },
                {
                    "name": "斯沃诺斯基广场",
                    "description": "斯沃诺斯基广场是镇中心人气旺的地方，很多游客和本地人的集散中心，东南侧有 喷泉与纪念瘟疫死难者的圣像石柱，广场的右边是一个历史雕塑，这边的房子都是彩绘的，五颜六色， 非常赏心悦目",
                    "consumingTime": ""
                },
                {
                    "name": "布拉格",
                    "description": "漫步在捷克布拉格的街道上，仿佛时光流转至中世纪，抬头所及皆是历史悠久的教堂和建筑， 聆听着悠扬的乐声，进行一场文学、艺术、音乐和建筑之旅",
                    "consumingTime": ""
                },
                {
                    "name": "布拉格城堡区",
                    "description": ",建于 9 世纪，城堡于 1992 年被列入世界文化遗产目录。集教堂、宫殿和庭 院于一体，具有各个年代的多样风格，是布拉格最著名的建筑群，也是捷克的精神堡垒。在城堡山的观 景台俯瞰笼罩在色阳光下的布拉格，伏尔塔瓦河从城中穿过，高高低低的塔尖连城一片，整个城市金碧 辉煌、格外美丽",
                    "consumingTime": ""
                },
                {
                    "name": "黄金巷",
                    "description": "是布拉格城堡中有名的景点之一。原本是仆人工匠居住之处，后来聚集不少为国王 炼金的术士，因而有此名称。它虽然名为“黄金”，但并非由黄金打造，而是古时打造金器的工匠们居 住的地方；因聚集不少为国王炼金的术士，因而有此名称。",
                    "consumingTime": ""
                },
                {
                    "name": "布拉格老城广场",
                    "description": "布拉格老城广场建于大约 900 年前，位于瓦茨拉夫广场和查理大桥之间，也是整 座城市的心脏地带。广场周边建筑的风格多样，既有哥特式的提恩教堂，也有巴洛克风格的圣尼古拉斯 教堂。而旧市政厅外墙上的天文钟则是广场上的一大亮点，它每到整点都会报时，此刻天文钟上方的窗 户打开，钟声齐鸣，12 个圣像如走马灯似地一一在视窗出现，向簇拥在时钟下的人们鞠躬",
                    "consumingTime": ""
                },
                {
                    "name": "提恩教堂",
                    "description": "提恩教堂是布拉格内一座优美的高塔，始建于 1270 年，于 1380 年改建为哥特 式风格，屋顶则是于 1457 年完成。教堂正面是一对钟楼塔高耸如云，每个塔顶有 4 个尖顶，构成了“塔 中有塔”的奇妙景象。高塔的顶端装饰着纯金细长圆棒，远远看去如火焰一般。",
                    "consumingTime": ""
                },
                {
                    "name": "旧市政厅",
                    "description": "在旧城广场随处可见的古老的中世纪建筑群中，旧市政厅就是其中小有名气的一 座。这座哥特式建筑建于 1338 年，由于在二战中遭到战火摧残，所以如今人们看到的是它在战后经全 面整修后的容貌",
                    "consumingTime": ""
                },
                {
                    "name": "布拉格天文钟",
                    "description": "布拉格天文钟是一座中世纪天文钟，安装在布拉格老城广场的旧市政厅南墙上。这座 钟分为上下两座，精美别致而又颇具古韵，历经千年，至今仍然走时准确。",
                    "consumingTime": ""
                },
                {
                    "name": "查理大桥",
                    "description": "两旁矗立着颇富哲思的圣者雕像，桥上尽是街头艺术家，从绘画到雕塑、手 工饰品到现场演奏，包罗万象，难怪人潮络绎不绝",
                    "consumingTime": ""
                }
            ],
            "scheduleTraffics": [
                {
                    "arrivalTime": "",
                    "departure": "",
                    "departureTime": "",
                    "destination": "",
                    "trafficType": ""
                }
            ],
            "title": "萨尔兹堡 204KM -克罗姆鲁夫 174KM- 布拉格",
            "tripDay": 12
        },
        {
            "breakfast": 1,
            "content": "办理退房，我们将挥别这座可爱的城市，结束美妙的欧洲之旅。之后乘车前往机场办理退税及登机手续， 搭乘国际航空公司客机返回北京",
            "dinner": 0,
            "hotels": [
                {
                    "name": "",
                    "star": ""
                }
            ],
            "lunch": 0,
            "scenes": [
                {
                    "consumingTime": "",
                    "description": "",
                    "name": ""
                }
            ],
            "scheduleTraffics": [
                {
                    "arrivalTime": "05:20",
                    "departure": "布拉格",
                    "departureTime": "14:00",
                    "destination": "北京",
                    "trafficType": "飞机"
                }
            ],
            "title": "布拉格 北京",
            "tripDay": 13
        },
        {
            "breakfast": 0,
            "content": "今天安全抵达北京首都国际机场!到达北京首都国际机场后请将您的护照、登机牌交予领队，以便送入使馆进 行销签工作。根据使馆要求，部分客人可能会被通知前往使馆进行面试销签，为了在使馆为您留下良好的记录 便于您再次出国，请提前作好思想准备，谢谢您的配合！祝您愉快，并希望能够在以后再次为您服务。 关于消签：使馆规定，凡办理团队签证的旅客，回国后须立即把护照和登机牌交给导游用于注销签证（销签时 间正常情况为 1-2 周），谢谢您的配合，不及时销签将导致旅客被列入使馆黑名单，影响今后再次签证申请， 部分客人可能会被通知前往领馆进行面试销签，请提前做好思想准备，感谢您的配合！",
            "dinner": 0,
            "hotels": [
                {
                    "name": "",
                    "star": ""
                }
            ],
            "lunch": 0,
            "scenes": [
                {
                    "consumingTime": "",
                    "description": "",
                    "name": ""
                }
            ],
            "scheduleTraffics": [
                {
                    "arrivalTime": "",
                    "departure": "",
                    "departureTime": "",
                    "destination": "",
                    "trafficType": ""
                }
            ],
            "title": "北京",
            "tripDay": 14
        }
    ]
}